Component: ARM Compiler 5.06 update 5 (build 528) Tool: armlink [4d35e2]

==============================================================================

Section Cross References

    main.o(i.Delay) refers to main.o(.data) for LocalTime
    main.o(i.Time_Update) refers to main.o(.data) for LocalTime
    main.o(i.main) refers to cal_lms5xx.o(i.cal_par_init) for cal_par_init
    main.o(i.main) refers to tcp_echoclient.o(i.tcp_rec_fifo_init) for tcp_rec_fifo_init
    main.o(i.main) refers to misc.o(i.NVIC_PriorityGroupConfig) for NVIC_PriorityGroupConfig
    main.o(i.main) refers to usart_port.o(i.USART_Config) for USART_Config
    main.o(i.main) refers to at24cxx.o(i.AT24CXX_Init) for AT24CXX_Init
    main.o(i.main) refers to stm32f4x7_eth_bsp.o(i.ETH_BSP_Config) for ETH_BSP_Config
    main.o(i.main) refers to netconf.o(i.LwIP_Init) for LwIP_Init
    main.o(i.main) refers to gpio_port.o(i.di_flilter_init) for di_flilter_init
    main.o(i.main) refers to gpio_port.o(i.GPIO_In_Config) for GPIO_In_Config
    main.o(i.main) refers to gpio_port.o(i.GPIO_Out_Config) for GPIO_Out_Config
    main.o(i.main) refers to adc_port.o(i.ADC_Config) for ADC_Config
    main.o(i.main) refers to stm32f4xx_adc.o(i.ADC_SoftwareStartConv) for ADC_SoftwareStartConv
    main.o(i.main) refers to at24cxx.o(i.AT24CXX_Check) for AT24CXX_Check
    main.o(i.main) refers to at24cxx.o(i.AT24CXX_Read) for AT24CXX_Read
    main.o(i.main) refers to delay.o(i.delay_ms) for delay_ms
    main.o(i.main) refers to tcp_echoclient.o(i.tcp_echoclient_connect) for tcp_echoclient_connect
    main.o(i.main) refers to usart_port.o(i.usart1_receive) for usart1_receive
    main.o(i.main) refers to stm32f4x7_eth.o(i.ETH_CheckFrameReceived) for ETH_CheckFrameReceived
    main.o(i.main) refers to netconf.o(i.LwIP_Pkt_Handle) for LwIP_Pkt_Handle
    main.o(i.main) refers to netconf.o(i.LwIP_Periodic_Handle) for LwIP_Periodic_Handle
    main.o(i.main) refers to tcp_echoclient.o(.bss) for tcp_rec_fifo
    main.o(i.main) refers to main.o(.bss) for parameters
    main.o(i.main) refers to fault.o(.data) for fault_code
    main.o(i.main) refers to main.o(.data) for LocalTime
    stm32f4xx_it.o(i.EXTI15_10_IRQHandler) refers to stm32f4xx_exti.o(i.EXTI_GetITStatus) for EXTI_GetITStatus
    stm32f4xx_it.o(i.EXTI15_10_IRQHandler) refers to stm32f4x7_eth_bsp.o(i.Eth_Link_ITHandler) for Eth_Link_ITHandler
    stm32f4xx_it.o(i.EXTI15_10_IRQHandler) refers to stm32f4xx_exti.o(i.EXTI_ClearITPendingBit) for EXTI_ClearITPendingBit
    stm32f4xx_it.o(i.SysTick_Handler) refers to cal_lms5xx.o(i.deal_tcp_frame) for deal_tcp_frame
    stm32f4xx_it.o(i.SysTick_Handler) refers to gpio_port.o(i.read_di) for read_di
    stm32f4xx_it.o(i.SysTick_Handler) refers to main.o(i.Time_Update) for Time_Update
    stm32f4xx_it.o(i.SysTick_Handler) refers to sys_timer.o(.data) for sys_timer
    stm32f4xx_it.o(i.SysTick_Handler) refers to tcp_echoclient.o(.bss) for tcp_rec_fifo
    stm32f4xx_it.o(i.SysTick_Handler) refers to gpio_port.o(.bss) for di_value
    at24cxx.o(i.AT24CXX_Check) refers to at24cxx.o(i.AT24CXX_ReadOneByte) for AT24CXX_ReadOneByte
    at24cxx.o(i.AT24CXX_Check) refers to at24cxx.o(i.AT24CXX_WriteOneByte) for AT24CXX_WriteOneByte
    at24cxx.o(i.AT24CXX_Init) refers to iic_gpio.o(i.IIC_Init) for IIC_Init
    at24cxx.o(i.AT24CXX_Read) refers to at24cxx.o(i.AT24CXX_ReadOneByte) for AT24CXX_ReadOneByte
    at24cxx.o(i.AT24CXX_ReadLenByte) refers to at24cxx.o(i.AT24CXX_ReadOneByte) for AT24CXX_ReadOneByte
    at24cxx.o(i.AT24CXX_ReadOneByte) refers to iic_gpio.o(i.IIC_Start) for IIC_Start
    at24cxx.o(i.AT24CXX_ReadOneByte) refers to iic_gpio.o(i.IIC_Send_Byte) for IIC_Send_Byte
    at24cxx.o(i.AT24CXX_ReadOneByte) refers to iic_gpio.o(i.IIC_Wait_Ack) for IIC_Wait_Ack
    at24cxx.o(i.AT24CXX_ReadOneByte) refers to iic_gpio.o(i.IIC_Read_Byte) for IIC_Read_Byte
    at24cxx.o(i.AT24CXX_ReadOneByte) refers to iic_gpio.o(i.IIC_Stop) for IIC_Stop
    at24cxx.o(i.AT24CXX_Write) refers to at24cxx.o(i.AT24CXX_WriteOneByte) for AT24CXX_WriteOneByte
    at24cxx.o(i.AT24CXX_WriteLenByte) refers to at24cxx.o(i.AT24CXX_WriteOneByte) for AT24CXX_WriteOneByte
    at24cxx.o(i.AT24CXX_WriteOneByte) refers to iic_gpio.o(i.IIC_Start) for IIC_Start
    at24cxx.o(i.AT24CXX_WriteOneByte) refers to iic_gpio.o(i.IIC_Send_Byte) for IIC_Send_Byte
    at24cxx.o(i.AT24CXX_WriteOneByte) refers to iic_gpio.o(i.IIC_Wait_Ack) for IIC_Wait_Ack
    at24cxx.o(i.AT24CXX_WriteOneByte) refers to iic_gpio.o(i.IIC_Stop) for IIC_Stop
    at24cxx.o(i.AT24CXX_WriteOneByte) refers to delay.o(i.delay_ms) for delay_ms
    cal_lms5xx.o(i.cal_len_of_vertical_line) refers to algorithm.o(i.int_abs) for int_abs
    cal_lms5xx.o(i.cal_len_of_vertical_line) refers to triangle.o(i.length_of_altitude) for length_of_altitude
    cal_lms5xx.o(i.cal_par_init) refers to rt_memclr_w.o(.text) for __aeabi_memclr4
    cal_lms5xx.o(i.cal_par_init) refers to cal_lms5xx.o(.bss) for sensor_data
[...]
    DMA1_Stream6_IRQHandler                  0x08000243   Thumb Code     0  startup_stm32f40xx.o(.text)
    DMA1_Stream7_IRQHandler                  0x08000243   Thumb Code     0  startup_stm32f40xx.o(.text)
    DMA2_Stream0_IRQHandler                  0x08000243   Thumb Code     0  startup_stm32f40xx.o(.text)
    DMA2_Stream1_IRQHandler                  0x08000243   Thumb Code     0  startup_stm32f40xx.o(.text)
    DMA2_Stream2_IRQHandler                  0x08000243   Thumb Code     0  startup_stm32f40xx.o(.text)
    DMA2_Stream3_IRQHandler                  0x08000243   Thumb Code     0  startup_stm32f40xx.o(.text)
    DMA2_Stream4_IRQHandler                  0x08000243   Thumb Code     0  startup_stm32f40xx.o(.text)
    DMA2_Stream5_IRQHandler                  0x08000243   Thumb Code     0  startup_stm32f40xx.o(.text)
    DMA2_Stream6_IRQHandler                  0x08000243   Thumb Code     0  startup_stm32f40xx.o(.text)
    DMA2_Stream7_IRQHandler                  0x08000243   Thumb Code     0  startup_stm32f40xx.o(.text)
    ETH_IRQHandler                           0x08000243   Thumb Code     0  startup_stm32f40xx.o(.text)
    ETH_WKUP_IRQHandler                      0x08000243   Thumb Code     0  startup_stm32f40xx.o(.text)
    EXTI0_IRQHandler                         0x08000243   Thumb Code     0  startup_stm32f40xx.o(.text)
    EXTI1_IRQHandler                         0x08000243   Thumb Code     0  startup_stm32f40xx.o(.text)
    EXTI2_IRQHandler                         0x08000243   Thumb Code     0  startup_stm32f40xx.o(.text)
    EXTI3_IRQHandler                         0x08000243   Thumb Code     0  startup_stm32f40xx.o(.text)
    EXTI4_IRQHandler                         0x08000243   Thumb Code     0  startup_stm32f40xx.o(.text)
    EXTI9_5_IRQHandler                       0x08000243   Thumb Code     0  startup_stm32f40xx.o(.text)
    FLASH_IRQHandler                         0x08000243   Thumb Code     0  startup_stm32f40xx.o(.text)
    FPU_IRQHandler                           0x08000243   Thumb Code     0  startup_stm32f40xx.o(.text)
    FSMC_IRQHandler                          0x08000243   Thumb Code     0  startup_stm32f40xx.o(.text)
    HASH_RNG_IRQHandler                      0x08000243   Thumb Code     0  startup_stm32f40xx.o(.text)
    I2C1_ER_IRQHandler                       0x08000243   Thumb Code     0  startup_stm32f40xx.o(.text)
    I2C1_EV_IRQHandler                       0x08000243   Thumb Code     0  startup_stm32f40xx.o(.text)
    I2C2_ER_IRQHandler                       0x08000243   Thumb Code     0  startup_stm32f40xx.o(.text)
    I2C2_EV_IRQHandler                       0x08000243   Thumb Code     0  startup_stm32f40xx.o(.text)
    I2C3_ER_IRQHandler                       0x08000243   Thumb Code     0  startup_stm32f40xx.o(.text)
    I2C3_EV_IRQHandler                       0x08000243   Thumb Code     0  startup_stm32f40xx.o(.text)
    OTG_FS_IRQHandler                        0x08000243   Thumb Code     0  startup_stm32f40xx.o(.text)
    OTG_FS_WKUP_IRQHandler                   0x08000243   Thumb Code     0  startup_stm32f40xx.o(.text)
    OTG_HS_EP1_IN_IRQHandler                 0x08000243   Thumb Code     0  startup_stm32f40xx.o(.text)
    OTG_HS_EP1_OUT_IRQHandler                0x08000243   Thumb Code     0  startup_stm32f40xx.o(.text)
    OTG_HS_IRQHandler                        0x08000243   Thumb Code     0  startup_stm32f40xx.o(.text)
    OTG_HS_WKUP_IRQHandler                   0x08000243   Thumb Code     0  startup_stm32f40xx.o(.text)
    PVD_IRQHandler                           0x08000243   Thumb Code     0  startup_stm32f40xx.o(.text)
    RCC_IRQHandler                           0x08000243   Thumb Code     0  startup_stm32f40xx.o(.text)
    RTC_Alarm_IRQHandler                     0x08000243   Thumb Code     0  startup_stm32f40xx.o(.text)
    RTC_WKUP_IRQHandler                      0x08000243   Thumb Code     0  startup_stm32f40xx.o(.text)
    SDIO_IRQHandler                          0x08000243   Thumb Code     0  startup_stm32f40xx.o(.text)
    SPI1_IRQHandler                          0x08000243   Thumb Code     0  startup_stm32f40xx.o(.text)
    SPI2_IRQHandler                          0x08000243   Thumb Code     0  startup_stm32f40xx.o(.text)
    SPI3_IRQHandler                          0x08000243   Thumb Code     0  startup_stm32f40xx.o(.text)
    TAMP_STAMP_IRQHandler                    0x08000243   Thumb Code     0  startup_stm32f40xx.o(.text)
    TIM1_BRK_TIM9_IRQHandler                 0x08000243   Thumb Code     0  startup_stm32f40xx.o(.text)
    TIM1_CC_IRQHandler                       0x08000243   Thumb Code     0  startup_stm32f40xx.o(.text)
    TIM1_TRG_COM_TIM11_IRQHandler            0x08000243   Thumb Code     0  startup_stm32f40xx.o(.text)
    TIM1_UP_TIM10_IRQHandler                 0x08000243   Thumb Code     0  startup_stm32f40xx.o(.text)
    TIM2_IRQHandler                          0x08000243   Thumb Code     0  startup_stm32f40xx.o(.text)
    TIM3_IRQHandler                          0x08000243   Thumb Code     0  startup_stm32f40xx.o(.text)
    TIM4_IRQHandler                          0x08000243   Thumb Code     0  startup_stm32f40xx.o(.text)
    TIM5_IRQHandler                          0x08000243   Thumb Code     0  startup_stm32f40xx.o(.text)
    TIM6_DAC_IRQHandler                      0x08000243   Thumb Code     0  startup_stm32f40xx.o(.text)
    TIM7_IRQHandler                          0x08000243   Thumb Code     0  startup_stm32f40xx.o(.text)
    TIM8_BRK_TIM12_IRQHandler                0x08000243   Thumb Code     0  startup_stm32f40xx.o(.text)
    TIM8_CC_IRQHandler                       0x08000243   Thumb Code     0  startup_stm32f40xx.o(.text)
    TIM8_TRG_COM_TIM14_IRQHandler            0x08000243   Thumb Code     0  startup_stm32f40xx.o(.text)
    TIM8_UP_TIM13_IRQHandler                 0x08000243   Thumb Code     0  startup_stm32f40xx.o(.text)
    UART4_IRQHandler                         0x08000243   Thumb Code     0  startup_stm32f40xx.o(.text)
    UART5_IRQHandler                         0x08000243   Thumb Code     0  startup_stm32f40xx.o(.text)
    USART1_IRQHandler                        0x08000243   Thumb Code     0  startup_stm32f40xx.o(.text)
    USART2_IRQHandler                        0x08000243   Thumb Code     0  startup_stm32f40xx.o(.text)
    USART3_IRQHandler                        0x08000243   Thumb Code     0  startup_stm32f40xx.o(.text)
    USART6_IRQHandler                        0x08000243   Thumb Code     0  startup_stm32f40xx.o(.text)
    WWDG_IRQHandler                          0x08000243   Thumb Code     0  startup_stm32f40xx.o(.text)
    __user_initial_stackheap                 0x08000245   Thumb Code     0  startup_stm32f40xx.o(.text)
    memcmp                                   0x08000269   Thumb Code    88  memcmp.o(.text)
    strlen                                   0x080002c1   Thumb Code    62  strlen.o(.text)
    __aeabi_memcpy                           0x080002ff   Thumb Code     0  rt_memcpy_v6.o(.text)
    __rt_memcpy                              0x080002ff   Thumb Code   138  rt_memcpy_v6.o(.text)
    _memcpy_lastbytes                        0x08000365   Thumb Code     0  rt_memcpy_v6.o(.text)
    __aeabi_memclr                           0x08000389   Thumb Code     0  rt_memclr.o(.text)
    __rt_memclr                              0x08000389   Thumb Code    68  rt_memclr.o(.text)
    _memset                                  0x0800038d   Thumb Code     0  rt_memclr.o(.text)
    __aeabi_memclr4                          0x080003cd   Thumb Code     0  rt_memclr_w.o(.text)
    __aeabi_memclr8                          0x080003cd   Thumb Code     0  rt_memclr_w.o(.text)
    __rt_memclr_w                            0x080003cd   Thumb Code    78  rt_memclr_w.o(.text)
    _memset_w                                0x080003d1   Thumb Code     0  rt_memclr_w.o(.text)
    __use_two_region_memory                  0x0800041b   Thumb Code     2  heapauxi.o(.text)
    __rt_heap_escrow$2region                 0x0800041d   Thumb Code     2  heapauxi.o(.text)
    __rt_heap_expand$2region                 0x0800041f   Thumb Code     2  heapauxi.o(.text)
    __read_errno                             0x08000421   Thumb Code    10  _rserrno.o(.text)
    __set_errno                              0x0800042b   Thumb Code    12  _rserrno.o(.text)
    __aeabi_memcpy4                          0x08000437   Thumb Code     0  rt_memcpy_w.o(.text)
    __aeabi_memcpy8                          0x08000437   Thumb Code     0  rt_memcpy_w.o(.text)
    __rt_memcpy_w                            0x08000437   Thumb Code   100  rt_memcpy_w.o(.text)
    _memcpy_lastbytes_aligned                0x0800047f   Thumb Code     0  rt_memcpy_w.o(.text)
    __aeabi_errno_addr                       0x0800049d   Thumb Code     8  rt_errno_addr_intlibspace.o(.text)
    __errno$intlibspace                      0x0800049d   Thumb Code     0  rt_errno_addr_intlibspace.o(.text)
    __rt_errno_addr$intlibspace              0x0800049d   Thumb Code     0  rt_errno_addr_intlibspace.o(.text)
    __user_libspace                          0x080004a5   Thumb Code     8  libspace.o(.text)
    __user_perproc_libspace                  0x080004a5   Thumb Code     0  libspace.o(.text)
    __user_perthread_libspace                0x080004a5   Thumb Code     0  libspace.o(.text)
    __user_setup_stackheap                   0x080004ad   Thumb Code    74  sys_stackheap_outer.o(.text)
    exit                                     0x080004f7   Thumb Code    18  exit.o(.text)
    _sys_exit                                0x08000509   Thumb Code     8  sys_exit.o(.text)
    __I$use$semihosting                      0x08000515   Thumb Code     0  use_no_semi.o(.text)
    __use_no_semihosting_swi                 0x08000515   Thumb Code     2  use_no_semi.o(.text)
    __semihosting_library_function           0x08000517   Thumb Code     0  indicate_semi.o(.text)
    ADC_Cmd                                  0x08000519   Thumb Code    76  stm32f4xx_adc.o(i.ADC_Cmd)
    ADC_CommonInit                           0x080005ad   Thumb Code   342  stm32f4xx_adc.o(i.ADC_CommonInit)
    ADC_Config                               0x0800074d   Thumb Code   232  adc_port.o(i.ADC_Config)
    ADC_DMACmd                               0x08000845   Thumb Code    76  stm32f4xx_adc.o(i.ADC_DMACmd)
    ADC_DMARequestAfterLastTransferCmd       0x080008d9   Thumb Code    76  stm32f4xx_adc.o(i.ADC_DMARequestAfterLastTransferCmd)
    ADC_Init                                 0x0800096d   Thumb Code   402  stm32f4xx_adc.o(i.ADC_Init)
    ADC_RegularChannelConfig                 0x08000b51   Thumb Code   408  stm32f4xx_adc.o(i.ADC_RegularChannelConfig)
    ADC_SoftwareStartConv                    0x08000d31   Thumb Code    44  stm32f4xx_adc.o(i.ADC_SoftwareStartConv)
    AT24CXX_Check                            0x08000da5   Thumb Code    52  at24cxx.o(i.AT24CXX_Check)
    AT24CXX_Init                             0x08000dd9   Thumb Code     8  at24cxx.o(i.AT24CXX_Init)
    AT24CXX_Read                             0x08000de1   Thumb Code    46  at24cxx.o(i.AT24CXX_Read)
    AT24CXX_ReadOneByte                      0x08000e0f   Thumb Code    84  at24cxx.o(i.AT24CXX_ReadOneByte)
    AT24CXX_WriteOneByte                     0x08000e63   Thumb Code    76  at24cxx.o(i.AT24CXX_WriteOneByte)
    BusFault_Handler                         0x08000eaf   Thumb Code     4  stm32f4xx_it.o(i.BusFault_Handler)
    DMA_Cmd                                  0x08000eb5   Thumb Code   182  stm32f4xx_dma.o(i.DMA_Cmd)
    DMA_Init                                 0x08000fb1   Thumb Code   658  stm32f4xx_dma.o(i.DMA_Init)
    DebugMon_Handler                         0x0800128d   Thumb Code     2  stm32f4xx_it.o(i.DebugMon_Handler)
    Delay                                    0x08001291   Thumb Code    26  main.o(i.Delay)
    ETH_BSP_Config                           0x080012b5   Thumb Code   118  stm32f4x7_eth_bsp.o(i.ETH_BSP_Config)
    ETH_CheckFrameReceived                   0x08001331   Thumb Code   210  stm32f4x7_eth.o(i.ETH_CheckFrameReceived)
    ETH_DMAReceptionCmd                      0x0800140d   Thumb Code    52  stm32f4x7_eth.o(i.ETH_DMAReceptionCmd)
    ETH_DMARxDescChainInit                   0x08001479   Thumb Code    82  stm32f4x7_eth.o(i.ETH_DMARxDescChainInit)
    ETH_DMATransmissionCmd                   0x080014dd   Thumb Code    52  stm32f4x7_eth.o(i.ETH_DMATransmissionCmd)
    ETH_DMATxDescChainInit                   0x08001549   Thumb Code    70  stm32f4x7_eth.o(i.ETH_DMATxDescChainInit)
    ETH_DMATxDescChecksumInsertionConfig     0x08001599   Thumb Code    46  stm32f4x7_eth.o(i.ETH_DMATxDescChecksumInsertionConfig)
    ETH_DeInit                               0x080015fd   Thumb Code    22  stm32f4x7_eth.o(i.ETH_DeInit)
    ETH_FlushTransmitFIFO                    0x08001615   Thumb Code    38  stm32f4x7_eth.o(i.ETH_FlushTransmitFIFO)
    ETH_GetSoftwareResetStatus               0x080017a5   Thumb Code    20  stm32f4x7_eth.o(i.ETH_GetSoftwareResetStatus)
    ETH_Get_Received_Frame                   0x080017bd   Thumb Code    64  stm32f4x7_eth.o(i.ETH_Get_Received_Frame)
    ETH_Init                                 0x08001805   Thumb Code  2340  stm32f4x7_eth.o(i.ETH_Init)
    ETH_MACAddressConfig                     0x08002165   Thumb Code    76  stm32f4x7_eth.o(i.ETH_MACAddressConfig)
    ETH_MACReceptionCmd                      0x08002289   Thumb Code    74  stm32f4x7_eth.o(i.ETH_MACReceptionCmd)
    ETH_MACTransmissionCmd                   0x0800230d   Thumb Code    74  stm32f4x7_eth.o(i.ETH_MACTransmissionCmd)
    ETH_Prepare_Transmit_Descriptors         0x08002391   Thumb Code   194  stm32f4x7_eth.o(i.ETH_Prepare_Transmit_Descriptors)
    ETH_ReadPHYRegister                      0x0800245d   Thumb Code   144  stm32f4x7_eth.o(i.ETH_ReadPHYRegister)
    ETH_SoftwareReset                        0x08002529   Thumb Code    14  stm32f4x7_eth.o(i.ETH_SoftwareReset)
    ETH_Start                                0x0800253d   Thumb Code    32  stm32f4x7_eth.o(i.ETH_Start)
    ETH_Stop                                 0x0800255d   Thumb Code    32  stm32f4x7_eth.o(i.ETH_Stop)
    ETH_StructInit                           0x0800257d   Thumb Code   178  stm32f4x7_eth.o(i.ETH_StructInit)
    ETH_WritePHYRegister                     0x08002631   Thumb Code   144  stm32f4x7_eth.o(i.ETH_WritePHYRegister)
    ETH_link_callback                        0x080026fd   Thumb Code   226  stm32f4x7_eth_bsp.o(i.ETH_link_callback)
    EXTI15_10_IRQHandler                     0x080027fd   Thumb Code    28  stm32f4xx_it.o(i.EXTI15_10_IRQHandler)
    EXTI_ClearITPendingBit                   0x08002819   Thumb Code    30  stm32f4xx_exti.o(i.EXTI_ClearITPendingBit)
    EXTI_GetITStatus                         0x08002879   Thumb Code   164  stm32f4xx_exti.o(i.EXTI_GetITStatus)
    EXTI_Init                                0x0800295d   Thumb Code   236  stm32f4xx_exti.o(i.EXTI_Init)
    Eth_Link_EXTIConfig                      0x08002a89   Thumb Code   108  stm32f4x7_eth_bsp.o(i.Eth_Link_EXTIConfig)
    Eth_Link_ITHandler                       0x08002af9   Thumb Code    54  stm32f4x7_eth_bsp.o(i.Eth_Link_ITHandler)
    Eth_Link_PHYITConfig                     0x08002b39   Thumb Code    70  stm32f4x7_eth_bsp.o(i.Eth_Link_PHYITConfig)
    GPIO_In_Config                           0x08002b81   Thumb Code    66  gpio_port.o(i.GPIO_In_Config)
    GPIO_Init                                0x08002bcd   Thumb Code   352  stm32f4xx_gpio.o(i.GPIO_Init)
    GPIO_Out_Config                          0x08002d95   Thumb Code   134  gpio_port.o(i.GPIO_Out_Config)
    GPIO_PinAFConfig                         0x08002e29   Thumb Code   352  stm32f4xx_gpio.o(i.GPIO_PinAFConfig)
    GPIO_ReadInputDataBit                    0x08002ff1   Thumb Code   194  stm32f4xx_gpio.o(i.GPIO_ReadInputDataBit)
    HardFault_Handler                        0x0800311d   Thumb Code     4  stm32f4xx_it.o(i.HardFault_Handler)
    IIC_Ack                                  0x08003121   Thumb Code    66  iic_gpio.o(i.IIC_Ack)
    IIC_Init                                 0x08003171   Thumb Code    56  iic_gpio.o(i.IIC_Init)
    IIC_NAck                                 0x080031b5   Thumb Code    66  iic_gpio.o(i.IIC_NAck)
    IIC_Read_Byte                            0x08003205   Thumb Code    94  iic_gpio.o(i.IIC_Read_Byte)
    IIC_Send_Byte                            0x08003271   Thumb Code    90  iic_gpio.o(i.IIC_Send_Byte)
    IIC_Start                                0x080032d9   Thumb Code    64  iic_gpio.o(i.IIC_Start)
    IIC_Stop                                 0x08003325   Thumb Code    62  iic_gpio.o(i.IIC_Stop)
    IIC_Wait_Ack                             0x08003371   Thumb Code    82  iic_gpio.o(i.IIC_Wait_Ack)
    LwIP_Init                                0x080033d1   Thumb Code   110  netconf.o(i.LwIP_Init)
    LwIP_Periodic_Handle                     0x0800345d   Thumb Code    52  netconf.o(i.LwIP_Periodic_Handle)
    LwIP_Pkt_Handle                          0x08003499   Thumb Code    10  netconf.o(i.LwIP_Pkt_Handle)
    MemManage_Handler                        0x080034a9   Thumb Code     4  stm32f4xx_it.o(i.MemManage_Handler)
    NMI_Handler                              0x080034ad   Thumb Code     2  stm32f4xx_it.o(i.NMI_Handler)
    NVIC_Init                                0x080034b1   Thumb Code   164  misc.o(i.NVIC_Init)
    NVIC_PriorityGroupConfig                 0x08003591   Thumb Code    54  misc.o(i.NVIC_PriorityGroupConfig)
    RCC_AHB1PeriphClockCmd                   0x08003629   Thumb Code    70  stm32f4xx_rcc.o(i.RCC_AHB1PeriphClockCmd)
    RCC_AHB1PeriphResetCmd                   0x080036b5   Thumb Code    70  stm32f4xx_rcc.o(i.RCC_AHB1PeriphResetCmd)
    RCC_APB1PeriphClockCmd                   0x08003741   Thumb Code    70  stm32f4xx_rcc.o(i.RCC_APB1PeriphClockCmd)
    RCC_APB2PeriphClockCmd                   0x080037c9   Thumb Code    70  stm32f4xx_rcc.o(i.RCC_APB2PeriphClockCmd)
    RCC_GetClocksFreq                        0x08003855   Thumb Code   214  stm32f4xx_rcc.o(i.RCC_GetClocksFreq)
    RCC_MCO1Config                           0x0800393d   Thumb Code    98  stm32f4xx_rcc.o(i.RCC_MCO1Config)
    STM_EVAL_COMInit                         0x080039e1   Thumb Code   112  usart_port.o(i.STM_EVAL_COMInit)
    SYSCFG_ETH_MediaInterfaceConfig          0x08003a59   Thumb Code    26  stm32f4xx_syscfg.o(i.SYSCFG_ETH_MediaInterfaceConfig)
    SYSCFG_EXTILineConfig                    0x08003ab5   Thumb Code   188  stm32f4xx_syscfg.o(i.SYSCFG_EXTILineConfig)
    SysTick_CLKSourceConfig                  0x08003cb9   Thumb Code    62  misc.o(i.SysTick_CLKSourceConfig)
    SysTick_Handler                          0x08003d29   Thumb Code    40  stm32f4xx_it.o(i.SysTick_Handler)
    SystemInit                               0x08003d5d   Thumb Code    88  system_stm32f4xx.o(i.SystemInit)
    Time_Update                              0x08003dc5   Thumb Code    12  main.o(i.Time_Update)
    USART_Cmd                                0x08003dd5   Thumb Code   120  stm32f4xx_usart.o(i.USART_Cmd)
    USART_Config                             0x08003eb1   Thumb Code    50  usart_port.o(i.USART_Config)
    USART_GetFlagStatus                      0x08003ee5   Thumb Code   194  stm32f4xx_usart.o(i.USART_GetFlagStatus)
    USART_Init                               0x0800400d   Thumb Code   492  stm32f4xx_usart.o(i.USART_Init)
    USART_ReceiveData                        0x08004261   Thumb Code    84  stm32f4xx_usart.o(i.USART_ReceiveData)
    UsageFault_Handler                       0x08004319   Thumb Code     4  stm32f4xx_it.o(i.UsageFault_Handler)
    __ARM_fpclassify                         0x0800431d   Thumb Code    48  fpclassify.o(i.__ARM_fpclassify)
    __hardfp_cos                             0x08004351   Thumb Code   180  cos.o(i.__hardfp_cos)
    __hardfp_sin                             0x08004419   Thumb Code   180  sin.o(i.__hardfp_sin)
    __hardfp_sqrtf                           0x080044e1   Thumb Code    58  sqrtf.o(i.__hardfp_sqrtf)
    __ieee754_rem_pio2                       0x08004521   Thumb Code   938  rred.o(i.__ieee754_rem_pio2)
    __kernel_cos                             0x08004959   Thumb Code   322  cos_i.o(i.__kernel_cos)
    __kernel_poly                            0x08004ac9   Thumb Code   248  poly.o(i.__kernel_poly)
    __kernel_sin                             0x08004bc1   Thumb Code   280  sin_i.o(i.__kernel_sin)
    __mathlib_dbl_infnan                     0x08004cf1   Thumb Code    20  dunder.o(i.__mathlib_dbl_infnan)
    __mathlib_dbl_invalid                    0x08004d09   Thumb Code    24  dunder.o(i.__mathlib_dbl_invalid)
    __mathlib_dbl_underflow                  0x08004d29   Thumb Code    24  dunder.o(i.__mathlib_dbl_underflow)
    assert_failed                            0x08004d49   Thumb Code     4  main.o(i.assert_failed)
    cal_len_of_vertical_line                 0x08004d4d   Thumb Code   180  cal_lms5xx.o(i.cal_len_of_vertical_line)
    cal_par_init                             0x08004e0d   Thumb Code    36  cal_lms5xx.o(i.cal_par_init)
    deal_tcp_frame                           0x08004e35   Thumb Code   104  cal_lms5xx.o(i.deal_tcp_frame)
    delay_ms                                 0x08004ea5   Thumb Code    24  delay.o(i.delay_ms)
    delay_us                                 0x08004ec1   Thumb Code    22  delay.o(i.delay_us)
    dhcp_arp_reply                           0x08004ed7   Thumb Code    46  dhcp.o(i.dhcp_arp_reply)
    dhcp_network_changed                     0x080051bd   Thumb Code    80  dhcp.o(i.dhcp_network_changed)
    di_flilter_init                          0x080053a1   Thumb Code    38  gpio_port.o(i.di_flilter_init)
    etharp_cleanup_netif                     0x080054d9   Thumb Code    52  etharp.o(i.etharp_cleanup_netif)
    etharp_output                            0x080056b1   Thumb Code   314  etharp.o(i.etharp_output)
    etharp_query                             0x08005865   Thumb Code   338  etharp.o(i.etharp_query)
    etharp_request                           0x08005a75   Thumb Code    36  etharp.o(i.etharp_request)
    etharp_tmr                               0x08005ad9   Thumb Code   136  etharp.o(i.etharp_tmr)
    ethernet_input                           0x08005c1d   Thumb Code   178  etharp.o(i.ethernet_input)
    ethernetif_init                          0x08005cd5   Thumb Code    38  ethernetif.o(i.ethernetif_init)
    ethernetif_input                         0x08005d05   Thumb Code    42  ethernetif.o(i.ethernetif_input)
    fabs                                     0x08005d2f   Thumb Code    24  fabs.o(i.fabs)
    icmp_dest_unreach                        0x08005d47   Thumb Code    18  icmp.o(i.icmp_dest_unreach)
    icmp_input                               0x08005d59   Thumb Code   340  icmp.o(i.icmp_input)
    icmp_time_exceeded                       0x08005f25   Thumb Code    18  icmp.o(i.icmp_time_exceeded)
    inet_chksum                              0x08005f37   Thumb Code    20  inet_chksum.o(i.inet_chksum)
    inet_chksum_pbuf                         0x08005f4b   Thumb Code    86  inet_chksum.o(i.inet_chksum_pbuf)
    int_abs                                  0x08005fa1   Thumb Code    14  algorithm.o(i.int_abs)
    ip4_addr_isbroadcast                     0x08005faf   Thumb Code    78  ip_addr.o(i.ip4_addr_isbroadcast)
    ip_frag                                  0x08005ffd   Thumb Code   424  ip_frag.o(i.ip_frag)
    ip_input                                 0x080061c5   Thumb Code   420  ip.o(i.ip_input)
    ip_output                                0x0800637d   Thumb Code    56  ip.o(i.ip_output)
    ip_output_if                             0x080063b5   Thumb Code   192  ip.o(i.ip_output_if)
    ip_reass                                 0x08006479   Thumb Code   386  ip_frag.o(i.ip_reass)
    ip_route                                 0x08006905   Thumb Code    76  ip.o(i.ip_route)
    length_of_altitude                       0x08006979   Thumb Code   218  triangle.o(i.length_of_altitude)
    lwip_htonl                               0x08006c95   Thumb Code    26  def.o(i.lwip_htonl)
    lwip_htons                               0x08006caf   Thumb Code    12  def.o(i.lwip_htons)
    lwip_ntohl                               0x08006cbb   Thumb Code    12  def.o(i.lwip_ntohl)
    lwip_ntohs                               0x08006cc7   Thumb Code    12  def.o(i.lwip_ntohs)
    main                                     0x08006d31   Thumb Code   138  main.o(i.main)
    mem_free                                 0x08006dd1   Thumb Code    68  mem.o(i.mem_free)
    mem_init                                 0x08006e21   Thumb Code    74  mem.o(i.mem_init)
    mem_malloc                               0x08006e7d   Thumb Code   222  mem.o(i.mem_malloc)
    mem_trim                                 0x08006f69   Thumb Code   288  mem.o(i.mem_trim)
    memp_free                                0x08007095   Thumb Code    28  memp.o(i.memp_free)
    memp_init                                0x080070b5   Thumb Code    82  memp.o(i.memp_init)
    memp_malloc                              0x08007119   Thumb Code    40  memp.o(i.memp_malloc)
    netif_add                                0x08007145   Thumb Code   104  netif.o(i.netif_add)
    netif_set_addr                           0x080071b5   Thumb Code    40  netif.o(i.netif_set_addr)
    netif_set_default                        0x080071dd   Thumb Code     6  netif.o(i.netif_set_default)
    netif_set_down                           0x080071e9   Thumb Code    42  netif.o(i.netif_set_down)
    netif_set_gw                             0x08007213   Thumb Code    12  netif.o(i.netif_set_gw)
    netif_set_ipaddr                         0x08007221   Thumb Code   110  netif.o(i.netif_set_ipaddr)
    netif_set_link_callback                  0x08007299   Thumb Code     6  netif.o(i.netif_set_link_callback)
    netif_set_link_down                      0x0800729f   Thumb Code    42  netif.o(i.netif_set_link_down)
    netif_set_link_up                        0x080072c9   Thumb Code    80  netif.o(i.netif_set_link_up)
    netif_set_netmask                        0x08007319   Thumb Code    12  netif.o(i.netif_set_netmask)
    netif_set_up                             0x08007325   Thumb Code    54  netif.o(i.netif_set_up)
    pbuf_alloc                               0x0800735b   Thumb Code   402  pbuf.o(i.pbuf_alloc)
    pbuf_alloced_custom                      0x080074ed   Thumb Code   108  pbuf.o(i.pbuf_alloced_custom)
    pbuf_cat                                 0x08007559   Thumb Code    56  pbuf.o(i.pbuf_cat)
    pbuf_chain                               0x08007591   Thumb Code    22  pbuf.o(i.pbuf_chain)
    pbuf_clen                                0x080075a7   Thumb Code    18  pbuf.o(i.pbuf_clen)
    pbuf_copy                                0x080075b9   Thumb Code   192  pbuf.o(i.pbuf_copy)
    pbuf_copy_partial                        0x08007679   Thumb Code   146  pbuf.o(i.pbuf_copy_partial)
    pbuf_free                                0x0800770b   Thumb Code   134  pbuf.o(i.pbuf_free)
    pbuf_header                              0x08007791   Thumb Code   126  pbuf.o(i.pbuf_header)
    pbuf_realloc                             0x0800780f   Thumb Code   120  pbuf.o(i.pbuf_realloc)
    pbuf_ref                                 0x08007887   Thumb Code    10  pbuf.o(i.pbuf_ref)
    pbuf_take                                0x08007891   Thumb Code   116  pbuf.o(i.pbuf_take)
    raw_input                                0x0800798d   Thumb Code   102  raw.o(i.raw_input)
    read_di                                  0x08007a01   Thumb Code   222  gpio_port.o(i.read_di)
    search_barrier                           0x08007ae9   Thumb Code   252  cal_lms5xx.o(i.search_barrier)
    tcp_abandon                              0x08007be5   Thumb Code   136  tcp.o(i.tcp_abandon)
    tcp_abort                                0x08007c79   Thumb Code    14  tcp.o(i.tcp_abort)
    tcp_alloc                                0x08007c89   Thumb Code   172  tcp.o(i.tcp_alloc)
    tcp_arg                                  0x08007d45   Thumb Code     4  tcp.o(i.tcp_arg)
    tcp_close                                0x08007d49   Thumb Code    28  tcp.o(i.tcp_close)
    tcp_connect                              0x08007f2d   Thumb Code   324  tcp.o(i.tcp_connect)
    tcp_echoclient_connect                   0x0800812d   Thumb Code    50  tcp_echoclient.o(i.tcp_echoclient_connect)
    tcp_eff_send_mss                         0x0800846f   Thumb Code    46  tcp.o(i.tcp_eff_send_mss)
    tcp_enqueue_flags                        0x0800849d   Thumb Code   272  tcp_out.o(i.tcp_enqueue_flags)
    tcp_fasttmr                              0x080085ad   Thumb Code   110  tcp.o(i.tcp_fasttmr)
    tcp_input                                0x08008629   Thumb Code  1132  tcp_in.o(i.tcp_input)
    tcp_keepalive                            0x08008aa5   Thumb Code    68  tcp_out.o(i.tcp_keepalive)
    tcp_new                                  0x08008ca9   Thumb Code    10  tcp.o(i.tcp_new)
    tcp_next_iss                             0x08008d1d   Thumb Code    20  tcp.o(i.tcp_next_iss)
    tcp_output                               0x08008d39   Thumb Code   444  tcp_out.o(i.tcp_output)
    tcp_pcb_purge                            0x08009171   Thumb Code    64  tcp.o(i.tcp_pcb_purge)
    tcp_pcb_remove                           0x080091b1   Thumb Code   140  tcp.o(i.tcp_pcb_remove)
    tcp_poll                                 0x08009241   Thumb Code    14  tcp.o(i.tcp_poll)
    tcp_process_refused_data                 0x080097dd   Thumb Code   140  tcp.o(i.tcp_process_refused_data)
    tcp_rec_fifo_init                        0x08009869   Thumb Code    34  tcp_echoclient.o(i.tcp_rec_fifo_init)
    tcp_recv                                 0x08009ecd   Thumb Code     8  tcp.o(i.tcp_recv)
    tcp_recv_null                            0x08009ed5   Thumb Code    46  tcp.o(i.tcp_recv_null)
    tcp_recved                               0x08009f03   Thumb Code    70  tcp.o(i.tcp_recved)
    tcp_rexmit                               0x08009f49   Thumb Code    90  tcp_out.o(i.tcp_rexmit)
    tcp_rexmit_fast                          0x08009fa3   Thumb Code   112  tcp_out.o(i.tcp_rexmit_fast)
    tcp_rexmit_rto                           0x0800a013   Thumb Code    58  tcp_out.o(i.tcp_rexmit_rto)
    tcp_rst                                  0x0800a04d   Thumb Code   124  tcp_out.o(i.tcp_rst)
    tcp_seg_free                             0x0800a0c9   Thumb Code    26  tcp.o(i.tcp_seg_free)
    tcp_segs_free                            0x0800a0e3   Thumb Code    24  tcp.o(i.tcp_segs_free)
    tcp_send_empty_ack                       0x0800a0fb   Thumb Code    78  tcp_out.o(i.tcp_send_empty_ack)
    tcp_send_fin                             0x0800a149   Thumb Code    74  tcp_out.o(i.tcp_send_fin)
    tcp_sent                                 0x0800a193   Thumb Code     8  tcp.o(i.tcp_sent)
    tcp_slowtmr                              0x0800a19d   Thumb Code   786  tcp.o(i.tcp_slowtmr)
    tcp_timer_needed                         0x0800a4d1   Thumb Code     2  timers.o(i.tcp_timer_needed)
    tcp_tmr                                  0x0800a581   Thumb Code    30  tcp.o(i.tcp_tmr)
    tcp_update_rcv_ann_wnd                   0x0800a5a5   Thumb Code    78  tcp.o(i.tcp_update_rcv_ann_wnd)
    tcp_write                                0x0800a5f3   Thumb Code   900  tcp_out.o(i.tcp_write)
    tcp_zero_window_probe                    0x0800a9e7   Thumb Code   164  tcp_out.o(i.tcp_zero_window_probe)
    udp_bind                                 0x0800aa8d   Thumb Code   122  udp.o(i.udp_bind)
    udp_input                                0x0800ab0d   Thumb Code   450  udp.o(i.udp_input)
    udp_sendto_if                            0x0800ad35   Thumb Code   206  udp.o(i.udp_sendto_if)
    usart1_receive                           0x0800ae05   Thumb Code    58  usart_port.o(i.usart1_receive)
    __aeabi_dneg                             0x0800ae49   Thumb Code     0  basic.o(x$fpl$basic)
    _dneg                                    0x0800ae49   Thumb Code     6  basic.o(x$fpl$basic)
    __aeabi_fneg                             0x0800ae4f   Thumb Code     0  basic.o(x$fpl$basic)
    _fneg                                    0x0800ae4f   Thumb Code     6  basic.o(x$fpl$basic)
    _dabs                                    0x0800ae55   Thumb Code     6  basic.o(x$fpl$basic)
    _fabs                                    0x0800ae5b   Thumb Code     6  basic.o(x$fpl$basic)
    __aeabi_d2f                              0x0800ae61   Thumb Code     0  d2f.o(x$fpl$d2f)
    _d2f                                     0x0800ae61   Thumb Code    98  d2f.o(x$fpl$d2f)
    __aeabi_dadd                             0x0800aec5   Thumb Code     0  daddsub_clz.o(x$fpl$dadd)
    _dadd                                    0x0800aec5   Thumb Code   332  daddsub_clz.o(x$fpl$dadd)
    __aeabi_ddiv                             0x0800b015   Thumb Code     0  ddiv.o(x$fpl$ddiv)
    _ddiv                                    0x0800b015   Thumb Code   552  ddiv.o(x$fpl$ddiv)
    __aeabi_d2iz                             0x0800b2c5   Thumb Code     0  dfix.o(x$fpl$dfix)
    _dfix                                    0x0800b2c5   Thumb Code    94  dfix.o(x$fpl$dfix)
    __aeabi_i2d                              0x0800b323   Thumb Code     0  dflt_clz.o(x$fpl$dflt)
    _dflt                                    0x0800b323   Thumb Code    46  dflt_clz.o(x$fpl$dflt)
    __aeabi_ui2d                             0x0800b351   Thumb Code     0  dflt_clz.o(x$fpl$dfltu)
    _dfltu                                   0x0800b351   Thumb Code    38  dflt_clz.o(x$fpl$dfltu)
    __aeabi_dmul                             0x0800b379   Thumb Code     0  dmul.o(x$fpl$dmul)
    _dmul                                    0x0800b379   Thumb Code   332  dmul.o(x$fpl$dmul)
    __fpl_dnaninf                            0x0800b4cd   Thumb Code   156  dnaninf.o(x$fpl$dnaninf)
    __fpl_dretinf                            0x0800b569   Thumb Code    12  dretinf.o(x$fpl$dretinf)
    __aeabi_drsub                            0x0800b575   Thumb Code     0  daddsub_clz.o(x$fpl$drsb)
    _drsb                                    0x0800b575   Thumb Code    22  daddsub_clz.o(x$fpl$drsb)
    __aeabi_dsub                             0x0800b58d   Thumb Code     0  daddsub_clz.o(x$fpl$dsub)
    _dsub                                    0x0800b58d   Thumb Code   464  daddsub_clz.o(x$fpl$dsub)
    __aeabi_f2d                              0x0800b761   Thumb Code     0  f2d.o(x$fpl$f2d)
    _f2d                                     0x0800b761   Thumb Code    86  f2d.o(x$fpl$f2d)
    __fpl_fnaninf                            0x0800b7b7   Thumb Code   140  fnaninf.o(x$fpl$fnaninf)
    _fp_init                                 0x0800b843   Thumb Code    10  fpinit.o(x$fpl$fpinit)
    __fplib_config_fpu_vfp                   0x0800b84b   Thumb Code     0  fpinit.o(x$fpl$fpinit)
    __fplib_config_pureend_doubles           0x0800b84b   Thumb Code     0  fpinit.o(x$fpl$fpinit)
    __fpl_fretinf                            0x0800b84d   Thumb Code    10  fretinf.o(x$fpl$fretinf)
    __I$use$fp                               0x0800b856   Number         0  usenofp.o(x$fpl$usenofp)
    frame_head                               0x0800b856   Data          28  cal_lms5xx.o(.constdata)
    ascii_poll_one_cmd                       0x0800b872   Data          20  cal_lms5xx.o(.constdata)
    binary_poll_one_cmd                      0x0800b886   Data          24  cal_lms5xx.o(.constdata)
    ascii_permanently_cmd                    0x0800b89e   Data          19  cal_lms5xx.o(.constdata)
    binary_permanently_cmd                   0x0800b8b1   Data          26  cal_lms5xx.o(.constdata)
    tcp_state_str                            0x0800b8f0   Data          44  tcp.o(.constdata)
    tcp_backoff                              0x0800b91c   Data          13  tcp.o(.constdata)
    tcp_persist_backoff                      0x0800b929   Data           7  tcp.o(.constdata)
    tcp_pcb_lists                            0x0800b930   Data          16  tcp.o(.constdata)
    ip_addr_any                              0x0800b940   Data           4  ip_addr.o(.constdata)
    ip_addr_broadcast                        0x0800b944   Data           4  ip_addr.o(.constdata)
    ethbroadcast                             0x0800b948   Data           6  etharp.o(.constdata)
    ethzero                                  0x0800b94e   Data           6  etharp.o(.constdata)
    Region$$Table$$Base                      0x0800baf0   Number         0  anon$$obj.o(Region$$Table)
    Region$$Table$$Limit                     0x0800bb10   Number         0  anon$$obj.o(Region$$Table)
    LocalTime                                0x20000000   Data           4  main.o(.data)
    timingdelay                              0x20000004   Data           4  main.o(.data)
    fault_code                               0x20000008   Data           4  fault.o(.data)
    sys_timer                                0x2000000c   Data           4  sys_timer.o(.data)
    TCPTimer                                 0x20000010   Data           4  netconf.o(.data)
    ARPTimer                                 0x20000014   Data           4  netconf.o(.data)
    IPaddress                                0x20000018   Data           4  netconf.o(.data)
    EthStatus                                0x2000001c   Data           4  stm32f4x7_eth_bsp.o(.data)
    EthLinkStatus                            0x20000020   Data           1  stm32f4x7_eth_bsp.o(.data)
    message_count                            0x20000024   Data           4  tcp_echoclient.o(.data)
    data                                     0x20000028   Data          20  tcp_echoclient.o(.data)
    echoclient_pcb                           0x2000003c   Data           4  tcp_echoclient.o(.data)
    uhADCxConvertedValue                     0x20000040   Data           2  adc_port.o(.data)
    netif_list                               0x20000054   Data           4  netif.o(.data)
    netif_default                            0x20000058   Data           4  netif.o(.data)
    tcp_ticks                                0x20000068   Data           4  tcp.o(.data)
    tcp_bound_pcbs                           0x2000006c   Data           4  tcp.o(.data)
    tcp_listen_pcbs                          0x20000070   Data           4  tcp.o(.data)
    tcp_active_pcbs                          0x20000074   Data           4  tcp.o(.data)
    tcp_tw_pcbs                              0x20000078   Data           4  tcp.o(.data)
    tcp_tmp_pcb                              0x2000007c   Data           4  tcp.o(.data)
    tcp_active_pcbs_changed                  0x20000080   Data           1  tcp.o(.data)
    tcp_input_pcb                            0x200000a4   Data           4  tcp_in.o(.data)
    udp_pcbs                                 0x200000ac   Data           4  udp.o(.data)
    current_netif                            0x200000b0   Data           4  ip.o(.data)
    current_header                           0x200000b4   Data           4  ip.o(.data)
    current_iphdr_src                        0x200000b8   Data           4  ip.o(.data)
    current_iphdr_dest                       0x200000bc   Data           4  ip.o(.data)
    DMATxDescToSet                           0x200000cc   Data           4  stm32f4x7_eth.o(.data)
    DMARxDescToGet                           0x200000d0   Data           4  stm32f4x7_eth.o(.data)
    DMA_RX_FRAME_infos                       0x200000d4   Data           4  stm32f4x7_eth.o(.data)
    Frame_Rx_index                           0x200000d8   Data           4  stm32f4x7_eth.o(.data)
    parameters                               0x200000ec   Data          12  main.o(.bss)
    sensor_data                              0x200000f8   Data         196  cal_lms5xx.o(.bss)
    gnetif                                   0x200001bc   Data          56  netconf.o(.bss)
    ETH_InitStructure                        0x200001f4   Data         188  stm32f4x7_eth_bsp.o(.bss)
    tcp_rec_fifo                             0x200002b0   Data          16  tcp_echoclient.o(.bss)
    tcp_client_recvbuf                       0x200002c0   Data        7500  tcp_echoclient.o(.bss)
    di_value                                 0x2000200c   Data          40  gpio_port.o(.bss)
    usart_buf                                0x20002034   Data         260  usart_port.o(.bss)
    ram_heap                                 0x20002138   Data       10260  mem.o(.bss)
    DMARxDscrTab                             0x2000976c   Data         128  stm32f4x7_eth.o(.bss)
    DMATxDscrTab                             0x200097ec   Data         128  stm32f4x7_eth.o(.bss)
    Rx_Buff                                  0x2000986c   Data        6096  stm32f4x7_eth.o(.bss)
    Tx_Buff                                  0x2000b03c   Data        6096  stm32f4x7_eth.o(.bss)
    RX_Frame_Descriptor                      0x2000c80c   Data          12  stm32f4x7_eth.o(.bss)
    __libspace_start                         0x2000c818   Data          96  libspace.o(.bss)
    __temporary_stack_top$libspace           0x2000c878   Data           0  libspace.o(.bss)



==============================================================================

Memory Map of the image

  Image Entry point : 0x08000189

  Load Region LR_IROM1 (Base: 0x08000000, Size: 0x0000bbfc, Max: 0x00100000, ABSOLUTE)

    Execution Region ER_IROM1 (Exec base: 0x08000000, Load base: 0x08000000, Size: 0x0000bb10, Max: 0x00100000, ABSOLUTE)

    Exec Addr    Load Addr    Size         Type   Attr      Idx    E Section Name        Object

    0x08000000   0x08000000   0x00000188   Data   RO         8334    RESET               startup_stm32f40xx.o
    0x08000188   0x08000188   0x00000008   Code   RO         8399  * !!!main             c_w.l(__main.o)
    0x08000190   0x08000190   0x00000034   Code   RO         8676    !!!scatter          c_w.l(__scatter.o)
    0x080001c4   0x080001c4   0x0000001a   Code   RO         8678    !!handler_copy      c_w.l(__scatter_copy.o)
    0x080001de   0x080001de   0x00000002   PAD
    0x080001e0   0x080001e0   0x0000001c   Code   RO         8680    !!handler_zi        c_w.l(__scatter_zi.o)
    0x080001fc   0x080001fc   0x00000002   Code   RO         8549    .ARM.Collect$$libinit$$00000000  c_w.l(libinit.o)
    0x080001fe   0x080001fe   0x00000004   Code   RO         8552    .ARM.Collect$$libinit$$00000001  c_w.l(libinit2.o)
    0x08000202   0x08000202   0x00000000   Code   RO         8555    .ARM.Collect$$libinit$$00000004  c_w.l(libinit2.o)
    0x08000202   0x08000202   0x00000000   Code   RO         8558    .ARM.Collect$$libinit$$0000000A  c_w.l(libinit2.o)
    0x08000202   0x08000202   0x00000000   Code   RO         8560    .ARM.Collect$$libinit$$0000000C  c_w.l(libinit2.o)
    0x08000202   0x08000202   0x00000000   Code   RO         8562    .ARM.Collect$$libinit$$0000000E  c_w.l(libinit2.o)
    0x08000202   0x08000202   0x00000000   Code   RO         8565    .ARM.Collect$$libinit$$00000011  c_w.l(libinit2.o)
    0x08000202   0x08000202   0x00000000   Code   RO         8567    .ARM.Collect$$libinit$$00000013  c_w.l(libinit2.o)
    0x08000202   0x08000202   0x00000000   Code   RO         8569    .ARM.Collect$$libinit$$00000015  c_w.l(libinit2.o)
    0x08000202   0x08000202   0x00000000   Code   RO         8571    .ARM.Collect$$libinit$$00000017  c_w.l(libinit2.o)
    0x08000202   0x08000202   0x00000000   Code   RO         8573    .ARM.Collect$$libinit$$00000019  c_w.l(libinit2.o)
    0x08000202   0x08000202   0x00000000   Code   RO         8575    .ARM.Collect$$libinit$$0000001B  c_w.l(libinit2.o)
    0x08000202   0x08000202   0x00000000   Code   RO         8577    .ARM.Collect$$libinit$$0000001D  c_w.l(libinit2.o)
    0x08000202   0x08000202   0x00000000   Code   RO         8579    .ARM.Collect$$libinit$$0000001F  c_w.l(libinit2.o)
    0x08000202   0x08000202   0x00000000   Code   RO         8581    .ARM.Collect$$libinit$$00000021  c_w.l(libinit2.o)
    0x08000202   0x08000202   0x00000000   Code   RO         8583    .ARM.Collect$$libinit$$00000023  c_w.l(libinit2.o)
    0x08000202   0x08000202   0x00000000   Code   RO         8585    .ARM.Collect$$libinit$$00000025  c_w.l(libinit2.o)
    0x08000202   0x08000202   0x00000000   Code   RO         8589    .ARM.Collect$$libinit$$0000002C  c_w.l(libinit2.o)
    0x08000202   0x08000202   0x00000000   Code   RO         8591    .ARM.Collect$$libinit$$0000002E  c_w.l(libinit2.o)
    0x08000202   0x08000202   0x00000000   Code   RO         8593    .ARM.Collect$$libinit$$00000030  c_w.l(libinit2.o)
    0x08000202   0x08000202   0x00000000   Code   RO         8595    .ARM.Collect$$libinit$$00000032  c_w.l(libinit2.o)
    0x08000202   0x08000202   0x00000002   Code   RO         8596    .ARM.Collect$$libinit$$00000033  c_w.l(libinit2.o)
    0x08000204   0x08000204   0x00000002   Code   RO         8616    .ARM.Collect$$libshutdown$$00000000  c_w.l(libshutdown.o)
    0x08000206   0x08000206   0x00000000   Code   RO         8629    .ARM.Collect$$libshutdown$$00000002  c_w.l(libshutdown2.o)
    0x08000206   0x08000206   0x00000000   Code   RO         8631    .ARM.Collect$$libshutdown$$00000004  c_w.l(libshutdown2.o)
    0x08000206   0x08000206   0x00000000   Code   RO         8634    .ARM.Collect$$libshutdown$$00000007  c_w.l(libshutdown2.o)
    0x08000206   0x08000206   0x00000000   Code   RO         8637    .ARM.Collect$$libshutdown$$0000000A  c_w.l(libshutdown2.o)
    0x08000206   0x08000206   0x00000000   Code   RO         8639    .ARM.Collect$$libshutdown$$0000000C  c_w.l(libshutdown2.o)
    0x08000206   0x08000206   0x00000000   Code   RO         8642    .ARM.Collect$$libshutdown$$0000000F  c_w.l(libshutdown2.o)
    0x08000206   0x08000206   0x00000002   Code   RO         8643    .ARM.Collect$$libshutdown$$00000010  c_w.l(libshutdown2.o)
    0x08000208   0x08000208   0x00000000   Code   RO         8455    .ARM.Collect$$rtentry$$00000000  c_w.l(__rtentry.o)
    0x08000208   0x08000208   0x00000000   Code   RO         8500    .ARM.Collect$$rtentry$$00000002  c_w.l(__rtentry2.o)
    0x08000208   0x08000208   0x00000006   Code   RO         8512    .ARM.Collect$$rtentry$$00000004  c_w.l(__rtentry4.o)
    0x0800020e   0x0800020e   0x00000000   Code   RO         8502    .ARM.Collect$$rtentry$$00000009  c_w.l(__rtentry2.o)
    0x0800020e   0x0800020e   0x00000004   Code   RO         8503    .ARM.Collect$$rtentry$$0000000A  c_w.l(__rtentry2.o)
    0x08000212   0x08000212   0x00000000   Code   RO         8505    .ARM.Collect$$rtentry$$0000000C  c_w.l(__rtentry2.o)
    0x08000212   0x08000212   0x00000008   Code   RO         8506    .ARM.Collect$$rtentry$$0000000D  c_w.l(__rtentry2.o)
    0x0800021a   0x0800021a   0x00000002   Code   RO         8550    .ARM.Collect$$rtexit$$00000000  c_w.l(rtexit.o)
    0x0800021c   0x0800021c   0x00000000   Code   RO         8598    .ARM.Collect$$rtexit$$00000002  c_w.l(rtexit2.o)
    0x0800021c   0x0800021c   0x00000004   Code   RO         8599    .ARM.Collect$$rtexit$$00000003  c_w.l(rtexit2.o)
    0x08000220   0x08000220   0x00000006   Code   RO         8600    .ARM.Collect$$rtexit$$00000004  c_w.l(rtexit2.o)
    0x08000226   0x08000226   0x00000002   PAD
    0x08000228   0x08000228   0x00000040   Code   RO         8335    .text               startup_stm32f40xx.o
    0x08000268   0x08000268   0x00000058   Code   RO         8387    .text               c_w.l(memcmp.o)
    0x080002c0   0x080002c0   0x0000003e   Code   RO         8389    .text               c_w.l(strlen.o)
    0x080002fe   0x080002fe   0x0000008a   Code   RO         8391    .text               c_w.l(rt_memcpy_v6.o)
    0x08000388   0x08000388   0x00000044   Code   RO         8393    .text               c_w.l(rt_memclr.o)
    0x080003cc   0x080003cc   0x0000004e   Code   RO         8395    .text               c_w.l(rt_memclr_w.o)
    0x0800041a   0x0800041a   0x00000006   Code   RO         8397    .text               c_w.l(heapauxi.o)
    0x08000420   0x08000420   0x00000016   Code   RO         8456    .text               c_w.l(_rserrno.o)
    0x08000436   0x08000436   0x00000064   Code   RO         8458    .text               c_w.l(rt_memcpy_w.o)
    0x0800049a   0x0800049a   0x00000002   PAD
    0x0800049c   0x0800049c   0x00000008   Code   RO         8517    .text               c_w.l(rt_errno_addr_intlibspace.o)
    0x080004a4   0x080004a4   0x00000008   Code   RO         8537    .text               c_w.l(libspace.o)
    0x080004ac   0x080004ac   0x0000004a   Code   RO         8540    .text               c_w.l(sys_stackheap_outer.o)
    0x080004f6   0x080004f6   0x00000012   Code   RO         8542    .text               c_w.l(exit.o)
    0x08000508   0x08000508   0x0000000c   Code   RO         8608    .text               c_w.l(sys_exit.o)
    0x08000514   0x08000514   0x00000002   Code   RO         8619    .text               c_w.l(use_no_semi.o)
    0x08000516   0x08000516   0x00000000   Code   RO         8621    .text               c_w.l(indicate_semi.o)
    0x08000516   0x08000516   0x00000002   PAD
    0x08000518   0x08000518   0x00000094   Code   RO         3343    i.ADC_Cmd           stm32f4xx_adc.o
    0x080005ac   0x080005ac   0x000001a0   Code   RO         3344    i.ADC_CommonInit    stm32f4xx_adc.o
    0x0800074c   0x0800074c   0x000000f8   Code   RO          851    i.ADC_Config        adc_port.o
    0x08000844   0x08000844   0x00000094   Code   RO         3347    i.ADC_DMACmd        stm32f4xx_adc.o
    0x080008d8   0x080008d8   0x00000094   Code   RO         3348    i.ADC_DMARequestAfterLastTransferCmd  stm32f4xx_adc.o
    0x0800096c   0x0800096c   0x000001e4   Code   RO         3363    i.ADC_Init          stm32f4xx_adc.o
    0x08000b50   0x08000b50   0x000001e0   Code   RO         3368    i.ADC_RegularChannelConfig  stm32f4xx_adc.o
    0x08000d30   0x08000d30   0x00000074   Code   RO         3370    i.ADC_SoftwareStartConv  stm32f4xx_adc.o
    0x08000da4   0x08000da4   0x00000034   Code   RO          345    i.AT24CXX_Check     at24cxx.o
    0x08000dd8   0x08000dd8   0x00000008   Code   RO          346    i.AT24CXX_Init      at24cxx.o
    0x08000de0   0x08000de0   0x0000002e   Code   RO          347    i.AT24CXX_Read      at24cxx.o
    0x08000e0e   0x08000e0e   0x00000054   Code   RO          349    i.AT24CXX_ReadOneByte  at24cxx.o
    0x08000e62   0x08000e62   0x0000004c   Code   RO          352    i.AT24CXX_WriteOneByte  at24cxx.o
    0x08000eae   0x08000eae   0x00000004   Code   RO          268    i.BusFault_Handler  stm32f4xx_it.o
    0x08000eb2   0x08000eb2   0x00000002   PAD
    0x08000eb4   0x08000eb4   0x000000fc   Code   RO         4364    i.DMA_Cmd           stm32f4xx_dma.o
    0x08000fb0   0x08000fb0   0x000002dc   Code   RO         4376    i.DMA_Init          stm32f4xx_dma.o
    0x0800128c   0x0800128c   0x00000002   Code   RO          269    i.DebugMon_Handler  stm32f4xx_it.o
    0x0800128e   0x0800128e   0x00000002   PAD
    0x08001290   0x08001290   0x00000024   Code   RO            4    i.Delay             main.o
    0x080012b4   0x080012b4   0x0000007c   Code   RO          605    i.ETH_BSP_Config    stm32f4x7_eth_bsp.o
    0x08001330   0x08001330   0x000000dc   Code   RO         2663    i.ETH_CheckFrameReceived  stm32f4x7_eth.o
    0x0800140c   0x0800140c   0x0000006c   Code   RO         2667    i.ETH_DMAReceptionCmd  stm32f4x7_eth.o
    0x08001478   0x08001478   0x00000064   Code   RO         2668    i.ETH_DMARxDescChainInit  stm32f4x7_eth.o
    0x080014dc   0x080014dc   0x0000006c   Code   RO         2670    i.ETH_DMATransmissionCmd  stm32f4x7_eth.o
    0x08001548   0x08001548   0x00000050   Code   RO         2673    i.ETH_DMATxDescChainInit  stm32f4x7_eth.o
    0x08001598   0x08001598   0x00000064   Code   RO         2674    i.ETH_DMATxDescChecksumInsertionConfig  stm32f4x7_eth.o
    0x080015fc   0x080015fc   0x00000016   Code   RO         2679    i.ETH_DeInit        stm32f4x7_eth.o
    0x08001612   0x08001612   0x00000002   PAD
    0x08001614   0x08001614   0x0000002c   Code   RO         2681    i.ETH_FlushTransmitFIFO  stm32f4x7_eth.o
    0x08001640   0x08001640   0x00000164   Code   RO          606    i.ETH_GPIO_Config   stm32f4x7_eth_bsp.o
    0x080017a4   0x080017a4   0x00000018   Code   RO         2707    i.ETH_GetSoftwareResetStatus  stm32f4x7_eth.o
    0x080017bc   0x080017bc   0x00000048   Code   RO         2709    i.ETH_Get_Received_Frame  stm32f4x7_eth.o
    0x08001804   0x08001804   0x00000960   Code   RO         2712    i.ETH_Init          stm32f4x7_eth.o
    0x08002164   0x08002164   0x00000084   Code   RO         2714    i.ETH_MACAddressConfig  stm32f4x7_eth.o
    0x080021e8   0x080021e8   0x000000a0   Code   RO          607    i.ETH_MACDMA_Config  stm32f4x7_eth_bsp.o
    0x08002288   0x08002288   0x00000084   Code   RO         2719    i.ETH_MACReceptionCmd  stm32f4x7_eth.o
    0x0800230c   0x0800230c   0x00000084   Code   RO         2720    i.ETH_MACTransmissionCmd  stm32f4x7_eth.o
    0x08002390   0x08002390   0x000000cc   Code   RO         2731    i.ETH_Prepare_Transmit_Descriptors  stm32f4x7_eth.o
    0x0800245c   0x0800245c   0x000000cc   Code   RO         2732    i.ETH_ReadPHYRegister  stm32f4x7_eth.o
    0x08002528   0x08002528   0x00000014   Code   RO         2740    i.ETH_SoftwareReset  stm32f4x7_eth.o
    0x0800253c   0x0800253c   0x00000020   Code   RO         2741    i.ETH_Start         stm32f4x7_eth.o
    0x0800255c   0x0800255c   0x00000020   Code   RO         2742    i.ETH_Stop          stm32f4x7_eth.o
    0x0800257c   0x0800257c   0x000000b2   Code   RO         2743    i.ETH_StructInit    stm32f4x7_eth.o
    0x0800262e   0x0800262e   0x00000002   PAD
    0x08002630   0x08002630   0x000000cc   Code   RO         2745    i.ETH_WritePHYRegister  stm32f4x7_eth.o
    0x080026fc   0x080026fc   0x00000100   Code   RO          608    i.ETH_link_callback  stm32f4x7_eth_bsp.o
    0x080027fc   0x080027fc   0x0000001c   Code   RO          270    i.EXTI15_10_IRQHandler  stm32f4xx_it.o
    0x08002818   0x08002818   0x00000060   Code   RO         4651    i.EXTI_ClearITPendingBit  stm32f4xx_exti.o
    0x08002878   0x08002878   0x000000e4   Code   RO         4655    i.EXTI_GetITStatus  stm32f4xx_exti.o
    0x0800295c   0x0800295c   0x0000012c   Code   RO         4656    i.EXTI_Init         stm32f4xx_exti.o
    0x08002a88   0x08002a88   0x00000070   Code   RO          609    i.Eth_Link_EXTIConfig  stm32f4x7_eth_bsp.o
    0x08002af8   0x08002af8   0x00000040   Code   RO          610    i.Eth_Link_ITHandler  stm32f4x7_eth_bsp.o
    0x08002b38   0x08002b38   0x00000046   Code   RO          611    i.Eth_Link_PHYITConfig  stm32f4x7_eth_bsp.o
    0x08002b7e   0x08002b7e   0x00000002   PAD
    0x08002b80   0x08002b80   0x0000004c   Code   RO          881    i.GPIO_In_Config    gpio_port.o
    0x08002bcc   0x08002bcc   0x000001c8   Code   RO         5164    i.GPIO_Init         stm32f4xx_gpio.o
    0x08002d94   0x08002d94   0x00000094   Code   RO          882    i.GPIO_Out_Config   gpio_port.o
    0x08002e28   0x08002e28   0x000001c8   Code   RO         5165    i.GPIO_PinAFConfig  stm32f4xx_gpio.o
    0x08002ff0   0x08002ff0   0x0000012c   Code   RO         5168    i.GPIO_ReadInputDataBit  stm32f4xx_gpio.o
    0x0800311c   0x0800311c   0x00000004   Code   RO          271    i.HardFault_Handler  stm32f4xx_it.o
    0x08003120   0x08003120   0x00000050   Code   RO          779    i.IIC_Ack           iic_gpio.o
    0x08003170   0x08003170   0x00000044   Code   RO          780    i.IIC_Init          iic_gpio.o
    0x080031b4   0x080031b4   0x00000050   Code   RO          781    i.IIC_NAck          iic_gpio.o
    0x08003204   0x08003204   0x0000006c   Code   RO          782    i.IIC_Read_Byte     iic_gpio.o
    0x08003270   0x08003270   0x00000068   Code   RO          783    i.IIC_Send_Byte     iic_gpio.o
    0x080032d8   0x080032d8   0x0000004c   Code   RO          784    i.IIC_Start         iic_gpio.o
    0x08003324   0x08003324   0x0000004c   Code   RO          785    i.IIC_Stop          iic_gpio.o
    0x08003370   0x08003370   0x00000060   Code   RO          786    i.IIC_Wait_Ack      iic_gpio.o
    0x080033d0   0x080033d0   0x0000008c   Code   RO          530    i.LwIP_Init         netconf.o
    0x0800345c   0x0800345c   0x0000003c   Code   RO          531    i.LwIP_Periodic_Handle  netconf.o
    0x08003498   0x08003498   0x00000010   Code   RO          532    i.LwIP_Pkt_Handle   netconf.o
    0x080034a8   0x080034a8   0x00000004   Code   RO          272    i.MemManage_Handler  stm32f4xx_it.o
    0x080034ac   0x080034ac   0x00000002   Code   RO          273    i.NMI_Handler       stm32f4xx_it.o
    0x080034ae   0x080034ae   0x00000002   PAD
    0x080034b0   0x080034b0   0x000000e0   Code   RO         3188    i.NVIC_Init         misc.o
    0x08003590   0x08003590   0x00000070   Code   RO         3189    i.NVIC_PriorityGroupConfig  misc.o
    0x08003600   0x08003600   0x00000028   Code   RO          612    i.NVIC_SetPriority  stm32f4x7_eth_bsp.o
    0x08003628   0x08003628   0x0000008c   Code   RO         6090    i.RCC_AHB1PeriphClockCmd  stm32f4xx_rcc.o
    0x080036b4   0x080036b4   0x0000008c   Code   RO         6092    i.RCC_AHB1PeriphResetCmd  stm32f4xx_rcc.o
    0x08003740   0x08003740   0x00000088   Code   RO         6099    i.RCC_APB1PeriphClockCmd  stm32f4xx_rcc.o
    0x080037c8   0x080037c8   0x0000008c   Code   RO         6102    i.RCC_APB2PeriphClockCmd  stm32f4xx_rcc.o
    0x08003854   0x08003854   0x000000e8   Code   RO         6111    i.RCC_GetClocksFreq  stm32f4xx_rcc.o
    0x0800393c   0x0800393c   0x000000a4   Code   RO         6124    i.RCC_MCO1Config    stm32f4xx_rcc.o
    0x080039e0   0x080039e0   0x00000078   Code   RO          929    i.STM_EVAL_COMInit  usart_port.o
    0x08003a58   0x08003a58   0x0000005c   Code   RO         7412    i.SYSCFG_ETH_MediaInterfaceConfig  stm32f4xx_syscfg.o
    0x08003ab4   0x08003ab4   0x000000fc   Code   RO         7413    i.SYSCFG_EXTILineConfig  stm32f4xx_syscfg.o
    0x08003bb0   0x08003bb0   0x00000108   Code   RO         8294    i.SetSysClock       system_stm32f4xx.o
    0x08003cb8   0x08003cb8   0x00000070   Code   RO         3192    i.SysTick_CLKSourceConfig  misc.o
    0x08003d28   0x08003d28   0x00000034   Code   RO          274    i.SysTick_Handler   stm32f4xx_it.o
    0x08003d5c   0x08003d5c   0x00000068   Code   RO         8296    i.SystemInit        system_stm32f4xx.o
    0x08003dc4   0x08003dc4   0x00000010   Code   RO            5    i.Time_Update       main.o
    0x08003dd4   0x08003dd4   0x000000dc   Code   RO         8040    i.USART_Cmd         stm32f4xx_usart.o
    0x08003eb0   0x08003eb0   0x00000032   Code   RO          930    i.USART_Config      usart_port.o
    0x08003ee2   0x08003ee2   0x00000002   PAD
    0x08003ee4   0x08003ee4   0x00000128   Code   RO         8043    i.USART_GetFlagStatus  stm32f4xx_usart.o
    0x0800400c   0x0800400c   0x00000254   Code   RO         8047    i.USART_Init        stm32f4xx_usart.o
    0x08004260   0x08004260   0x000000b8   Code   RO         8054    i.USART_ReceiveData  stm32f4xx_usart.o
    0x08004318   0x08004318   0x00000004   Code   RO          275    i.UsageFault_Handler  stm32f4xx_it.o
    0x0800431c   0x0800431c   0x00000030   Code   RO         8533    i.__ARM_fpclassify  m_wm.l(fpclassify.o)
    0x0800434c   0x0800434c   0x00000004   PAD
    0x08004350   0x08004350   0x000000c8   Code   RO         8419    i.__hardfp_cos      m_wm.l(cos.o)
    0x08004418   0x08004418   0x000000c8   Code   RO         8431    i.__hardfp_sin      m_wm.l(sin.o)
    0x080044e0   0x080044e0   0x0000003a   Code   RO         8443    i.__hardfp_sqrtf    m_wm.l(sqrtf.o)
    0x0800451a   0x0800451a   0x00000006   PAD
    0x08004520   0x08004520   0x00000438   Code   RO         8488    i.__ieee754_rem_pio2  m_wm.l(rred.o)
    0x08004958   0x08004958   0x00000170   Code   RO         8471    i.__kernel_cos      m_wm.l(cos_i.o)
    0x08004ac8   0x08004ac8   0x000000f8   Code   RO         8535    i.__kernel_poly     m_wm.l(poly.o)
    0x08004bc0   0x08004bc0   0x00000130   Code   RO         8493    i.__kernel_sin      m_wm.l(sin_i.o)
    0x08004cf0   0x08004cf0   0x00000014   Code   RO         8475    i.__mathlib_dbl_infnan  m_wm.l(dunder.o)
    0x08004d04   0x08004d04   0x00000004   PAD
    0x08004d08   0x08004d08   0x00000020   Code   RO         8477    i.__mathlib_dbl_invalid  m_wm.l(dunder.o)
    0x08004d28   0x08004d28   0x00000020   Code   RO         8480    i.__mathlib_dbl_underflow  m_wm.l(dunder.o)
    0x08004d48   0x08004d48   0x00000004   Code   RO            6    i.assert_failed     main.o
    0x08004d4c   0x08004d4c   0x000000c0   Code   RO          465    i.cal_len_of_vertical_line  cal_lms5xx.o
    0x08004e0c   0x08004e0c   0x00000028   Code   RO          466    i.cal_par_init      cal_lms5xx.o
    0x08004e34   0x08004e34   0x00000070   Code   RO          467    i.deal_tcp_frame    cal_lms5xx.o
    0x08004ea4   0x08004ea4   0x0000001c   Code   RO          971    i.delay_ms          delay.o
    0x08004ec0   0x08004ec0   0x00000016   Code   RO          972    i.delay_us          delay.o
    0x08004ed6   0x08004ed6   0x0000002e   Code   RO         1107    i.dhcp_arp_reply    dhcp.o
    0x08004f04   0x08004f04   0x00000148   Code   RO         1112    i.dhcp_create_msg   dhcp.o
    0x0800504c   0x0800504c   0x00000084   Code   RO         1113    i.dhcp_decline      dhcp.o
    0x080050d0   0x080050d0   0x00000028   Code   RO         1114    i.dhcp_delete_msg   dhcp.o
    0x080050f8   0x080050f8   0x000000c4   Code   RO         1115    i.dhcp_discover     dhcp.o
    0x080051bc   0x080051bc   0x00000050   Code   RO         1121    i.dhcp_network_changed  dhcp.o
    0x0800520c   0x0800520c   0x00000020   Code   RO         1122    i.dhcp_option       dhcp.o
    0x0800522c   0x0800522c   0x00000012   Code   RO         1123    i.dhcp_option_byte  dhcp.o
    0x0800523e   0x0800523e   0x00000042   Code   RO         1124    i.dhcp_option_long  dhcp.o
    0x08005280   0x08005280   0x00000022   Code   RO         1125    i.dhcp_option_short  dhcp.o
    0x080052a2   0x080052a2   0x00000046   Code   RO         1126    i.dhcp_option_trailer  dhcp.o
    0x080052e8   0x080052e8   0x000000a8   Code   RO         1129    i.dhcp_reboot       dhcp.o
    0x08005390   0x08005390   0x00000010   Code   RO         1134    i.dhcp_set_state    dhcp.o
    0x080053a0   0x080053a0   0x0000002c   Code   RO          883    i.di_flilter_init   gpio_port.o
    0x080053cc   0x080053cc   0x0000010c   Code   RO         2519    i.etharp_arp_input  etharp.o
    0x080054d8   0x080054d8   0x00000038   Code   RO         2520    i.etharp_cleanup_netif  etharp.o
    0x08005510   0x08005510   0x00000160   Code   RO         2522    i.etharp_find_entry  etharp.o
    0x08005670   0x08005670   0x00000040   Code   RO         2523    i.etharp_free_entry  etharp.o
    0x080056b0   0x080056b0   0x00000148   Code   RO         2524    i.etharp_output     etharp.o
    0x080057f8   0x080057f8   0x0000006c   Code   RO         2525    i.etharp_output_to_arp_index  etharp.o
    0x08005864   0x08005864   0x0000015c   Code   RO         2526    i.etharp_query      etharp.o
    0x080059c0   0x080059c0   0x000000b2   Code   RO         2527    i.etharp_raw        etharp.o
    0x08005a72   0x08005a72   0x00000002   PAD
    0x08005a74   0x08005a74   0x0000002c   Code   RO         2528    i.etharp_request    etharp.o
    0x08005aa0   0x08005aa0   0x00000038   Code   RO         2529    i.etharp_send_ip    etharp.o
    0x08005ad8   0x08005ad8   0x0000008c   Code   RO         2530    i.etharp_tmr        etharp.o
    0x08005b64   0x08005b64   0x000000b8   Code   RO         2531    i.etharp_update_arp_entry  etharp.o
    0x08005c1c   0x08005c1c   0x000000b8   Code   RO         2532    i.ethernet_input    etharp.o
    0x08005cd4   0x08005cd4   0x00000030   Code   RO         2613    i.ethernetif_init   ethernetif.o
    0x08005d04   0x08005d04   0x0000002a   Code   RO         2614    i.ethernetif_input  ethernetif.o
    0x08005d2e   0x08005d2e   0x00000018   Code   RO         8529    i.fabs              m_wm.l(fabs.o)
    0x08005d46   0x08005d46   0x00000012   Code   RO         2275    i.icmp_dest_unreach  icmp.o
    0x08005d58   0x08005d58   0x0000015c   Code   RO         2276    i.icmp_input        icmp.o
    0x08005eb4   0x08005eb4   0x00000070   Code   RO         2277    i.icmp_send_response  icmp.o
    0x08005f24   0x08005f24   0x00000012   Code   RO         2278    i.icmp_time_exceeded  icmp.o
    0x08005f36   0x08005f36   0x00000014   Code   RO         2323    i.inet_chksum       inet_chksum.o
    0x08005f4a   0x08005f4a   0x00000056   Code   RO         2324    i.inet_chksum_pbuf  inet_chksum.o
    0x08005fa0   0x08005fa0   0x0000000e   Code   RO         8364    i.int_abs           algorithm.o
    0x08005fae   0x08005fae   0x0000004e   Code   RO         2400    i.ip4_addr_isbroadcast  ip_addr.o
    0x08005ffc   0x08005ffc   0x000001ac   Code   RO         2453    i.ip_frag           ip_frag.o
    0x080061a8   0x080061a8   0x0000000a   Code   RO         2454    i.ip_frag_alloc_pbuf_custom_ref  ip_frag.o
    0x080061b2   0x080061b2   0x00000012   Code   RO         2455    i.ip_frag_free_pbuf_custom_ref  ip_frag.o
    0x080061c4   0x080061c4   0x000001b8   Code   RO         2361    i.ip_input          ip.o
    0x0800637c   0x0800637c   0x00000038   Code   RO         2362    i.ip_output         ip.o
    0x080063b4   0x080063b4   0x000000c4   Code   RO         2363    i.ip_output_if      ip.o
    0x08006478   0x08006478   0x0000018c   Code   RO         2456    i.ip_reass          ip_frag.o
    0x08006604   0x08006604   0x00000164   Code   RO         2457    i.ip_reass_chain_frag_into_datagram_and_validate  ip_frag.o
    0x08006768   0x08006768   0x0000002c   Code   RO         2458    i.ip_reass_dequeue_datagram  ip_frag.o
    0x08006794   0x08006794   0x00000054   Code   RO         2459    i.ip_reass_enqueue_new_datagram  ip_frag.o
    0x080067e8   0x080067e8   0x000000a0   Code   RO         2460    i.ip_reass_free_complete_datagram  ip_frag.o
    0x08006888   0x08006888   0x0000007c   Code   RO         2461    i.ip_reass_remove_oldest_datagram  ip_frag.o
    0x08006904   0x08006904   0x00000054   Code   RO         2364    i.ip_route          ip.o
    0x08006958   0x08006958   0x00000020   Code   RO         2463    i.ipfrag_free_pbuf_custom  ip_frag.o
    0x08006978   0x08006978   0x000000da   Code   RO         8340    i.length_of_altitude  triangle.o
    0x08006a52   0x08006a52   0x00000002   PAD
    0x08006a54   0x08006a54   0x00000080   Code   RO         2615    i.low_level_init    ethernetif.o
    0x08006ad4   0x08006ad4   0x000000e0   Code   RO         2616    i.low_level_input   ethernetif.o
    0x08006bb4   0x08006bb4   0x000000e0   Code   RO         2617    i.low_level_output  ethernetif.o
    0x08006c94   0x08006c94   0x0000001a   Code   RO         1074    i.lwip_htonl        def.o
    0x08006cae   0x08006cae   0x0000000c   Code   RO         1075    i.lwip_htons        def.o
    0x08006cba   0x08006cba   0x0000000c   Code   RO         1076    i.lwip_ntohl        def.o
    0x08006cc6   0x08006cc6   0x0000000c   Code   RO         1077    i.lwip_ntohs        def.o
    0x08006cd2   0x08006cd2   0x0000005e   Code   RO         2327    i.lwip_standard_chksum  inet_chksum.o
    0x08006d30   0x08006d30   0x000000a0   Code   RO            7    i.main              main.o
    0x08006dd0   0x08006dd0   0x00000050   Code   RO         1412    i.mem_free          mem.o
    0x08006e20   0x08006e20   0x0000005c   Code   RO         1413    i.mem_init          mem.o
    0x08006e7c   0x08006e7c   0x000000ec   Code   RO         1414    i.mem_malloc        mem.o
    0x08006f68   0x08006f68   0x0000012c   Code   RO         1415    i.mem_trim          mem.o
    0x08007094   0x08007094   0x00000020   Code   RO         1456    i.memp_free         memp.o
    0x080070b4   0x080070b4   0x00000064   Code   RO         1457    i.memp_init         memp.o
    0x08007118   0x08007118   0x0000002c   Code   RO         1458    i.memp_malloc       memp.o
    0x08007144   0x08007144   0x00000070   Code   RO         1498    i.netif_add         netif.o
    0x080071b4   0x080071b4   0x00000028   Code   RO         1502    i.netif_set_addr    netif.o
    0x080071dc   0x080071dc   0x0000000c   Code   RO         1503    i.netif_set_default  netif.o
    0x080071e8   0x080071e8   0x0000002a   Code   RO         1504    i.netif_set_down    netif.o
    0x08007212   0x08007212   0x0000000c   Code   RO         1505    i.netif_set_gw      netif.o
    0x0800721e   0x0800721e   0x00000002   PAD
    0x08007220   0x08007220   0x00000078   Code   RO         1506    i.netif_set_ipaddr  netif.o
    0x08007298   0x08007298   0x00000006   Code   RO         1507    i.netif_set_link_callback  netif.o
    0x0800729e   0x0800729e   0x0000002a   Code   RO         1508    i.netif_set_link_down  netif.o
    0x080072c8   0x080072c8   0x00000050   Code   RO         1509    i.netif_set_link_up  netif.o
    0x08007318   0x08007318   0x0000000c   Code   RO         1510    i.netif_set_netmask  netif.o
    0x08007324   0x08007324   0x00000036   Code   RO         1511    i.netif_set_up      netif.o
    0x0800735a   0x0800735a   0x00000192   Code   RO         1598    i.pbuf_alloc        pbuf.o
    0x080074ec   0x080074ec   0x0000006c   Code   RO         1599    i.pbuf_alloced_custom  pbuf.o
    0x08007558   0x08007558   0x00000038   Code   RO         1600    i.pbuf_cat          pbuf.o
    0x08007590   0x08007590   0x00000016   Code   RO         1601    i.pbuf_chain        pbuf.o
    0x080075a6   0x080075a6   0x00000012   Code   RO         1602    i.pbuf_clen         pbuf.o
    0x080075b8   0x080075b8   0x000000c0   Code   RO         1604    i.pbuf_copy         pbuf.o
    0x08007678   0x08007678   0x00000092   Code   RO         1605    i.pbuf_copy_partial  pbuf.o
    0x0800770a   0x0800770a   0x00000086   Code   RO         1607    i.pbuf_free         pbuf.o
    0x08007790   0x08007790   0x0000007e   Code   RO         1609    i.pbuf_header       pbuf.o
    0x0800780e   0x0800780e   0x00000078   Code   RO         1612    i.pbuf_realloc      pbuf.o
    0x08007886   0x08007886   0x0000000a   Code   RO         1613    i.pbuf_ref          pbuf.o
    0x08007890   0x08007890   0x00000074   Code   RO         1615    i.pbuf_take         pbuf.o
    0x08007904   0x08007904   0x00000088   Code   RO         1416    i.plug_holes        mem.o
    0x0800798c   0x0800798c   0x00000074   Code   RO         1717    i.raw_input         raw.o
    0x08007a00   0x08007a00   0x000000e8   Code   RO          884    i.read_di           gpio_port.o
    0x08007ae8   0x08007ae8   0x000000fc   Code   RO          469    i.search_barrier    cal_lms5xx.o
    0x08007be4   0x08007be4   0x00000094   Code   RO         1783    i.tcp_abandon       tcp.o
    0x08007c78   0x08007c78   0x0000000e   Code   RO         1784    i.tcp_abort         tcp.o
    0x08007c86   0x08007c86   0x00000002   PAD
    0x08007c88   0x08007c88   0x000000bc   Code   RO         1787    i.tcp_alloc         tcp.o
    0x08007d44   0x08007d44   0x00000004   Code   RO         1788    i.tcp_arg           tcp.o
    0x08007d48   0x08007d48   0x0000001c   Code   RO         1790    i.tcp_close         tcp.o
    0x08007d64   0x08007d64   0x000001c8   Code   RO         1791    i.tcp_close_shutdown  tcp.o
    0x08007f2c   0x08007f2c   0x00000154   Code   RO         1792    i.tcp_connect       tcp.o
    0x08008080   0x08008080   0x000000ac   Code   RO         2066    i.tcp_create_segment  tcp_out.o
    0x0800812c   0x0800812c   0x00000040   Code   RO          685    i.tcp_echoclient_connect  tcp_echoclient.o
    0x0800816c   0x0800816c   0x000000a8   Code   RO          686    i.tcp_echoclient_connected  tcp_echoclient.o
    0x08008214   0x08008214   0x00000030   Code   RO          687    i.tcp_echoclient_connection_close  tcp_echoclient.o
    0x08008244   0x08008244   0x00000050   Code   RO          688    i.tcp_echoclient_poll  tcp_echoclient.o
    0x08008294   0x08008294   0x0000016c   Code   RO          689    i.tcp_echoclient_recv  tcp_echoclient.o
    0x08008400   0x08008400   0x00000050   Code   RO          690    i.tcp_echoclient_send  tcp_echoclient.o
    0x08008450   0x08008450   0x0000001e   Code   RO          691    i.tcp_echoclient_sent  tcp_echoclient.o
    0x0800846e   0x0800846e   0x0000002e   Code   RO         1794    i.tcp_eff_send_mss  tcp.o
    0x0800849c   0x0800849c   0x00000110   Code   RO         2067    i.tcp_enqueue_flags  tcp_out.o
    0x080085ac   0x080085ac   0x0000007c   Code   RO         1796    i.tcp_fasttmr       tcp.o
    0x08008628   0x08008628   0x0000047c   Code   RO         2015    i.tcp_input         tcp_in.o
    0x08008aa4   0x08008aa4   0x00000044   Code   RO         2068    i.tcp_keepalive     tcp_out.o
    0x08008ae8   0x08008ae8   0x00000054   Code   RO         1798    i.tcp_kill_prio     tcp.o
    0x08008b3c   0x08008b3c   0x0000003c   Code   RO         1799    i.tcp_kill_timewait  tcp.o
    0x08008b78   0x08008b78   0x00000130   Code   RO         2016    i.tcp_listen_input  tcp_in.o
    0x08008ca8   0x08008ca8   0x0000000a   Code   RO         1801    i.tcp_new           tcp.o
    0x08008cb2   0x08008cb2   0x00000002   PAD
    0x08008cb4   0x08008cb4   0x00000068   Code   RO         1802    i.tcp_new_port      tcp.o
    0x08008d1c   0x08008d1c   0x0000001c   Code   RO         1803    i.tcp_next_iss      tcp.o
    0x08008d38   0x08008d38   0x000001c0   Code   RO         2069    i.tcp_output        tcp_out.o
    0x08008ef8   0x08008ef8   0x00000078   Code   RO         2070    i.tcp_output_alloc_header  tcp_out.o
    0x08008f70   0x08008f70   0x000000d0   Code   RO         2071    i.tcp_output_segment  tcp_out.o
    0x08009040   0x08009040   0x000000b8   Code   RO         2017    i.tcp_parseopt      tcp_in.o
    0x080090f8   0x080090f8   0x00000078   Code   RO         2072    i.tcp_pbuf_prealloc  tcp_out.o
    0x08009170   0x08009170   0x00000040   Code   RO         1804    i.tcp_pcb_purge     tcp.o
    0x080091b0   0x080091b0   0x00000090   Code   RO         1805    i.tcp_pcb_remove    tcp.o
    0x08009240   0x08009240   0x0000000e   Code   RO         1806    i.tcp_poll          tcp.o
    0x0800924e   0x0800924e   0x00000002   PAD
    0x08009250   0x08009250   0x0000058c   Code   RO         2018    i.tcp_process       tcp_in.o
    0x080097dc   0x080097dc   0x0000008c   Code   RO         1807    i.tcp_process_refused_data  tcp.o
    0x08009868   0x08009868   0x00000028   Code   RO          692    i.tcp_rec_fifo_init  tcp_echoclient.o
    0x08009890   0x08009890   0x0000063c   Code   RO         2019    i.tcp_receive       tcp_in.o
    0x08009ecc   0x08009ecc   0x00000008   Code   RO         1808    i.tcp_recv          tcp.o
    0x08009ed4   0x08009ed4   0x0000002e   Code   RO         1809    i.tcp_recv_null     tcp.o
    0x08009f02   0x08009f02   0x00000046   Code   RO         1810    i.tcp_recved        tcp.o
    0x08009f48   0x08009f48   0x0000005a   Code   RO         2073    i.tcp_rexmit        tcp_out.o
    0x08009fa2   0x08009fa2   0x00000070   Code   RO         2074    i.tcp_rexmit_fast   tcp_out.o
    0x0800a012   0x0800a012   0x0000003a   Code   RO         2075    i.tcp_rexmit_rto    tcp_out.o
    0x0800a04c   0x0800a04c   0x0000007c   Code   RO         2076    i.tcp_rst           tcp_out.o
    0x0800a0c8   0x0800a0c8   0x0000001a   Code   RO         1811    i.tcp_seg_free      tcp.o
    0x0800a0e2   0x0800a0e2   0x00000018   Code   RO         1812    i.tcp_segs_free     tcp.o
    0x0800a0fa   0x0800a0fa   0x0000004e   Code   RO         2077    i.tcp_send_empty_ack  tcp_out.o
    0x0800a148   0x0800a148   0x0000004a   Code   RO         2078    i.tcp_send_fin      tcp_out.o
    0x0800a192   0x0800a192   0x00000008   Code   RO         1813    i.tcp_sent          tcp.o
    0x0800a19a   0x0800a19a   0x00000002   PAD
    0x0800a19c   0x0800a19c   0x00000334   Code   RO         1816    i.tcp_slowtmr       tcp.o
    0x0800a4d0   0x0800a4d0   0x00000002   Code   RO         2163    i.tcp_timer_needed  timers.o
    0x0800a4d2   0x0800a4d2   0x00000002   PAD
    0x0800a4d4   0x0800a4d4   0x000000ac   Code   RO         2020    i.tcp_timewait_input  tcp_in.o
    0x0800a580   0x0800a580   0x00000024   Code   RO         1817    i.tcp_tmr           tcp.o
    0x0800a5a4   0x0800a5a4   0x0000004e   Code   RO         1818    i.tcp_update_rcv_ann_wnd  tcp.o
    0x0800a5f2   0x0800a5f2   0x00000384   Code   RO         2079    i.tcp_write         tcp_out.o
    0x0800a976   0x0800a976   0x00000070   Code   RO         2080    i.tcp_write_checks  tcp_out.o
    0x0800a9e6   0x0800a9e6   0x000000a4   Code   RO         2081    i.tcp_zero_window_probe  tcp_out.o
    0x0800aa8a   0x0800aa8a   0x00000002   PAD
    0x0800aa8c   0x0800aa8c   0x00000080   Code   RO         2175    i.udp_bind          udp.o
    0x0800ab0c   0x0800ab0c   0x000001d0   Code   RO         2179    i.udp_input         udp.o
    0x0800acdc   0x0800acdc   0x00000058   Code   RO         2181    i.udp_new_port      udp.o
    0x0800ad34   0x0800ad34   0x000000ce   Code   RO         2186    i.udp_sendto_if     udp.o
    0x0800ae02   0x0800ae02   0x00000002   PAD
    0x0800ae04   0x0800ae04   0x00000044   Code   RO          931    i.usart1_receive    usart_port.o
    0x0800ae48   0x0800ae48   0x00000018   Code   RO         8460    x$fpl$basic         fz_wm.l(basic.o)
    0x0800ae60   0x0800ae60   0x00000062   Code   RO         8401    x$fpl$d2f           fz_wm.l(d2f.o)
    0x0800aec2   0x0800aec2   0x00000002   PAD
    0x0800aec4   0x0800aec4   0x00000150   Code   RO         8403    x$fpl$dadd          fz_wm.l(daddsub_clz.o)
    0x0800b014   0x0800b014   0x000002b0   Code   RO         8520    x$fpl$ddiv          fz_wm.l(ddiv.o)
    0x0800b2c4   0x0800b2c4   0x0000005e   Code   RO         8523    x$fpl$dfix          fz_wm.l(dfix.o)
    0x0800b322   0x0800b322   0x0000002e   Code   RO         8410    x$fpl$dflt          fz_wm.l(dflt_clz.o)
    0x0800b350   0x0800b350   0x00000026   Code   RO         8409    x$fpl$dfltu         fz_wm.l(dflt_clz.o)
    0x0800b376   0x0800b376   0x00000002   PAD
    0x0800b378   0x0800b378   0x00000154   Code   RO         8415    x$fpl$dmul          fz_wm.l(dmul.o)
    0x0800b4cc   0x0800b4cc   0x0000009c   Code   RO         8462    x$fpl$dnaninf       fz_wm.l(dnaninf.o)
    0x0800b568   0x0800b568   0x0000000c   Code   RO         8464    x$fpl$dretinf       fz_wm.l(dretinf.o)
    0x0800b574   0x0800b574   0x00000016   Code   RO         8404    x$fpl$drsb          fz_wm.l(daddsub_clz.o)
    0x0800b58a   0x0800b58a   0x00000002   PAD
    0x0800b58c   0x0800b58c   0x000001d4   Code   RO         8405    x$fpl$dsub          fz_wm.l(daddsub_clz.o)
    0x0800b760   0x0800b760   0x00000056   Code   RO         8417    x$fpl$f2d           fz_wm.l(f2d.o)
    0x0800b7b6   0x0800b7b6   0x0000008c   Code   RO         8466    x$fpl$fnaninf       fz_wm.l(fnaninf.o)
    0x0800b842   0x0800b842   0x0000000a   Code   RO         8606    x$fpl$fpinit        fz_wm.l(fpinit.o)
    0x0800b84c   0x0800b84c   0x0000000a   Code   RO         8468    x$fpl$fretinf       fz_wm.l(fretinf.o)
    0x0800b856   0x0800b856   0x00000000   Code   RO         8470    x$fpl$usenofp       fz_wm.l(usenofp.o)
    0x0800b856   0x0800b856   0x00000075   Data   RO          471    .constdata          cal_lms5xx.o
    0x0800b8cb   0x0800b8cb   0x00000001   PAD
    0x0800b8cc   0x0800b8cc   0x00000024   Data   RO         1460    .constdata          memp.o
    0x0800b8f0   0x0800b8f0   0x00000050   Data   RO         1819    .constdata          tcp.o
    0x0800b940   0x0800b940   0x00000008   Data   RO         2407    .constdata          ip_addr.o
    0x0800b948   0x0800b948   0x0000000c   Data   RO         2534    .constdata          etharp.o
    0x0800b954   0x0800b954   0x00000004   PAD
    0x0800b958   0x0800b958   0x00000030   Data   RO         8472    .constdata          m_wm.l(cos_i.o)
    0x0800b988   0x0800b988   0x000000c8   Data   RO         8490    .constdata          m_wm.l(rred.o)
    0x0800ba50   0x0800ba50   0x00000028   Data   RO         8494    .constdata          m_wm.l(sin_i.o)
    0x0800ba78   0x0800ba78   0x00000075   Data   RO         1820    .conststring        tcp.o
    0x0800baed   0x0800baed   0x00000003   PAD
    0x0800baf0   0x0800baf0   0x00000020   Data   RO         8674    Region$$Table       anon$$obj.o


    Execution Region RW_IRAM1 (Exec base: 0x20000000, Load base: 0x0800bb10, Size: 0x0000ce78, Max: 0x00020000, ABSOLUTE)

    Exec Addr    Load Addr    Size         Type   Attr      Idx    E Section Name        Object

    0x20000000   0x0800bb10   0x00000008   Data   RW            9    .data               main.o
    0x20000008   0x0800bb18   0x00000004   Data   RW          417    .data               fault.o
    0x2000000c   0x0800bb1c   0x00000004   Data   RW          441    .data               sys_timer.o
    0x20000010   0x0800bb20   0x0000000c   Data   RW          534    .data               netconf.o
    0x2000001c   0x0800bb2c   0x00000005   Data   RW          614    .data               stm32f4x7_eth_bsp.o
    0x20000021   0x0800bb31   0x00000003   PAD
    0x20000024   0x0800bb34   0x0000001c   Data   RW          694    .data               tcp_echoclient.o
    0x20000040   0x0800bb50   0x00000002   Data   RW          852    .data               adc_port.o
    0x20000042   0x0800bb52   0x00000002   PAD
    0x20000044   0x0800bb54   0x00000004   Data   RW         1142    .data               dhcp.o
    0x20000048   0x0800bb58   0x0000000c   Data   RW         1418    .data               mem.o
    0x20000054   0x0800bb64   0x00000009   Data   RW         1512    .data               netif.o
    0x2000005d   0x0800bb6d   0x00000003   PAD
    0x20000060   0x0800bb70   0x00000004   Data   RW         1723    .data               raw.o
    0x20000064   0x0800bb74   0x00000024   Data   RW         1821    .data               tcp.o
    0x20000088   0x0800bb98   0x00000020   Data   RW         2022    .data               tcp_in.o
    0x200000a8   0x0800bbb8   0x00000008   Data   RW         2187    .data               udp.o
    0x200000b0   0x0800bbc0   0x00000012   Data   RW         2365    .data               ip.o
    0x200000c2   0x0800bbd2   0x00000002   PAD
    0x200000c4   0x0800bbd4   0x00000006   Data   RW         2464    .data               ip_frag.o
    0x200000ca   0x0800bbda   0x00000001   Data   RW         2535    .data               etharp.o
    0x200000cb   0x0800bbdb   0x00000001   PAD
    0x200000cc   0x0800bbdc   0x00000010   Data   RW         2747    .data               stm32f4x7_eth.o
    0x200000dc   0x0800bbec   0x00000010   Data   RW         6143    .data               stm32f4xx_rcc.o
    0x200000ec        -       0x0000000c   Zero   RW            8    .bss                main.o
    0x200000f8        -       0x000000c4   Zero   RW          470    .bss                cal_lms5xx.o
    0x200001bc        -       0x00000038   Zero   RW          533    .bss                netconf.o
    0x200001f4        -       0x000000bc   Zero   RW          613    .bss                stm32f4x7_eth_bsp.o
    0x200002b0        -       0x00001d5c   Zero   RW          693    .bss                tcp_echoclient.o
    0x2000200c        -       0x00000028   Zero   RW          885    .bss                gpio_port.o
    0x20002034        -       0x00000104   Zero   RW          932    .bss                usart_port.o
    0x20002138        -       0x00002814   Zero   RW         1417    .bss                mem.o
    0x2000494c        -       0x00004d47   Zero   RW         1459    .bss                memp.o
    0x20009693   0x0800bbfc   0x00000001   PAD
    0x20009694        -       0x00000010   Zero   RW         2021    .bss                tcp_in.o
    0x200096a4        -       0x000000c8   Zero   RW         2533    .bss                etharp.o
    0x2000976c        -       0x000030ac   Zero   RW         2746    .bss                stm32f4x7_eth.o
    0x2000c818        -       0x00000060   Zero   RW         8538    .bss                c_w.l(libspace.o)
    0x2000c878        -       0x00000200   Zero   RW         8333    HEAP                startup_stm32f40xx.o
    0x2000ca78        -       0x00000400   Zero   RW         8332    STACK               startup_stm32f40xx.o


==============================================================================

Image component sizes


      Code (inc. data)   RO Data    RW Data    ZI Data      Debug   Object Name

       248         16          0          2          0       1372   adc_port.o
        14          0          0          0          0        562   algorithm.o
         0          0          0          0          0        776   api_lib.o
       266          0          0          0          0       3363   at24cxx.o
       596         24        117          0        196       4697   cal_lms5xx.o
        62          0          0          0          0       2244   def.o
        50          4          0          0          0       1002   delay.o
      1226         26          0          4          0      22510   dhcp.o
      2310         66         12          1        200      14168   etharp.o
       666         46          0          0          0       5054   ethernetif.o
         0          0          0          4          0        205   fault.o
       500         40          0          0         40       4246   gpio_port.o
       496          8          0          0          0       3826   icmp.o
       688        108          0          0          0       4362   iic_gpio.o
         0          0          0          0          0       3836   inet.o
       200          0          0          0          0       2757   inet_chksum.o
         0          0          0          0          0      14760   init.o
       776         32          0         18          0       7653   ip.o
        78          0          8          0          0       7270   ip_addr.o
      1652         36          0          6          0      10037   ip_frag.o
       216         36          0          8         12     346476   main.o
       844         68          0         12      10260       5149   mem.o
       176         26         36          0      19783       3954   memp.o
       448        168          0          0          0     298813   misc.o
       216         44          0         12         56       8508   netconf.o
       532         24          0          9          0       9718   netif.o
      1450          0          0          0          0      10783   pbuf.o
       116         14          0          4          0       1584   raw.o
        64         26        392          0       1536        928   startup_stm32f40xx.o
      4548        648          0         16      12460      17049   stm32f4x7_eth.o
      1182         90          0          5        188      33986   stm32f4x7_eth_bsp.o
      1940        516          0          0          0       6771   stm32f4xx_adc.o
       984        144          0          0          0       2973   stm32f4xx_dma.o
       624        194          0          0          0       2584   stm32f4xx_exti.o
      1212        314          0          0          0       3131   stm32f4xx_gpio.o
       100         12          0          0          0       3730   stm32f4xx_it.o
       952        360          0         16          0       6585   stm32f4xx_rcc.o
       344        130          0          0          0       1506   stm32f4xx_syscfg.o
      1296        406          0          0          0       4015   stm32f4xx_usart.o
         0          0          0          4          0        208   sys_timer.o
       368         36          0          0          0       1525   system_stm32f4xx.o
      3112        168        197         36          0      29245   tcp.o
       874         54          0         28       7516      11292   tcp_echoclient.o
      4824        288          0         32         16      16835   tcp_in.o
      3120         10          0          0          0      15583   tcp_out.o
         2          0          0          0          0        495   timers.o
       218          0          0          0          0        805   triangle.o
       886         28          0          8          0      13433   udp.o
       238         18          0          0        260       2703   usart_port.o

    ----------------------------------------------------------------------
     40748       4228        802        236      52524     975067   Object Totals
         0          0         32          0          0          0   (incl. Generated)
        34          0          8         11          1          0   (incl. Padding)

    ----------------------------------------------------------------------

      Code (inc. data)   RO Data    RW Data    ZI Data      Debug   Library Member Name

         8          0          0          0          0         68   __main.o
         0          0          0          0          0          0   __rtentry.o
        12          0          0          0          0          0   __rtentry2.o
         6          0          0          0          0          0   __rtentry4.o
        52          8          0          0          0          0   __scatter.o
        26          0          0          0          0          0   __scatter_copy.o
        28          0          0          0          0          0   __scatter_zi.o
        22          0          0          0          0        100   _rserrno.o
        18          0          0          0          0         80   exit.o
         6          0          0          0          0        152   heapauxi.o
         0          0          0          0          0          0   indicate_semi.o
         2          0          0          0          0          0   libinit.o
         6          0          0          0          0          0   libinit2.o
         2          0          0          0          0          0   libshutdown.o
         2          0          0          0          0          0   libshutdown2.o
         8          4          0          0         96         68   libspace.o
        88          0          0          0          0         76   memcmp.o
         8          4          0          0          0         68   rt_errno_addr_intlibspace.o
        68          0          0          0          0         68   rt_memclr.o
        78          0          0          0          0         80   rt_memclr_w.o
       138          0          0          0          0         68   rt_memcpy_v6.o
       100          0          0          0          0         80   rt_memcpy_w.o
         2          0          0          0          0          0   rtexit.o
        10          0          0          0          0          0   rtexit2.o
        62          0          0          0          0         76   strlen.o
        12          4          0          0          0         68   sys_exit.o
        74          0          0          0          0         80   sys_stackheap_outer.o
         2          0          0          0          0         68   use_no_semi.o
        24          0          0          0          0        164   basic.o
        98          4          0          0          0        140   d2f.o
       826         16          0          0          0        492   daddsub_clz.o
       688        140          0          0          0        256   ddiv.o
        94          4          0          0          0        140   dfix.o
        84          0          0          0          0        232   dflt_clz.o
       340         12          0          0          0        152   dmul.o
       156          4          0          0          0        140   dnaninf.o
        12          0          0          0          0        116   dretinf.o
        86          4          0          0          0        132   f2d.o
       140          4          0          0          0        132   fnaninf.o
        10          0          0          0          0        116   fpinit.o
        10          0          0          0          0        116   fretinf.o
         0          0          0          0          0          0   usenofp.o
       200         20          0          0          0        164   cos.o
       368         46         48          0          0        200   cos_i.o
        84         16          0          0          0        372   dunder.o
        24          0          0          0          0        124   fabs.o
        48          0          0          0          0        124   fpclassify.o
       248          0          0          0          0        152   poly.o
      1080        142        200          0          0        188   rred.o
       200         20          0          0          0        164   sin.o
       304         24         40          0          0        208   sin_i.o
        58          0          0          0          0        136   sqrtf.o

    ----------------------------------------------------------------------
      6050        476        288          0         96       5360   Library Totals
        28          0          0          0          0          0   (incl. Padding)

    ----------------------------------------------------------------------

      Code (inc. data)   RO Data    RW Data    ZI Data      Debug   Library Name

       840         20          0          0         96       1200   c_w.l
      2568        188          0          0          0       2328   fz_wm.l
      2614        268        288          0          0       1832   m_wm.l

    ----------------------------------------------------------------------
      6050        476        288          0         96       5360   Library Totals

    ----------------------------------------------------------------------

==============================================================================


      Code (inc. data)   RO Data    RW Data    ZI Data      Debug   

     46798       4704       1090        236      52620     952055   Grand Totals
     46798       4704       1090        236      52620     952055   ELF Image Totals
     46798       4704       1090        236          0          0   ROM Totals

==============================================================================

    Total RO  Size (Code + RO Data)                47888 (  46.77kB)
    Total RW  Size (RW Data + ZI Data)             52856 (  51.62kB)
    Total ROM Size (Code + RO Data + RW Data)      48124 (  47.00kB)

==============================================================================

