Component: ARM Compiler 5.06 update 5 (build 528) Tool: armlink [4d35e2]

==============================================================================

Section Cross References

    main.o(i.Delay) refers to main.o(.data) for LocalTime
    main.o(i.Time_Update) refers to main.o(.data) for LocalTime
    main.o(i.main) refers to misc.o(i.NVIC_PriorityGroupConfig) for NVIC_PriorityGroupConfig
    main.o(i.main) refers to usart.o(i.uart_init) for uart_init
    main.o(i.main) refers to at24cxx.o(i.AT24CXX_Init) for AT24CXX_Init
    main.o(i.main) refers to stm32f4x7_eth_bsp.o(i.ETH_BSP_Config) for ETH_BSP_Config
    main.o(i.main) refers to netconf.o(i.LwIP_Init) for LwIP_Init
    main.o(i.main) refers to gpio_port.o(i.GPIO_In_Config) for GPIO_In_Config
    main.o(i.main) refers to gpio_port.o(i.GPIO_Out_Config) for GPIO_Out_Config
    main.o(i.main) refers to adc_port.o(i.ADC_Config) for ADC_Config
    main.o(i.main) refers to stm32f4xx_adc.o(i.ADC_SoftwareStartConv) for ADC_SoftwareStartConv
    main.o(i.main) refers to at24cxx.o(i.AT24CXX_Check) for AT24CXX_Check
    main.o(i.main) refers to at24cxx.o(i.AT24CXX_Read) for AT24CXX_Read
    main.o(i.main) refers to delay.o(i.delay_ms) for delay_ms
    main.o(i.main) refers to tcp_echoclient.o(i.tcp_echoclient_connect) for tcp_echoclient_connect
    main.o(i.main) refers to stm32f4x7_eth.o(i.ETH_CheckFrameReceived) for ETH_CheckFrameReceived
    main.o(i.main) refers to netconf.o(i.LwIP_Pkt_Handle) for LwIP_Pkt_Handle
    main.o(i.main) refers to netconf.o(i.LwIP_Periodic_Handle) for LwIP_Periodic_Handle
    main.o(i.main) refers to main.o(.bss) for parameters
    main.o(i.main) refers to fault.o(.data) for fault_code
    main.o(i.main) refers to main.o(.data) for LocalTime
    stm32f4xx_it.o(i.EXTI15_10_IRQHandler) refers to stm32f4xx_exti.o(i.EXTI_GetITStatus) for EXTI_GetITStatus
    stm32f4xx_it.o(i.EXTI15_10_IRQHandler) refers to stm32f4x7_eth_bsp.o(i.Eth_Link_ITHandler) for Eth_Link_ITHandler
    stm32f4xx_it.o(i.EXTI15_10_IRQHandler) refers to stm32f4xx_exti.o(i.EXTI_ClearITPendingBit) for EXTI_ClearITPendingBit
    stm32f4xx_it.o(i.SysTick_Handler) refers to main.o(i.Time_Update) for Time_Update
    at24cxx.o(i.AT24CXX_Check) refers to at24cxx.o(i.AT24CXX_ReadOneByte) for AT24CXX_ReadOneByte
    at24cxx.o(i.AT24CXX_Check) refers to at24cxx.o(i.AT24CXX_WriteOneByte) for AT24CXX_WriteOneByte
    at24cxx.o(i.AT24CXX_Init) refers to iic_gpio.o(i.IIC_Init) for IIC_Init
    at24cxx.o(i.AT24CXX_Read) refers to at24cxx.o(i.AT24CXX_ReadOneByte) for AT24CXX_ReadOneByte
    at24cxx.o(i.AT24CXX_ReadLenByte) refers to at24cxx.o(i.AT24CXX_ReadOneByte) for AT24CXX_ReadOneByte
    at24cxx.o(i.AT24CXX_ReadOneByte) refers to iic_gpio.o(i.IIC_Start) for IIC_Start
    at24cxx.o(i.AT24CXX_ReadOneByte) refers to iic_gpio.o(i.IIC_Send_Byte) for IIC_Send_Byte
    at24cxx.o(i.AT24CXX_ReadOneByte) refers to iic_gpio.o(i.IIC_Wait_Ack) for IIC_Wait_Ack
    at24cxx.o(i.AT24CXX_ReadOneByte) refers to iic_gpio.o(i.IIC_Read_Byte) for IIC_Read_Byte
    at24cxx.o(i.AT24CXX_ReadOneByte) refers to iic_gpio.o(i.IIC_Stop) for IIC_Stop
    at24cxx.o(i.AT24CXX_Write) refers to at24cxx.o(i.AT24CXX_WriteOneByte) for AT24CXX_WriteOneByte
    at24cxx.o(i.AT24CXX_WriteLenByte) refers to at24cxx.o(i.AT24CXX_WriteOneByte) for AT24CXX_WriteOneByte
    at24cxx.o(i.AT24CXX_WriteOneByte) refers to iic_gpio.o(i.IIC_Start) for IIC_Start
    at24cxx.o(i.AT24CXX_WriteOneByte) refers to iic_gpio.o(i.IIC_Send_Byte) for IIC_Send_Byte
    at24cxx.o(i.AT24CXX_WriteOneByte) refers to iic_gpio.o(i.IIC_Wait_Ack) for IIC_Wait_Ack
    at24cxx.o(i.AT24CXX_WriteOneByte) refers to iic_gpio.o(i.IIC_Stop) for IIC_Stop
    at24cxx.o(i.AT24CXX_WriteOneByte) refers to delay.o(i.delay_ms) for delay_ms
    usart.o(i.USART1_IRQHandler) refers to usart.o(.data) for USART_RX_STA
    usart.o(i.USART1_IRQHandler) refers to usart.o(.bss) for USART_RX_BUF
    usart.o(i.uart_init) refers to sys_conf.o(i.GPIO_Set) for GPIO_Set
    usart.o(i.uart_init) refers to sys_conf.o(i.GPIO_AF_Set) for GPIO_AF_Set
    usart.o(i.uart_init) refers to sys_conf.o(i.MY_NVIC_Init) for MY_NVIC_Init
    netconf.o(i.LwIP_Init) refers to mem.o(i.mem_init) for mem_init
    netconf.o(i.LwIP_Init) refers to memp.o(i.memp_init) for memp_init
    netconf.o(i.LwIP_Init) refers to netif.o(i.netif_add) for netif_add
    netconf.o(i.LwIP_Init) refers to netif.o(i.netif_set_default) for netif_set_default
    netconf.o(i.LwIP_Init) refers to netif.o(i.netif_set_up) for netif_set_up
    netconf.o(i.LwIP_Init) refers to netif.o(i.netif_set_down) for netif_set_down
    netconf.o(i.LwIP_Init) refers to netif.o(i.netif_set_link_callback) for netif_set_link_callback
    netconf.o(i.LwIP_Init) refers to etharp.o(i.ethernet_input) for ethernet_input
    netconf.o(i.LwIP_Init) refers to ethernetif.o(i.ethernetif_init) for ethernetif_init
    netconf.o(i.LwIP_Init) refers to netconf.o(.bss) for gnetif
[...]
    .data                                    0x20000064   Section        4  raw.o(.data)
    raw_pcbs                                 0x20000064   Data           4  raw.o(.data)
    .data                                    0x20000068   Section       36  tcp.o(.data)
    tcp_port                                 0x20000068   Data           2  tcp.o(.data)
    tcp_timer                                0x20000085   Data           1  tcp.o(.data)
    tcp_timer_ctr                            0x20000086   Data           1  tcp.o(.data)
    iss                                      0x20000088   Data           4  tcp.o(.data)
    .data                                    0x2000008c   Section       32  tcp_in.o(.data)
    tcphdr                                   0x2000008c   Data           4  tcp_in.o(.data)
    iphdr                                    0x20000090   Data           4  tcp_in.o(.data)
    seqno                                    0x20000094   Data           4  tcp_in.o(.data)
    ackno                                    0x20000098   Data           4  tcp_in.o(.data)
    flags                                    0x2000009c   Data           1  tcp_in.o(.data)
    tcplen                                   0x2000009e   Data           2  tcp_in.o(.data)
    recv_flags                               0x200000a0   Data           1  tcp_in.o(.data)
    recv_data                                0x200000a4   Data           4  tcp_in.o(.data)
    .data                                    0x200000ac   Section        8  udp.o(.data)
    udp_port                                 0x200000ac   Data           2  udp.o(.data)
    .data                                    0x200000b4   Section       18  ip.o(.data)
    ip_id                                    0x200000c4   Data           2  ip.o(.data)
    .data                                    0x200000c8   Section        6  ip_frag.o(.data)
    reassdatagrams                           0x200000c8   Data           4  ip_frag.o(.data)
    ip_reass_pbufcount                       0x200000cc   Data           2  ip_frag.o(.data)
    .data                                    0x200000ce   Section        1  etharp.o(.data)
    etharp_cached_entry                      0x200000ce   Data           1  etharp.o(.data)
    .data                                    0x200000d0   Section       16  stm32f4x7_eth.o(.data)
    .data                                    0x200000e0   Section       16  stm32f4xx_rcc.o(.data)
    APBAHBPrescTable                         0x200000e0   Data          16  stm32f4xx_rcc.o(.data)
    .bss                                     0x200000f0   Section       12  main.o(.bss)
    .bss                                     0x200000fc   Section       10  usart.o(.bss)
    .bss                                     0x20000108   Section       56  netconf.o(.bss)
    .bss                                     0x20000140   Section      188  stm32f4x7_eth_bsp.o(.bss)
    .bss                                     0x200001fc   Section     1512  tcp_echoclient.o(.bss)
    .bss                                     0x200007e4   Section    10260  mem.o(.bss)
    .bss                                     0x20002ff8   Section    19783  memp.o(.bss)
    memp_tab                                 0x20002ff8   Data          36  memp.o(.bss)
    memp_memory                              0x2000301c   Data       19747  memp.o(.bss)
    .bss                                     0x20007d40   Section       16  tcp_in.o(.bss)
    inseg                                    0x20007d40   Data          16  tcp_in.o(.bss)
    .bss                                     0x20007d50   Section      200  etharp.o(.bss)
    arp_table                                0x20007d50   Data         200  etharp.o(.bss)
    .bss                                     0x20007e18   Section    12460  stm32f4x7_eth.o(.bss)
    .bss                                     0x2000aec4   Section       96  libspace.o(.bss)
    HEAP                                     0x2000af28   Section      512  startup_stm32f40xx.o(HEAP)
    Heap_Mem                                 0x2000af28   Data         512  startup_stm32f40xx.o(HEAP)
    STACK                                    0x2000b128   Section     1024  startup_stm32f40xx.o(STACK)
    Stack_Mem                                0x2000b128   Data        1024  startup_stm32f40xx.o(STACK)
    __initial_sp                             0x2000b528   Data           0  startup_stm32f40xx.o(STACK)

    Global Symbols

    Symbol Name                              Value     Ov Type        Size  Object(Section)

    BuildAttributes$$THM_ISAv4$E$P$D$K$B$S$7EM$VFPi3$EXTD16$VFPS$VFMA$PE$A:L22UL41UL21$X:L11$S22US41US21$IEEE1$IW$USESV6$~STKCKD$USESV7$~SHL$OSPACE$ROPI$EBA8$UX$STANDARDLIB$REQ8$PRES8$EABIv2 0x00000000   Number         0  anon$$obj.o ABSOLUTE
    __ARM_use_no_argv                        0x00000000   Number         0  main.o ABSOLUTE
    __ARM_exceptions_init                     - Undefined Weak Reference
    __alloca_initialize                       - Undefined Weak Reference
    __arm_preinit_                            - Undefined Weak Reference
    __cpp_initialize__aeabi_                  - Undefined Weak Reference
    __cxa_finalize                            - Undefined Weak Reference
    __rt_locale                               - Undefined Weak Reference
    __sigvec_lookup                           - Undefined Weak Reference
    _atexit_init                              - Undefined Weak Reference
    _call_atexit_fns                          - Undefined Weak Reference
    _clock_init                               - Undefined Weak Reference
    _fp_trap_init                             - Undefined Weak Reference
    _fp_trap_shutdown                         - Undefined Weak Reference
    _get_lc_collate                           - Undefined Weak Reference
    _get_lc_ctype                             - Undefined Weak Reference
    _get_lc_monetary                          - Undefined Weak Reference
    _get_lc_numeric                           - Undefined Weak Reference
    _get_lc_time                              - Undefined Weak Reference
    _getenv_init                              - Undefined Weak Reference
    _handle_redirection                       - Undefined Weak Reference
    _init_alloc                               - Undefined Weak Reference
    _init_user_alloc                          - Undefined Weak Reference
    _initio                                   - Undefined Weak Reference
    _rand_init                                - Undefined Weak Reference
    _signal_finish                            - Undefined Weak Reference
    _signal_init                              - Undefined Weak Reference
    _terminate_alloc                          - Undefined Weak Reference
    _terminate_user_alloc                     - Undefined Weak Reference
    _terminateio                              - Undefined Weak Reference
    __Vectors_Size                           0x00000188   Number         0  startup_stm32f40xx.o ABSOLUTE
    __Vectors                                0x08000000   Data           4  startup_stm32f40xx.o(RESET)
    __Vectors_End                            0x08000188   Data           0  startup_stm32f40xx.o(RESET)
    __main                                   0x08000189   Thumb Code     8  __main.o(!!!main)
    __scatterload                            0x08000191   Thumb Code     0  __scatter.o(!!!scatter)
    __scatterload_rt2                        0x08000191   Thumb Code    44  __scatter.o(!!!scatter)
    __scatterload_rt2_thumb_only             0x08000191   Thumb Code     0  __scatter.o(!!!scatter)
    __scatterload_null                       0x0800019f   Thumb Code     0  __scatter.o(!!!scatter)
    __scatterload_copy                       0x080001c5   Thumb Code    26  __scatter_copy.o(!!handler_copy)
    __scatterload_zeroinit                   0x080001e1   Thumb Code    28  __scatter_zi.o(!!handler_zi)
    __rt_lib_init                            0x080001fd   Thumb Code     0  libinit.o(.ARM.Collect$$libinit$$00000000)
    __rt_lib_init_fp_1                       0x080001ff   Thumb Code     0  libinit2.o(.ARM.Collect$$libinit$$00000001)
    __rt_lib_init_alloca_1                   0x08000203   Thumb Code     0  libinit2.o(.ARM.Collect$$libinit$$0000002E)
    __rt_lib_init_argv_1                     0x08000203   Thumb Code     0  libinit2.o(.ARM.Collect$$libinit$$0000002C)
    __rt_lib_init_atexit_1                   0x08000203   Thumb Code     0  libinit2.o(.ARM.Collect$$libinit$$0000001B)
    __rt_lib_init_clock_1                    0x08000203   Thumb Code     0  libinit2.o(.ARM.Collect$$libinit$$00000021)
    __rt_lib_init_cpp_1                      0x08000203   Thumb Code     0  libinit2.o(.ARM.Collect$$libinit$$00000032)
    __rt_lib_init_exceptions_1               0x08000203   Thumb Code     0  libinit2.o(.ARM.Collect$$libinit$$00000030)
    __rt_lib_init_fp_trap_1                  0x08000203   Thumb Code     0  libinit2.o(.ARM.Collect$$libinit$$0000001F)
    __rt_lib_init_getenv_1                   0x08000203   Thumb Code     0  libinit2.o(.ARM.Collect$$libinit$$00000023)
    __rt_lib_init_heap_1                     0x08000203   Thumb Code     0  libinit2.o(.ARM.Collect$$libinit$$0000000A)
    __rt_lib_init_lc_collate_1               0x08000203   Thumb Code     0  libinit2.o(.ARM.Collect$$libinit$$00000011)
    __rt_lib_init_lc_ctype_1                 0x08000203   Thumb Code     0  libinit2.o(.ARM.Collect$$libinit$$00000013)
    __rt_lib_init_lc_monetary_1              0x08000203   Thumb Code     0  libinit2.o(.ARM.Collect$$libinit$$00000015)
    __rt_lib_init_lc_numeric_1               0x08000203   Thumb Code     0  libinit2.o(.ARM.Collect$$libinit$$00000017)
    __rt_lib_init_lc_time_1                  0x08000203   Thumb Code     0  libinit2.o(.ARM.Collect$$libinit$$00000019)
    __rt_lib_init_preinit_1                  0x08000203   Thumb Code     0  libinit2.o(.ARM.Collect$$libinit$$00000004)
    __rt_lib_init_rand_1                     0x08000203   Thumb Code     0  libinit2.o(.ARM.Collect$$libinit$$0000000E)
    __rt_lib_init_return                     0x08000203   Thumb Code     0  libinit2.o(.ARM.Collect$$libinit$$00000033)
    __rt_lib_init_signal_1                   0x08000203   Thumb Code     0  libinit2.o(.ARM.Collect$$libinit$$0000001D)
    __rt_lib_init_stdio_1                    0x08000203   Thumb Code     0  libinit2.o(.ARM.Collect$$libinit$$00000025)
    __rt_lib_init_user_alloc_1               0x08000203   Thumb Code     0  libinit2.o(.ARM.Collect$$libinit$$0000000C)
    __rt_lib_shutdown                        0x08000205   Thumb Code     0  libshutdown.o(.ARM.Collect$$libshutdown$$00000000)
    __rt_lib_shutdown_cpp_1                  0x08000207   Thumb Code     0  libshutdown2.o(.ARM.Collect$$libshutdown$$00000002)
    __rt_lib_shutdown_fp_trap_1              0x08000207   Thumb Code     0  libshutdown2.o(.ARM.Collect$$libshutdown$$00000007)
    __rt_lib_shutdown_heap_1                 0x08000207   Thumb Code     0  libshutdown2.o(.ARM.Collect$$libshutdown$$0000000F)
    __rt_lib_shutdown_return                 0x08000207   Thumb Code     0  libshutdown2.o(.ARM.Collect$$libshutdown$$00000010)
    __rt_lib_shutdown_signal_1               0x08000207   Thumb Code     0  libshutdown2.o(.ARM.Collect$$libshutdown$$0000000A)
    __rt_lib_shutdown_stdio_1                0x08000207   Thumb Code     0  libshutdown2.o(.ARM.Collect$$libshutdown$$00000004)
    __rt_lib_shutdown_user_alloc_1           0x08000207   Thumb Code     0  libshutdown2.o(.ARM.Collect$$libshutdown$$0000000C)
    __rt_entry                               0x08000209   Thumb Code     0  __rtentry.o(.ARM.Collect$$rtentry$$00000000)
    __rt_entry_presh_1                       0x08000209   Thumb Code     0  __rtentry2.o(.ARM.Collect$$rtentry$$00000002)
    __rt_entry_sh                            0x08000209   Thumb Code     0  __rtentry4.o(.ARM.Collect$$rtentry$$00000004)
    __rt_entry_li                            0x0800020f   Thumb Code     0  __rtentry2.o(.ARM.Collect$$rtentry$$0000000A)
    __rt_entry_postsh_1                      0x0800020f   Thumb Code     0  __rtentry2.o(.ARM.Collect$$rtentry$$00000009)
    __rt_entry_main                          0x08000213   Thumb Code     0  __rtentry2.o(.ARM.Collect$$rtentry$$0000000D)
    __rt_entry_postli_1                      0x08000213   Thumb Code     0  __rtentry2.o(.ARM.Collect$$rtentry$$0000000C)
    __rt_exit                                0x0800021b   Thumb Code     0  rtexit.o(.ARM.Collect$$rtexit$$00000000)
    __rt_exit_ls                             0x0800021d   Thumb Code     0  rtexit2.o(.ARM.Collect$$rtexit$$00000003)
    __rt_exit_prels_1                        0x0800021d   Thumb Code     0  rtexit2.o(.ARM.Collect$$rtexit$$00000002)
    __rt_exit_exit                           0x08000221   Thumb Code     0  rtexit2.o(.ARM.Collect$$rtexit$$00000004)
    Reset_Handler                            0x08000229   Thumb Code     8  startup_stm32f40xx.o(.text)
    SVC_Handler                              0x0800023b   Thumb Code     2  startup_stm32f40xx.o(.text)
    PendSV_Handler                           0x0800023f   Thumb Code     2  startup_stm32f40xx.o(.text)
    ADC_IRQHandler                           0x08000243   Thumb Code     0  startup_stm32f40xx.o(.text)
    CAN1_RX0_IRQHandler                      0x08000243   Thumb Code     0  startup_stm32f40xx.o(.text)
    CAN1_RX1_IRQHandler                      0x08000243   Thumb Code     0  startup_stm32f40xx.o(.text)
    CAN1_SCE_IRQHandler                      0x08000243   Thumb Code     0  startup_stm32f40xx.o(.text)
    CAN1_TX_IRQHandler                       0x08000243   Thumb Code     0  startup_stm32f40xx.o(.text)
    CAN2_RX0_IRQHandler                      0x08000243   Thumb Code     0  startup_stm32f40xx.o(.text)
    CAN2_RX1_IRQHandler                      0x08000243   Thumb Code     0  startup_stm32f40xx.o(.text)
    CAN2_SCE_IRQHandler                      0x08000243   Thumb Code     0  startup_stm32f40xx.o(.text)
    CAN2_TX_IRQHandler                       0x08000243   Thumb Code     0  startup_stm32f40xx.o(.text)
    CRYP_IRQHandler                          0x08000243   Thumb Code     0  startup_stm32f40xx.o(.text)
    DCMI_IRQHandler                          0x08000243   Thumb Code     0  startup_stm32f40xx.o(.text)
    DMA1_Stream0_IRQHandler                  0x08000243   Thumb Code     0  startup_stm32f40xx.o(.text)
    DMA1_Stream1_IRQHandler                  0x08000243   Thumb Code     0  startup_stm32f40xx.o(.text)
    DMA1_Stream2_IRQHandler                  0x08000243   Thumb Code     0  startup_stm32f40xx.o(.text)
    DMA1_Stream3_IRQHandler                  0x08000243   Thumb Code     0  startup_stm32f40xx.o(.text)
    DMA1_Stream4_IRQHandler                  0x08000243   Thumb Code     0  startup_stm32f40xx.o(.text)
    DMA1_Stream5_IRQHandler                  0x08000243   Thumb Code     0  startup_stm32f40xx.o(.text)
    DMA1_Stream6_IRQHandler                  0x08000243   Thumb Code     0  startup_stm32f40xx.o(.text)
    DMA1_Stream7_IRQHandler                  0x08000243   Thumb Code     0  startup_stm32f40xx.o(.text)
    DMA2_Stream0_IRQHandler                  0x08000243   Thumb Code     0  startup_stm32f40xx.o(.text)
    DMA2_Stream1_IRQHandler                  0x08000243   Thumb Code     0  startup_stm32f40xx.o(.text)
    DMA2_Stream2_IRQHandler                  0x08000243   Thumb Code     0  startup_stm32f40xx.o(.text)
    DMA2_Stream3_IRQHandler                  0x08000243   Thumb Code     0  startup_stm32f40xx.o(.text)
    DMA2_Stream4_IRQHandler                  0x08000243   Thumb Code     0  startup_stm32f40xx.o(.text)
    DMA2_Stream5_IRQHandler                  0x08000243   Thumb Code     0  startup_stm32f40xx.o(.text)
    DMA2_Stream6_IRQHandler                  0x08000243   Thumb Code     0  startup_stm32f40xx.o(.text)
    DMA2_Stream7_IRQHandler                  0x08000243   Thumb Code     0  startup_stm32f40xx.o(.text)
    ETH_IRQHandler                           0x08000243   Thumb Code     0  startup_stm32f40xx.o(.text)
    ETH_WKUP_IRQHandler                      0x08000243   Thumb Code     0  startup_stm32f40xx.o(.text)
    EXTI0_IRQHandler                         0x08000243   Thumb Code     0  startup_stm32f40xx.o(.text)
    EXTI1_IRQHandler                         0x08000243   Thumb Code     0  startup_stm32f40xx.o(.text)
    EXTI2_IRQHandler                         0x08000243   Thumb Code     0  startup_stm32f40xx.o(.text)
    EXTI3_IRQHandler                         0x08000243   Thumb Code     0  startup_stm32f40xx.o(.text)
    EXTI4_IRQHandler                         0x08000243   Thumb Code     0  startup_stm32f40xx.o(.text)
    EXTI9_5_IRQHandler                       0x08000243   Thumb Code     0  startup_stm32f40xx.o(.text)
    FLASH_IRQHandler                         0x08000243   Thumb Code     0  startup_stm32f40xx.o(.text)
    FPU_IRQHandler                           0x08000243   Thumb Code     0  startup_stm32f40xx.o(.text)
    FSMC_IRQHandler                          0x08000243   Thumb Code     0  startup_stm32f40xx.o(.text)
    HASH_RNG_IRQHandler                      0x08000243   Thumb Code     0  startup_stm32f40xx.o(.text)
    I2C1_ER_IRQHandler                       0x08000243   Thumb Code     0  startup_stm32f40xx.o(.text)
    I2C1_EV_IRQHandler                       0x08000243   Thumb Code     0  startup_stm32f40xx.o(.text)
    I2C2_ER_IRQHandler                       0x08000243   Thumb Code     0  startup_stm32f40xx.o(.text)
    I2C2_EV_IRQHandler                       0x08000243   Thumb Code     0  startup_stm32f40xx.o(.text)
    I2C3_ER_IRQHandler                       0x08000243   Thumb Code     0  startup_stm32f40xx.o(.text)
    I2C3_EV_IRQHandler                       0x08000243   Thumb Code     0  startup_stm32f40xx.o(.text)
    OTG_FS_IRQHandler                        0x08000243   Thumb Code     0  startup_stm32f40xx.o(.text)
    OTG_FS_WKUP_IRQHandler                   0x08000243   Thumb Code     0  startup_stm32f40xx.o(.text)
    OTG_HS_EP1_IN_IRQHandler                 0x08000243   Thumb Code     0  startup_stm32f40xx.o(.text)
    OTG_HS_EP1_OUT_IRQHandler                0x08000243   Thumb Code     0  startup_stm32f40xx.o(.text)
    OTG_HS_IRQHandler                        0x08000243   Thumb Code     0  startup_stm32f40xx.o(.text)
    OTG_HS_WKUP_IRQHandler                   0x08000243   Thumb Code     0  startup_stm32f40xx.o(.text)
    PVD_IRQHandler                           0x08000243   Thumb Code     0  startup_stm32f40xx.o(.text)
    RCC_IRQHandler                           0x08000243   Thumb Code     0  startup_stm32f40xx.o(.text)
    RTC_Alarm_IRQHandler                     0x08000243   Thumb Code     0  startup_stm32f40xx.o(.text)
    RTC_WKUP_IRQHandler                      0x08000243   Thumb Code     0  startup_stm32f40xx.o(.text)
    SDIO_IRQHandler                          0x08000243   Thumb Code     0  startup_stm32f40xx.o(.text)
    SPI1_IRQHandler                          0x08000243   Thumb Code     0  startup_stm32f40xx.o(.text)
    SPI2_IRQHandler                          0x08000243   Thumb Code     0  startup_stm32f40xx.o(.text)
    SPI3_IRQHandler                          0x08000243   Thumb Code     0  startup_stm32f40xx.o(.text)
    TAMP_STAMP_IRQHandler                    0x08000243   Thumb Code     0  startup_stm32f40xx.o(.text)
    TIM1_BRK_TIM9_IRQHandler                 0x08000243   Thumb Code     0  startup_stm32f40xx.o(.text)
    TIM1_CC_IRQHandler                       0x08000243   Thumb Code     0  startup_stm32f40xx.o(.text)
    TIM1_TRG_COM_TIM11_IRQHandler            0x08000243   Thumb Code     0  startup_stm32f40xx.o(.text)
    TIM1_UP_TIM10_IRQHandler                 0x08000243   Thumb Code     0  startup_stm32f40xx.o(.text)
    TIM2_IRQHandler                          0x08000243   Thumb Code     0  startup_stm32f40xx.o(.text)
    TIM3_IRQHandler                          0x08000243   Thumb Code     0  startup_stm32f40xx.o(.text)
    TIM4_IRQHandler                          0x08000243   Thumb Code     0  startup_stm32f40xx.o(.text)
    TIM5_IRQHandler                          0x08000243   Thumb Code     0  startup_stm32f40xx.o(.text)
    TIM6_DAC_IRQHandler                      0x08000243   Thumb Code     0  startup_stm32f40xx.o(.text)
    TIM7_IRQHandler                          0x08000243   Thumb Code     0  startup_stm32f40xx.o(.text)
    TIM8_BRK_TIM12_IRQHandler                0x08000243   Thumb Code     0  startup_stm32f40xx.o(.text)
    TIM8_CC_IRQHandler                       0x08000243   Thumb Code     0  startup_stm32f40xx.o(.text)
    TIM8_TRG_COM_TIM14_IRQHandler            0x08000243   Thumb Code     0  startup_stm32f40xx.o(.text)
    TIM8_UP_TIM13_IRQHandler                 0x08000243   Thumb Code     0  startup_stm32f40xx.o(.text)
    UART4_IRQHandler                         0x08000243   Thumb Code     0  startup_stm32f40xx.o(.text)
    UART5_IRQHandler                         0x08000243   Thumb Code     0  startup_stm32f40xx.o(.text)
    USART2_IRQHandler                        0x08000243   Thumb Code     0  startup_stm32f40xx.o(.text)
    USART3_IRQHandler                        0x08000243   Thumb Code     0  startup_stm32f40xx.o(.text)
    USART6_IRQHandler                        0x08000243   Thumb Code     0  startup_stm32f40xx.o(.text)
    WWDG_IRQHandler                          0x08000243   Thumb Code     0  startup_stm32f40xx.o(.text)
    __user_initial_stackheap                 0x08000245   Thumb Code     0  startup_stm32f40xx.o(.text)
    memcmp                                   0x08000269   Thumb Code    88  memcmp.o(.text)
    strlen                                   0x080002c1   Thumb Code    62  strlen.o(.text)
    __aeabi_memcpy                           0x080002ff   Thumb Code     0  rt_memcpy_v6.o(.text)
    __rt_memcpy                              0x080002ff   Thumb Code   138  rt_memcpy_v6.o(.text)
    _memcpy_lastbytes                        0x08000365   Thumb Code     0  rt_memcpy_v6.o(.text)
    __aeabi_memclr4                          0x08000389   Thumb Code     0  rt_memclr_w.o(.text)
    __aeabi_memclr8                          0x08000389   Thumb Code     0  rt_memclr_w.o(.text)
    __rt_memclr_w                            0x08000389   Thumb Code    78  rt_memclr_w.o(.text)
    _memset_w                                0x0800038d   Thumb Code     0  rt_memclr_w.o(.text)
    __use_two_region_memory                  0x080003d7   Thumb Code     2  heapauxi.o(.text)
    __rt_heap_escrow$2region                 0x080003d9   Thumb Code     2  heapauxi.o(.text)
    __rt_heap_expand$2region                 0x080003db   Thumb Code     2  heapauxi.o(.text)
    __aeabi_memcpy4                          0x080003dd   Thumb Code     0  rt_memcpy_w.o(.text)
    __aeabi_memcpy8                          0x080003dd   Thumb Code     0  rt_memcpy_w.o(.text)
    __rt_memcpy_w                            0x080003dd   Thumb Code   100  rt_memcpy_w.o(.text)
    _memcpy_lastbytes_aligned                0x08000425   Thumb Code     0  rt_memcpy_w.o(.text)
    __user_setup_stackheap                   0x08000441   Thumb Code    74  sys_stackheap_outer.o(.text)
    exit                                     0x0800048b   Thumb Code    18  exit.o(.text)
    __user_libspace                          0x0800049d   Thumb Code     8  libspace.o(.text)
    __user_perproc_libspace                  0x0800049d   Thumb Code     0  libspace.o(.text)
    __user_perthread_libspace                0x0800049d   Thumb Code     0  libspace.o(.text)
    _sys_exit                                0x080004a5   Thumb Code     8  sys_exit.o(.text)
    __I$use$semihosting                      0x080004b1   Thumb Code     0  use_no_semi.o(.text)
    __use_no_semihosting_swi                 0x080004b1   Thumb Code     2  use_no_semi.o(.text)
    __semihosting_library_function           0x080004b3   Thumb Code     0  indicate_semi.o(.text)
    ADC_Cmd                                  0x080004b5   Thumb Code    76  stm32f4xx_adc.o(i.ADC_Cmd)
    ADC_CommonInit                           0x08000549   Thumb Code   342  stm32f4xx_adc.o(i.ADC_CommonInit)
    ADC_Config                               0x080006e9   Thumb Code   232  adc_port.o(i.ADC_Config)
    ADC_DMACmd                               0x080007e1   Thumb Code    76  stm32f4xx_adc.o(i.ADC_DMACmd)
    ADC_DMARequestAfterLastTransferCmd       0x08000875   Thumb Code    76  stm32f4xx_adc.o(i.ADC_DMARequestAfterLastTransferCmd)
    ADC_Init                                 0x08000909   Thumb Code   402  stm32f4xx_adc.o(i.ADC_Init)
    ADC_RegularChannelConfig                 0x08000aed   Thumb Code   408  stm32f4xx_adc.o(i.ADC_RegularChannelConfig)
    ADC_SoftwareStartConv                    0x08000ccd   Thumb Code    44  stm32f4xx_adc.o(i.ADC_SoftwareStartConv)
    AT24CXX_Check                            0x08000d41   Thumb Code    52  at24cxx.o(i.AT24CXX_Check)
    AT24CXX_Init                             0x08000d75   Thumb Code     8  at24cxx.o(i.AT24CXX_Init)
    AT24CXX_Read                             0x08000d7d   Thumb Code    46  at24cxx.o(i.AT24CXX_Read)
    AT24CXX_ReadOneByte                      0x08000dab   Thumb Code    84  at24cxx.o(i.AT24CXX_ReadOneByte)
    AT24CXX_WriteOneByte                     0x08000dff   Thumb Code    76  at24cxx.o(i.AT24CXX_WriteOneByte)
    BusFault_Handler                         0x08000e4b   Thumb Code     4  stm32f4xx_it.o(i.BusFault_Handler)
    DMA_Cmd                                  0x08000e51   Thumb Code   182  stm32f4xx_dma.o(i.DMA_Cmd)
    DMA_Init                                 0x08000f4d   Thumb Code   658  stm32f4xx_dma.o(i.DMA_Init)
    DebugMon_Handler                         0x08001229   Thumb Code     2  stm32f4xx_it.o(i.DebugMon_Handler)
    Delay                                    0x0800122d   Thumb Code    26  main.o(i.Delay)
    ETH_BSP_Config                           0x08001251   Thumb Code   118  stm32f4x7_eth_bsp.o(i.ETH_BSP_Config)
    ETH_CheckFrameReceived                   0x080012cd   Thumb Code   210  stm32f4x7_eth.o(i.ETH_CheckFrameReceived)
    ETH_DMAReceptionCmd                      0x080013a9   Thumb Code    52  stm32f4x7_eth.o(i.ETH_DMAReceptionCmd)
    ETH_DMARxDescChainInit                   0x08001415   Thumb Code    82  stm32f4x7_eth.o(i.ETH_DMARxDescChainInit)
    ETH_DMATransmissionCmd                   0x08001479   Thumb Code    52  stm32f4x7_eth.o(i.ETH_DMATransmissionCmd)
    ETH_DMATxDescChainInit                   0x080014e5   Thumb Code    70  stm32f4x7_eth.o(i.ETH_DMATxDescChainInit)
    ETH_DMATxDescChecksumInsertionConfig     0x08001535   Thumb Code    46  stm32f4x7_eth.o(i.ETH_DMATxDescChecksumInsertionConfig)
    ETH_DeInit                               0x08001599   Thumb Code    22  stm32f4x7_eth.o(i.ETH_DeInit)
    ETH_FlushTransmitFIFO                    0x080015b1   Thumb Code    38  stm32f4x7_eth.o(i.ETH_FlushTransmitFIFO)
    ETH_GetSoftwareResetStatus               0x08001741   Thumb Code    20  stm32f4x7_eth.o(i.ETH_GetSoftwareResetStatus)
    ETH_Get_Received_Frame                   0x08001759   Thumb Code    64  stm32f4x7_eth.o(i.ETH_Get_Received_Frame)
    ETH_Init                                 0x080017a1   Thumb Code  2340  stm32f4x7_eth.o(i.ETH_Init)
    ETH_MACAddressConfig                     0x08002101   Thumb Code    76  stm32f4x7_eth.o(i.ETH_MACAddressConfig)
    ETH_MACReceptionCmd                      0x08002225   Thumb Code    74  stm32f4x7_eth.o(i.ETH_MACReceptionCmd)
    ETH_MACTransmissionCmd                   0x080022a9   Thumb Code    74  stm32f4x7_eth.o(i.ETH_MACTransmissionCmd)
    ETH_Prepare_Transmit_Descriptors         0x0800232d   Thumb Code   194  stm32f4x7_eth.o(i.ETH_Prepare_Transmit_Descriptors)
    ETH_ReadPHYRegister                      0x080023f9   Thumb Code   144  stm32f4x7_eth.o(i.ETH_ReadPHYRegister)
    ETH_SoftwareReset                        0x080024c5   Thumb Code    14  stm32f4x7_eth.o(i.ETH_SoftwareReset)
    ETH_Start                                0x080024d9   Thumb Code    32  stm32f4x7_eth.o(i.ETH_Start)
    ETH_Stop                                 0x080024f9   Thumb Code    32  stm32f4x7_eth.o(i.ETH_Stop)
    ETH_StructInit                           0x08002519   Thumb Code   178  stm32f4x7_eth.o(i.ETH_StructInit)
    ETH_WritePHYRegister                     0x080025cd   Thumb Code   144  stm32f4x7_eth.o(i.ETH_WritePHYRegister)
    ETH_link_callback                        0x08002699   Thumb Code   226  stm32f4x7_eth_bsp.o(i.ETH_link_callback)
    EXTI15_10_IRQHandler                     0x08002799   Thumb Code    28  stm32f4xx_it.o(i.EXTI15_10_IRQHandler)
    EXTI_ClearITPendingBit                   0x080027b5   Thumb Code    30  stm32f4xx_exti.o(i.EXTI_ClearITPendingBit)
    EXTI_GetITStatus                         0x08002815   Thumb Code   164  stm32f4xx_exti.o(i.EXTI_GetITStatus)
    EXTI_Init                                0x080028f9   Thumb Code   236  stm32f4xx_exti.o(i.EXTI_Init)
    Eth_Link_EXTIConfig                      0x08002a25   Thumb Code   108  stm32f4x7_eth_bsp.o(i.Eth_Link_EXTIConfig)
    Eth_Link_ITHandler                       0x08002a95   Thumb Code    54  stm32f4x7_eth_bsp.o(i.Eth_Link_ITHandler)
    Eth_Link_PHYITConfig                     0x08002ad5   Thumb Code    70  stm32f4x7_eth_bsp.o(i.Eth_Link_PHYITConfig)
    GPIO_AF_Set                              0x08002b1b   Thumb Code    64  sys_conf.o(i.GPIO_AF_Set)
    GPIO_In_Config                           0x08002b5d   Thumb Code    66  gpio_port.o(i.GPIO_In_Config)
    GPIO_Init                                0x08002ba9   Thumb Code   352  stm32f4xx_gpio.o(i.GPIO_Init)
    GPIO_Out_Config                          0x08002d71   Thumb Code   134  gpio_port.o(i.GPIO_Out_Config)
    GPIO_PinAFConfig                         0x08002e05   Thumb Code   352  stm32f4xx_gpio.o(i.GPIO_PinAFConfig)
    GPIO_Set                                 0x08002fcd   Thumb Code   222  sys_conf.o(i.GPIO_Set)
    HardFault_Handler                        0x080030ab   Thumb Code     4  stm32f4xx_it.o(i.HardFault_Handler)
    IIC_Ack                                  0x080030b1   Thumb Code    66  iic_gpio.o(i.IIC_Ack)
    IIC_Init                                 0x08003101   Thumb Code    56  iic_gpio.o(i.IIC_Init)
    IIC_NAck                                 0x08003145   Thumb Code    66  iic_gpio.o(i.IIC_NAck)
    IIC_Read_Byte                            0x08003195   Thumb Code    94  iic_gpio.o(i.IIC_Read_Byte)
    IIC_Send_Byte                            0x08003201   Thumb Code    90  iic_gpio.o(i.IIC_Send_Byte)
    IIC_Start                                0x08003269   Thumb Code    64  iic_gpio.o(i.IIC_Start)
    IIC_Stop                                 0x080032b5   Thumb Code    62  iic_gpio.o(i.IIC_Stop)
    IIC_Wait_Ack                             0x08003301   Thumb Code    82  iic_gpio.o(i.IIC_Wait_Ack)
    LwIP_Init                                0x08003361   Thumb Code   110  netconf.o(i.LwIP_Init)
    LwIP_Periodic_Handle                     0x080033ed   Thumb Code    52  netconf.o(i.LwIP_Periodic_Handle)
    LwIP_Pkt_Handle                          0x08003429   Thumb Code    10  netconf.o(i.LwIP_Pkt_Handle)
    MY_NVIC_Init                             0x08003439   Thumb Code   116  sys_conf.o(i.MY_NVIC_Init)
    MY_NVIC_PriorityGroupConfig              0x080034b1   Thumb Code    32  sys_conf.o(i.MY_NVIC_PriorityGroupConfig)
    MemManage_Handler                        0x080034d9   Thumb Code     4  stm32f4xx_it.o(i.MemManage_Handler)
    NMI_Handler                              0x080034dd   Thumb Code     2  stm32f4xx_it.o(i.NMI_Handler)
    NVIC_Init                                0x080034e1   Thumb Code   164  misc.o(i.NVIC_Init)
    NVIC_PriorityGroupConfig                 0x080035c1   Thumb Code    54  misc.o(i.NVIC_PriorityGroupConfig)
    RCC_AHB1PeriphClockCmd                   0x08003659   Thumb Code    70  stm32f4xx_rcc.o(i.RCC_AHB1PeriphClockCmd)
    RCC_AHB1PeriphResetCmd                   0x080036e5   Thumb Code    70  stm32f4xx_rcc.o(i.RCC_AHB1PeriphResetCmd)
    RCC_APB2PeriphClockCmd                   0x08003771   Thumb Code    70  stm32f4xx_rcc.o(i.RCC_APB2PeriphClockCmd)
    RCC_GetClocksFreq                        0x080037fd   Thumb Code   214  stm32f4xx_rcc.o(i.RCC_GetClocksFreq)
    RCC_MCO1Config                           0x080038e5   Thumb Code    98  stm32f4xx_rcc.o(i.RCC_MCO1Config)
    SYSCFG_ETH_MediaInterfaceConfig          0x08003989   Thumb Code    26  stm32f4xx_syscfg.o(i.SYSCFG_ETH_MediaInterfaceConfig)
    SYSCFG_EXTILineConfig                    0x080039e5   Thumb Code   188  stm32f4xx_syscfg.o(i.SYSCFG_EXTILineConfig)
    SysTick_CLKSourceConfig                  0x08003be9   Thumb Code    62  misc.o(i.SysTick_CLKSourceConfig)
    SysTick_Handler                          0x08003c59   Thumb Code     8  stm32f4xx_it.o(i.SysTick_Handler)
    SystemInit                               0x08003c61   Thumb Code    88  system_stm32f4xx.o(i.SystemInit)
    Time_Update                              0x08003cc9   Thumb Code    12  main.o(i.Time_Update)
    USART1_IRQHandler                        0x08003cd9   Thumb Code   116  usart.o(i.USART1_IRQHandler)
    UsageFault_Handler                       0x08003d59   Thumb Code     4  stm32f4xx_it.o(i.UsageFault_Handler)
    assert_failed                            0x08003d5d   Thumb Code     4  main.o(i.assert_failed)
    delay_ms                                 0x08003d61   Thumb Code    24  delay.o(i.delay_ms)
    delay_us                                 0x08003d7d   Thumb Code    22  delay.o(i.delay_us)
    dhcp_arp_reply                           0x08003d93   Thumb Code    46  dhcp.o(i.dhcp_arp_reply)
    dhcp_network_changed                     0x08004079   Thumb Code    80  dhcp.o(i.dhcp_network_changed)
    etharp_cleanup_netif                     0x08004369   Thumb Code    52  etharp.o(i.etharp_cleanup_netif)
    etharp_output                            0x08004541   Thumb Code   314  etharp.o(i.etharp_output)
    etharp_query                             0x080046f5   Thumb Code   338  etharp.o(i.etharp_query)
    etharp_request                           0x08004905   Thumb Code    36  etharp.o(i.etharp_request)
    etharp_tmr                               0x08004969   Thumb Code   136  etharp.o(i.etharp_tmr)
    ethernet_input                           0x08004aad   Thumb Code   178  etharp.o(i.ethernet_input)
    ethernetif_init                          0x08004b65   Thumb Code    38  ethernetif.o(i.ethernetif_init)
    ethernetif_input                         0x08004b95   Thumb Code    42  ethernetif.o(i.ethernetif_input)
    icmp_dest_unreach                        0x08004bbf   Thumb Code    18  icmp.o(i.icmp_dest_unreach)
    icmp_input                               0x08004bd1   Thumb Code   340  icmp.o(i.icmp_input)
    icmp_time_exceeded                       0x08004d9d   Thumb Code    18  icmp.o(i.icmp_time_exceeded)
    inet_chksum                              0x08004daf   Thumb Code    20  inet_chksum.o(i.inet_chksum)
    inet_chksum_pbuf                         0x08004dc3   Thumb Code    86  inet_chksum.o(i.inet_chksum_pbuf)
    ip4_addr_isbroadcast                     0x08004e19   Thumb Code    78  ip_addr.o(i.ip4_addr_isbroadcast)
    ip_frag                                  0x08004e69   Thumb Code   424  ip_frag.o(i.ip_frag)
    ip_input                                 0x08005031   Thumb Code   420  ip.o(i.ip_input)
    ip_output                                0x080051e9   Thumb Code    56  ip.o(i.ip_output)
    ip_output_if                             0x08005221   Thumb Code   192  ip.o(i.ip_output_if)
    ip_reass                                 0x080052e5   Thumb Code   386  ip_frag.o(i.ip_reass)
    ip_route                                 0x08005771   Thumb Code    76  ip.o(i.ip_route)
    lwip_htonl                               0x08005a25   Thumb Code    26  def.o(i.lwip_htonl)
    lwip_htons                               0x08005a3f   Thumb Code    12  def.o(i.lwip_htons)
    lwip_ntohl                               0x08005a4b   Thumb Code    12  def.o(i.lwip_ntohl)
    lwip_ntohs                               0x08005a57   Thumb Code    12  def.o(i.lwip_ntohs)
    main                                     0x08005ac1   Thumb Code   126  main.o(i.main)
    mem_free                                 0x08005b51   Thumb Code    68  mem.o(i.mem_free)
    mem_init                                 0x08005ba1   Thumb Code    74  mem.o(i.mem_init)
    mem_malloc                               0x08005bfd   Thumb Code   222  mem.o(i.mem_malloc)
    mem_trim                                 0x08005ce9   Thumb Code   288  mem.o(i.mem_trim)
    memp_free                                0x08005e15   Thumb Code    28  memp.o(i.memp_free)
    memp_init                                0x08005e35   Thumb Code    82  memp.o(i.memp_init)
    memp_malloc                              0x08005e99   Thumb Code    40  memp.o(i.memp_malloc)
    netif_add                                0x08005ec5   Thumb Code   104  netif.o(i.netif_add)
    netif_set_addr                           0x08005f35   Thumb Code    40  netif.o(i.netif_set_addr)
    netif_set_default                        0x08005f5d   Thumb Code     6  netif.o(i.netif_set_default)
    netif_set_down                           0x08005f69   Thumb Code    42  netif.o(i.netif_set_down)
    netif_set_gw                             0x08005f93   Thumb Code    12  netif.o(i.netif_set_gw)
    netif_set_ipaddr                         0x08005fa1   Thumb Code   110  netif.o(i.netif_set_ipaddr)
    netif_set_link_callback                  0x08006019   Thumb Code     6  netif.o(i.netif_set_link_callback)
    netif_set_link_down                      0x0800601f   Thumb Code    42  netif.o(i.netif_set_link_down)
    netif_set_link_up                        0x08006049   Thumb Code    80  netif.o(i.netif_set_link_up)
    netif_set_netmask                        0x08006099   Thumb Code    12  netif.o(i.netif_set_netmask)
    netif_set_up                             0x080060a5   Thumb Code    54  netif.o(i.netif_set_up)
    pbuf_alloc                               0x080060db   Thumb Code   402  pbuf.o(i.pbuf_alloc)
    pbuf_alloced_custom                      0x0800626d   Thumb Code   108  pbuf.o(i.pbuf_alloced_custom)
    pbuf_cat                                 0x080062d9   Thumb Code    56  pbuf.o(i.pbuf_cat)
    pbuf_chain                               0x08006311   Thumb Code    22  pbuf.o(i.pbuf_chain)
    pbuf_clen                                0x08006327   Thumb Code    18  pbuf.o(i.pbuf_clen)
    pbuf_copy                                0x08006339   Thumb Code   192  pbuf.o(i.pbuf_copy)
    pbuf_copy_partial                        0x080063f9   Thumb Code   146  pbuf.o(i.pbuf_copy_partial)
    pbuf_free                                0x0800648b   Thumb Code   134  pbuf.o(i.pbuf_free)
    pbuf_header                              0x08006511   Thumb Code   126  pbuf.o(i.pbuf_header)
    pbuf_realloc                             0x0800658f   Thumb Code   120  pbuf.o(i.pbuf_realloc)
    pbuf_ref                                 0x08006607   Thumb Code    10  pbuf.o(i.pbuf_ref)
    pbuf_take                                0x08006611   Thumb Code   116  pbuf.o(i.pbuf_take)
    raw_input                                0x0800670d   Thumb Code   102  raw.o(i.raw_input)
    tcp_abandon                              0x08006781   Thumb Code   136  tcp.o(i.tcp_abandon)
    tcp_abort                                0x08006815   Thumb Code    14  tcp.o(i.tcp_abort)
    tcp_alloc                                0x08006825   Thumb Code   172  tcp.o(i.tcp_alloc)
    tcp_arg                                  0x080068e1   Thumb Code     4  tcp.o(i.tcp_arg)
    tcp_close                                0x080068e5   Thumb Code    28  tcp.o(i.tcp_close)
    tcp_connect                              0x08006ac9   Thumb Code   324  tcp.o(i.tcp_connect)
    tcp_echoclient_connect                   0x08006cc9   Thumb Code    50  tcp_echoclient.o(i.tcp_echoclient_connect)
    tcp_eff_send_mss                         0x08006f77   Thumb Code    46  tcp.o(i.tcp_eff_send_mss)
    tcp_enqueue_flags                        0x08006fa5   Thumb Code   272  tcp_out.o(i.tcp_enqueue_flags)
    tcp_fasttmr                              0x080070b5   Thumb Code   110  tcp.o(i.tcp_fasttmr)
    tcp_input                                0x08007131   Thumb Code  1132  tcp_in.o(i.tcp_input)
    tcp_keepalive                            0x080075ad   Thumb Code    68  tcp_out.o(i.tcp_keepalive)
    tcp_new                                  0x080077b1   Thumb Code    10  tcp.o(i.tcp_new)
    tcp_next_iss                             0x08007825   Thumb Code    20  tcp.o(i.tcp_next_iss)
    tcp_output                               0x08007841   Thumb Code   444  tcp_out.o(i.tcp_output)
    tcp_pcb_purge                            0x08007c79   Thumb Code    64  tcp.o(i.tcp_pcb_purge)
    tcp_pcb_remove                           0x08007cb9   Thumb Code   140  tcp.o(i.tcp_pcb_remove)
    tcp_poll                                 0x08007d49   Thumb Code    14  tcp.o(i.tcp_poll)
    tcp_process_refused_data                 0x080082e5   Thumb Code   140  tcp.o(i.tcp_process_refused_data)
    tcp_recv                                 0x080089ad   Thumb Code     8  tcp.o(i.tcp_recv)
    tcp_recv_null                            0x080089b5   Thumb Code    46  tcp.o(i.tcp_recv_null)
    tcp_recved                               0x080089e3   Thumb Code    70  tcp.o(i.tcp_recved)
    tcp_rexmit                               0x08008a29   Thumb Code    90  tcp_out.o(i.tcp_rexmit)
    tcp_rexmit_fast                          0x08008a83   Thumb Code   112  tcp_out.o(i.tcp_rexmit_fast)
    tcp_rexmit_rto                           0x08008af3   Thumb Code    58  tcp_out.o(i.tcp_rexmit_rto)
    tcp_rst                                  0x08008b2d   Thumb Code   124  tcp_out.o(i.tcp_rst)
    tcp_seg_free                             0x08008ba9   Thumb Code    26  tcp.o(i.tcp_seg_free)
    tcp_segs_free                            0x08008bc3   Thumb Code    24  tcp.o(i.tcp_segs_free)
    tcp_send_empty_ack                       0x08008bdb   Thumb Code    78  tcp_out.o(i.tcp_send_empty_ack)
    tcp_send_fin                             0x08008c29   Thumb Code    74  tcp_out.o(i.tcp_send_fin)
    tcp_sent                                 0x08008c73   Thumb Code     8  tcp.o(i.tcp_sent)
    tcp_slowtmr                              0x08008c7d   Thumb Code   786  tcp.o(i.tcp_slowtmr)
    tcp_timer_needed                         0x08008fb1   Thumb Code     2  timers.o(i.tcp_timer_needed)
    tcp_tmr                                  0x08009061   Thumb Code    30  tcp.o(i.tcp_tmr)
    tcp_update_rcv_ann_wnd                   0x08009085   Thumb Code    78  tcp.o(i.tcp_update_rcv_ann_wnd)
    tcp_write                                0x080090d3   Thumb Code   900  tcp_out.o(i.tcp_write)
    tcp_zero_window_probe                    0x080094c7   Thumb Code   164  tcp_out.o(i.tcp_zero_window_probe)
    uart_init                                0x0800956d   Thumb Code   240  usart.o(i.uart_init)
    udp_bind                                 0x0800966d   Thumb Code   122  udp.o(i.udp_bind)
    udp_input                                0x080096ed   Thumb Code   450  udp.o(i.udp_input)
    udp_sendto_if                            0x08009915   Thumb Code   206  udp.o(i.udp_sendto_if)
    _fp_init                                 0x080099e3   Thumb Code    10  fpinit.o(x$fpl$fpinit)
    __fplib_config_fpu_vfp                   0x080099eb   Thumb Code     0  fpinit.o(x$fpl$fpinit)
    __fplib_config_pureend_doubles           0x080099eb   Thumb Code     0  fpinit.o(x$fpl$fpinit)
    tcp_state_str                            0x08009a10   Data          44  tcp.o(.constdata)
    tcp_backoff                              0x08009a3c   Data          13  tcp.o(.constdata)
    tcp_persist_backoff                      0x08009a49   Data           7  tcp.o(.constdata)
    tcp_pcb_lists                            0x08009a50   Data          16  tcp.o(.constdata)
    ip_addr_any                              0x08009a60   Data           4  ip_addr.o(.constdata)
    ip_addr_broadcast                        0x08009a64   Data           4  ip_addr.o(.constdata)
    ethbroadcast                             0x08009a68   Data           6  etharp.o(.constdata)
    ethzero                                  0x08009a6e   Data           6  etharp.o(.constdata)
    Region$$Table$$Base                      0x08009aec   Number         0  anon$$obj.o(Region$$Table)
    Region$$Table$$Limit                     0x08009b0c   Number         0  anon$$obj.o(Region$$Table)
    LocalTime                                0x20000000   Data           4  main.o(.data)
    timingdelay                              0x20000004   Data           4  main.o(.data)
    USART_RX_STA                             0x20000008   Data           2  usart.o(.data)
    uart_enable_flag                         0x2000000a   Data           1  usart.o(.data)
    cnt_data                                 0x2000000b   Data           1  usart.o(.data)
    cnt_t                                    0x2000000c   Data           1  usart.o(.data)
    fault_code                               0x20000010   Data           4  fault.o(.data)
    TCPTimer                                 0x20000014   Data           4  netconf.o(.data)
    ARPTimer                                 0x20000018   Data           4  netconf.o(.data)
    IPaddress                                0x2000001c   Data           4  netconf.o(.data)
    EthStatus                                0x20000020   Data           4  stm32f4x7_eth_bsp.o(.data)
    EthLinkStatus                            0x20000024   Data           1  stm32f4x7_eth_bsp.o(.data)
    message_count                            0x20000028   Data           4  tcp_echoclient.o(.data)
    data                                     0x2000002c   Data          20  tcp_echoclient.o(.data)
    echoclient_pcb                           0x20000040   Data           4  tcp_echoclient.o(.data)
    uhADCxConvertedValue                     0x20000044   Data           2  adc_port.o(.data)
    netif_list                               0x20000058   Data           4  netif.o(.data)
    netif_default                            0x2000005c   Data           4  netif.o(.data)
    tcp_ticks                                0x2000006c   Data           4  tcp.o(.data)
    tcp_bound_pcbs                           0x20000070   Data           4  tcp.o(.data)
    tcp_listen_pcbs                          0x20000074   Data           4  tcp.o(.data)
    tcp_active_pcbs                          0x20000078   Data           4  tcp.o(.data)
    tcp_tw_pcbs                              0x2000007c   Data           4  tcp.o(.data)
    tcp_tmp_pcb                              0x20000080   Data           4  tcp.o(.data)
    tcp_active_pcbs_changed                  0x20000084   Data           1  tcp.o(.data)
    tcp_input_pcb                            0x200000a8   Data           4  tcp_in.o(.data)
    udp_pcbs                                 0x200000b0   Data           4  udp.o(.data)
    current_netif                            0x200000b4   Data           4  ip.o(.data)
    current_header                           0x200000b8   Data           4  ip.o(.data)
    current_iphdr_src                        0x200000bc   Data           4  ip.o(.data)
    current_iphdr_dest                       0x200000c0   Data           4  ip.o(.data)
    DMATxDescToSet                           0x200000d0   Data           4  stm32f4x7_eth.o(.data)
    DMARxDescToGet                           0x200000d4   Data           4  stm32f4x7_eth.o(.data)
    DMA_RX_FRAME_infos                       0x200000d8   Data           4  stm32f4x7_eth.o(.data)
    Frame_Rx_index                           0x200000dc   Data           4  stm32f4x7_eth.o(.data)
    parameters                               0x200000f0   Data          12  main.o(.bss)
    USART_RX_BUF                             0x200000fc   Data          10  usart.o(.bss)
    gnetif                                   0x20000108   Data          56  netconf.o(.bss)
    ETH_InitStructure                        0x20000140   Data         188  stm32f4x7_eth_bsp.o(.bss)
    tcp_client_recvbuf                       0x200001fc   Data        1500  tcp_echoclient.o(.bss)
    tcp_fifo_buffer                          0x200007d8   Data          12  tcp_echoclient.o(.bss)
    ram_heap                                 0x200007e4   Data       10260  mem.o(.bss)
    DMARxDscrTab                             0x20007e18   Data         128  stm32f4x7_eth.o(.bss)
    DMATxDscrTab                             0x20007e98   Data         128  stm32f4x7_eth.o(.bss)
    Rx_Buff                                  0x20007f18   Data        6096  stm32f4x7_eth.o(.bss)
    Tx_Buff                                  0x200096e8   Data        6096  stm32f4x7_eth.o(.bss)
    RX_Frame_Descriptor                      0x2000aeb8   Data          12  stm32f4x7_eth.o(.bss)
    __libspace_start                         0x2000aec4   Data          96  libspace.o(.bss)
    __temporary_stack_top$libspace           0x2000af24   Data           0  libspace.o(.bss)



==============================================================================

Memory Map of the image

  Image Entry point : 0x08000189

  Load Region LR_IROM1 (Base: 0x08000000, Size: 0x00009bfc, Max: 0x00100000, ABSOLUTE)

    Execution Region ER_IROM1 (Exec base: 0x08000000, Load base: 0x08000000, Size: 0x00009b0c, Max: 0x00100000, ABSOLUTE)

    Exec Addr    Load Addr    Size         Type   Attr      Idx    E Section Name        Object

    0x08000000   0x08000000   0x00000188   Data   RO         8289    RESET               startup_stm32f40xx.o
    0x08000188   0x08000188   0x00000008   Code   RO         8392  * !!!main             c_w.l(__main.o)
    0x08000190   0x08000190   0x00000034   Code   RO         8551    !!!scatter          c_w.l(__scatter.o)
    0x080001c4   0x080001c4   0x0000001a   Code   RO         8553    !!handler_copy      c_w.l(__scatter_copy.o)
    0x080001de   0x080001de   0x00000002   PAD
    0x080001e0   0x080001e0   0x0000001c   Code   RO         8555    !!handler_zi        c_w.l(__scatter_zi.o)
    0x080001fc   0x080001fc   0x00000002   Code   RO         8421    .ARM.Collect$$libinit$$00000000  c_w.l(libinit.o)
    0x080001fe   0x080001fe   0x00000004   Code   RO         8427    .ARM.Collect$$libinit$$00000001  c_w.l(libinit2.o)
    0x08000202   0x08000202   0x00000000   Code   RO         8430    .ARM.Collect$$libinit$$00000004  c_w.l(libinit2.o)
    0x08000202   0x08000202   0x00000000   Code   RO         8433    .ARM.Collect$$libinit$$0000000A  c_w.l(libinit2.o)
    0x08000202   0x08000202   0x00000000   Code   RO         8435    .ARM.Collect$$libinit$$0000000C  c_w.l(libinit2.o)
    0x08000202   0x08000202   0x00000000   Code   RO         8437    .ARM.Collect$$libinit$$0000000E  c_w.l(libinit2.o)
    0x08000202   0x08000202   0x00000000   Code   RO         8440    .ARM.Collect$$libinit$$00000011  c_w.l(libinit2.o)
    0x08000202   0x08000202   0x00000000   Code   RO         8442    .ARM.Collect$$libinit$$00000013  c_w.l(libinit2.o)
    0x08000202   0x08000202   0x00000000   Code   RO         8444    .ARM.Collect$$libinit$$00000015  c_w.l(libinit2.o)
    0x08000202   0x08000202   0x00000000   Code   RO         8446    .ARM.Collect$$libinit$$00000017  c_w.l(libinit2.o)
    0x08000202   0x08000202   0x00000000   Code   RO         8448    .ARM.Collect$$libinit$$00000019  c_w.l(libinit2.o)
    0x08000202   0x08000202   0x00000000   Code   RO         8450    .ARM.Collect$$libinit$$0000001B  c_w.l(libinit2.o)
    0x08000202   0x08000202   0x00000000   Code   RO         8452    .ARM.Collect$$libinit$$0000001D  c_w.l(libinit2.o)
    0x08000202   0x08000202   0x00000000   Code   RO         8454    .ARM.Collect$$libinit$$0000001F  c_w.l(libinit2.o)
    0x08000202   0x08000202   0x00000000   Code   RO         8456    .ARM.Collect$$libinit$$00000021  c_w.l(libinit2.o)
    0x08000202   0x08000202   0x00000000   Code   RO         8458    .ARM.Collect$$libinit$$00000023  c_w.l(libinit2.o)
    0x08000202   0x08000202   0x00000000   Code   RO         8460    .ARM.Collect$$libinit$$00000025  c_w.l(libinit2.o)
    0x08000202   0x08000202   0x00000000   Code   RO         8464    .ARM.Collect$$libinit$$0000002C  c_w.l(libinit2.o)
    0x08000202   0x08000202   0x00000000   Code   RO         8466    .ARM.Collect$$libinit$$0000002E  c_w.l(libinit2.o)
    0x08000202   0x08000202   0x00000000   Code   RO         8468    .ARM.Collect$$libinit$$00000030  c_w.l(libinit2.o)
    0x08000202   0x08000202   0x00000000   Code   RO         8470    .ARM.Collect$$libinit$$00000032  c_w.l(libinit2.o)
    0x08000202   0x08000202   0x00000002   Code   RO         8471    .ARM.Collect$$libinit$$00000033  c_w.l(libinit2.o)
    0x08000204   0x08000204   0x00000002   Code   RO         8491    .ARM.Collect$$libshutdown$$00000000  c_w.l(libshutdown.o)
    0x08000206   0x08000206   0x00000000   Code   RO         8504    .ARM.Collect$$libshutdown$$00000002  c_w.l(libshutdown2.o)
    0x08000206   0x08000206   0x00000000   Code   RO         8506    .ARM.Collect$$libshutdown$$00000004  c_w.l(libshutdown2.o)
    0x08000206   0x08000206   0x00000000   Code   RO         8509    .ARM.Collect$$libshutdown$$00000007  c_w.l(libshutdown2.o)
    0x08000206   0x08000206   0x00000000   Code   RO         8512    .ARM.Collect$$libshutdown$$0000000A  c_w.l(libshutdown2.o)
    0x08000206   0x08000206   0x00000000   Code   RO         8514    .ARM.Collect$$libshutdown$$0000000C  c_w.l(libshutdown2.o)
    0x08000206   0x08000206   0x00000000   Code   RO         8517    .ARM.Collect$$libshutdown$$0000000F  c_w.l(libshutdown2.o)
    0x08000206   0x08000206   0x00000002   Code   RO         8518    .ARM.Collect$$libshutdown$$00000010  c_w.l(libshutdown2.o)
    0x08000208   0x08000208   0x00000000   Code   RO         8394    .ARM.Collect$$rtentry$$00000000  c_w.l(__rtentry.o)
    0x08000208   0x08000208   0x00000000   Code   RO         8398    .ARM.Collect$$rtentry$$00000002  c_w.l(__rtentry2.o)
    0x08000208   0x08000208   0x00000006   Code   RO         8410    .ARM.Collect$$rtentry$$00000004  c_w.l(__rtentry4.o)
    0x0800020e   0x0800020e   0x00000000   Code   RO         8400    .ARM.Collect$$rtentry$$00000009  c_w.l(__rtentry2.o)
    0x0800020e   0x0800020e   0x00000004   Code   RO         8401    .ARM.Collect$$rtentry$$0000000A  c_w.l(__rtentry2.o)
    0x08000212   0x08000212   0x00000000   Code   RO         8403    .ARM.Collect$$rtentry$$0000000C  c_w.l(__rtentry2.o)
    0x08000212   0x08000212   0x00000008   Code   RO         8404    .ARM.Collect$$rtentry$$0000000D  c_w.l(__rtentry2.o)
    0x0800021a   0x0800021a   0x00000002   Code   RO         8425    .ARM.Collect$$rtexit$$00000000  c_w.l(rtexit.o)
    0x0800021c   0x0800021c   0x00000000   Code   RO         8473    .ARM.Collect$$rtexit$$00000002  c_w.l(rtexit2.o)
    0x0800021c   0x0800021c   0x00000004   Code   RO         8474    .ARM.Collect$$rtexit$$00000003  c_w.l(rtexit2.o)
    0x08000220   0x08000220   0x00000006   Code   RO         8475    .ARM.Collect$$rtexit$$00000004  c_w.l(rtexit2.o)
    0x08000226   0x08000226   0x00000002   PAD
    0x08000228   0x08000228   0x00000040   Code   RO         8290    .text               startup_stm32f40xx.o
    0x08000268   0x08000268   0x00000058   Code   RO         8380    .text               c_w.l(memcmp.o)
    0x080002c0   0x080002c0   0x0000003e   Code   RO         8382    .text               c_w.l(strlen.o)
    0x080002fe   0x080002fe   0x0000008a   Code   RO         8384    .text               c_w.l(rt_memcpy_v6.o)
    0x08000388   0x08000388   0x0000004e   Code   RO         8388    .text               c_w.l(rt_memclr_w.o)
    0x080003d6   0x080003d6   0x00000006   Code   RO         8390    .text               c_w.l(heapauxi.o)
    0x080003dc   0x080003dc   0x00000064   Code   RO         8395    .text               c_w.l(rt_memcpy_w.o)
    0x08000440   0x08000440   0x0000004a   Code   RO         8412    .text               c_w.l(sys_stackheap_outer.o)
    0x0800048a   0x0800048a   0x00000012   Code   RO         8414    .text               c_w.l(exit.o)
    0x0800049c   0x0800049c   0x00000008   Code   RO         8422    .text               c_w.l(libspace.o)
    0x080004a4   0x080004a4   0x0000000c   Code   RO         8483    .text               c_w.l(sys_exit.o)
    0x080004b0   0x080004b0   0x00000002   Code   RO         8494    .text               c_w.l(use_no_semi.o)
    0x080004b2   0x080004b2   0x00000000   Code   RO         8496    .text               c_w.l(indicate_semi.o)
    0x080004b2   0x080004b2   0x00000002   PAD
    0x080004b4   0x080004b4   0x00000094   Code   RO         3298    i.ADC_Cmd           stm32f4xx_adc.o
    0x08000548   0x08000548   0x000001a0   Code   RO         3299    i.ADC_CommonInit    stm32f4xx_adc.o
    0x080006e8   0x080006e8   0x000000f8   Code   RO          983    i.ADC_Config        adc_port.o
    0x080007e0   0x080007e0   0x00000094   Code   RO         3302    i.ADC_DMACmd        stm32f4xx_adc.o
    0x08000874   0x08000874   0x00000094   Code   RO         3303    i.ADC_DMARequestAfterLastTransferCmd  stm32f4xx_adc.o
    0x08000908   0x08000908   0x000001e4   Code   RO         3318    i.ADC_Init          stm32f4xx_adc.o
    0x08000aec   0x08000aec   0x000001e0   Code   RO         3323    i.ADC_RegularChannelConfig  stm32f4xx_adc.o
    0x08000ccc   0x08000ccc   0x00000074   Code   RO         3325    i.ADC_SoftwareStartConv  stm32f4xx_adc.o
    0x08000d40   0x08000d40   0x00000034   Code   RO          331    i.AT24CXX_Check     at24cxx.o
    0x08000d74   0x08000d74   0x00000008   Code   RO          332    i.AT24CXX_Init      at24cxx.o
    0x08000d7c   0x08000d7c   0x0000002e   Code   RO          333    i.AT24CXX_Read      at24cxx.o
    0x08000daa   0x08000daa   0x00000054   Code   RO          335    i.AT24CXX_ReadOneByte  at24cxx.o
    0x08000dfe   0x08000dfe   0x0000004c   Code   RO          338    i.AT24CXX_WriteOneByte  at24cxx.o
    0x08000e4a   0x08000e4a   0x00000004   Code   RO          258    i.BusFault_Handler  stm32f4xx_it.o
    0x08000e4e   0x08000e4e   0x00000002   PAD
    0x08000e50   0x08000e50   0x000000fc   Code   RO         4319    i.DMA_Cmd           stm32f4xx_dma.o
    0x08000f4c   0x08000f4c   0x000002dc   Code   RO         4331    i.DMA_Init          stm32f4xx_dma.o
    0x08001228   0x08001228   0x00000002   Code   RO          259    i.DebugMon_Handler  stm32f4xx_it.o
    0x0800122a   0x0800122a   0x00000002   PAD
    0x0800122c   0x0800122c   0x00000024   Code   RO            4    i.Delay             main.o
    0x08001250   0x08001250   0x0000007c   Code   RO          665    i.ETH_BSP_Config    stm32f4x7_eth_bsp.o
    0x080012cc   0x080012cc   0x000000dc   Code   RO         2719    i.ETH_CheckFrameReceived  stm32f4x7_eth.o
    0x080013a8   0x080013a8   0x0000006c   Code   RO         2723    i.ETH_DMAReceptionCmd  stm32f4x7_eth.o
    0x08001414   0x08001414   0x00000064   Code   RO         2724    i.ETH_DMARxDescChainInit  stm32f4x7_eth.o
    0x08001478   0x08001478   0x0000006c   Code   RO         2726    i.ETH_DMATransmissionCmd  stm32f4x7_eth.o
    0x080014e4   0x080014e4   0x00000050   Code   RO         2729    i.ETH_DMATxDescChainInit  stm32f4x7_eth.o
    0x08001534   0x08001534   0x00000064   Code   RO         2730    i.ETH_DMATxDescChecksumInsertionConfig  stm32f4x7_eth.o
    0x08001598   0x08001598   0x00000016   Code   RO         2735    i.ETH_DeInit        stm32f4x7_eth.o
    0x080015ae   0x080015ae   0x00000002   PAD
    0x080015b0   0x080015b0   0x0000002c   Code   RO         2737    i.ETH_FlushTransmitFIFO  stm32f4x7_eth.o
    0x080015dc   0x080015dc   0x00000164   Code   RO          666    i.ETH_GPIO_Config   stm32f4x7_eth_bsp.o
    0x08001740   0x08001740   0x00000018   Code   RO         2763    i.ETH_GetSoftwareResetStatus  stm32f4x7_eth.o
    0x08001758   0x08001758   0x00000048   Code   RO         2765    i.ETH_Get_Received_Frame  stm32f4x7_eth.o
    0x080017a0   0x080017a0   0x00000960   Code   RO         2768    i.ETH_Init          stm32f4x7_eth.o
    0x08002100   0x08002100   0x00000084   Code   RO         2770    i.ETH_MACAddressConfig  stm32f4x7_eth.o
    0x08002184   0x08002184   0x000000a0   Code   RO          667    i.ETH_MACDMA_Config  stm32f4x7_eth_bsp.o
    0x08002224   0x08002224   0x00000084   Code   RO         2775    i.ETH_MACReceptionCmd  stm32f4x7_eth.o
    0x080022a8   0x080022a8   0x00000084   Code   RO         2776    i.ETH_MACTransmissionCmd  stm32f4x7_eth.o
    0x0800232c   0x0800232c   0x000000cc   Code   RO         2787    i.ETH_Prepare_Transmit_Descriptors  stm32f4x7_eth.o
    0x080023f8   0x080023f8   0x000000cc   Code   RO         2788    i.ETH_ReadPHYRegister  stm32f4x7_eth.o
    0x080024c4   0x080024c4   0x00000014   Code   RO         2796    i.ETH_SoftwareReset  stm32f4x7_eth.o
    0x080024d8   0x080024d8   0x00000020   Code   RO         2797    i.ETH_Start         stm32f4x7_eth.o
    0x080024f8   0x080024f8   0x00000020   Code   RO         2798    i.ETH_Stop          stm32f4x7_eth.o
    0x08002518   0x08002518   0x000000b2   Code   RO         2799    i.ETH_StructInit    stm32f4x7_eth.o
    0x080025ca   0x080025ca   0x00000002   PAD
    0x080025cc   0x080025cc   0x000000cc   Code   RO         2801    i.ETH_WritePHYRegister  stm32f4x7_eth.o
    0x08002698   0x08002698   0x00000100   Code   RO          668    i.ETH_link_callback  stm32f4x7_eth_bsp.o
    0x08002798   0x08002798   0x0000001c   Code   RO          260    i.EXTI15_10_IRQHandler  stm32f4xx_it.o
    0x080027b4   0x080027b4   0x00000060   Code   RO         4606    i.EXTI_ClearITPendingBit  stm32f4xx_exti.o
    0x08002814   0x08002814   0x000000e4   Code   RO         4610    i.EXTI_GetITStatus  stm32f4xx_exti.o
    0x080028f8   0x080028f8   0x0000012c   Code   RO         4611    i.EXTI_Init         stm32f4xx_exti.o
    0x08002a24   0x08002a24   0x00000070   Code   RO          669    i.Eth_Link_EXTIConfig  stm32f4x7_eth_bsp.o
    0x08002a94   0x08002a94   0x00000040   Code   RO          670    i.Eth_Link_ITHandler  stm32f4x7_eth_bsp.o
    0x08002ad4   0x08002ad4   0x00000046   Code   RO          671    i.Eth_Link_PHYITConfig  stm32f4x7_eth_bsp.o
    0x08002b1a   0x08002b1a   0x00000040   Code   RO          900    i.GPIO_AF_Set       sys_conf.o
    0x08002b5a   0x08002b5a   0x00000002   PAD
    0x08002b5c   0x08002b5c   0x0000004c   Code   RO         1013    i.GPIO_In_Config    gpio_port.o
    0x08002ba8   0x08002ba8   0x000001c8   Code   RO         5119    i.GPIO_Init         stm32f4xx_gpio.o
    0x08002d70   0x08002d70   0x00000094   Code   RO         1014    i.GPIO_Out_Config   gpio_port.o
    0x08002e04   0x08002e04   0x000001c8   Code   RO         5120    i.GPIO_PinAFConfig  stm32f4xx_gpio.o
    0x08002fcc   0x08002fcc   0x000000de   Code   RO          901    i.GPIO_Set          sys_conf.o
    0x080030aa   0x080030aa   0x00000004   Code   RO          261    i.HardFault_Handler  stm32f4xx_it.o
    0x080030ae   0x080030ae   0x00000002   PAD
    0x080030b0   0x080030b0   0x00000050   Code   RO          826    i.IIC_Ack           iic_gpio.o
    0x08003100   0x08003100   0x00000044   Code   RO          827    i.IIC_Init          iic_gpio.o
    0x08003144   0x08003144   0x00000050   Code   RO          828    i.IIC_NAck          iic_gpio.o
    0x08003194   0x08003194   0x0000006c   Code   RO          829    i.IIC_Read_Byte     iic_gpio.o
    0x08003200   0x08003200   0x00000068   Code   RO          830    i.IIC_Send_Byte     iic_gpio.o
    0x08003268   0x08003268   0x0000004c   Code   RO          831    i.IIC_Start         iic_gpio.o
    0x080032b4   0x080032b4   0x0000004c   Code   RO          832    i.IIC_Stop          iic_gpio.o
    0x08003300   0x08003300   0x00000060   Code   RO          833    i.IIC_Wait_Ack      iic_gpio.o
    0x08003360   0x08003360   0x0000008c   Code   RO          590    i.LwIP_Init         netconf.o
    0x080033ec   0x080033ec   0x0000003c   Code   RO          591    i.LwIP_Periodic_Handle  netconf.o
    0x08003428   0x08003428   0x00000010   Code   RO          592    i.LwIP_Pkt_Handle   netconf.o
    0x08003438   0x08003438   0x00000078   Code   RO          902    i.MY_NVIC_Init      sys_conf.o
    0x080034b0   0x080034b0   0x00000028   Code   RO          903    i.MY_NVIC_PriorityGroupConfig  sys_conf.o
    0x080034d8   0x080034d8   0x00000004   Code   RO          262    i.MemManage_Handler  stm32f4xx_it.o
    0x080034dc   0x080034dc   0x00000002   Code   RO          263    i.NMI_Handler       stm32f4xx_it.o
    0x080034de   0x080034de   0x00000002   PAD
    0x080034e0   0x080034e0   0x000000e0   Code   RO         3244    i.NVIC_Init         misc.o
    0x080035c0   0x080035c0   0x00000070   Code   RO         3245    i.NVIC_PriorityGroupConfig  misc.o
    0x08003630   0x08003630   0x00000028   Code   RO          672    i.NVIC_SetPriority  stm32f4x7_eth_bsp.o
    0x08003658   0x08003658   0x0000008c   Code   RO         6045    i.RCC_AHB1PeriphClockCmd  stm32f4xx_rcc.o
    0x080036e4   0x080036e4   0x0000008c   Code   RO         6047    i.RCC_AHB1PeriphResetCmd  stm32f4xx_rcc.o
    0x08003770   0x08003770   0x0000008c   Code   RO         6057    i.RCC_APB2PeriphClockCmd  stm32f4xx_rcc.o
    0x080037fc   0x080037fc   0x000000e8   Code   RO         6066    i.RCC_GetClocksFreq  stm32f4xx_rcc.o
    0x080038e4   0x080038e4   0x000000a4   Code   RO         6079    i.RCC_MCO1Config    stm32f4xx_rcc.o
    0x08003988   0x08003988   0x0000005c   Code   RO         7367    i.SYSCFG_ETH_MediaInterfaceConfig  stm32f4xx_syscfg.o
    0x080039e4   0x080039e4   0x000000fc   Code   RO         7368    i.SYSCFG_EXTILineConfig  stm32f4xx_syscfg.o
    0x08003ae0   0x08003ae0   0x00000108   Code   RO         8249    i.SetSysClock       system_stm32f4xx.o
    0x08003be8   0x08003be8   0x00000070   Code   RO         3248    i.SysTick_CLKSourceConfig  misc.o
    0x08003c58   0x08003c58   0x00000008   Code   RO          264    i.SysTick_Handler   stm32f4xx_it.o
    0x08003c60   0x08003c60   0x00000068   Code   RO         8251    i.SystemInit        system_stm32f4xx.o
    0x08003cc8   0x08003cc8   0x00000010   Code   RO            5    i.Time_Update       main.o
    0x08003cd8   0x08003cd8   0x00000080   Code   RO          403    i.USART1_IRQHandler  usart.o
    0x08003d58   0x08003d58   0x00000004   Code   RO          265    i.UsageFault_Handler  stm32f4xx_it.o
    0x08003d5c   0x08003d5c   0x00000004   Code   RO            6    i.assert_failed     main.o
    0x08003d60   0x08003d60   0x0000001c   Code   RO         1046    i.delay_ms          delay.o
    0x08003d7c   0x08003d7c   0x00000016   Code   RO         1047    i.delay_us          delay.o
    0x08003d92   0x08003d92   0x0000002e   Code   RO         1163    i.dhcp_arp_reply    dhcp.o
    0x08003dc0   0x08003dc0   0x00000148   Code   RO         1168    i.dhcp_create_msg   dhcp.o
    0x08003f08   0x08003f08   0x00000084   Code   RO         1169    i.dhcp_decline      dhcp.o
    0x08003f8c   0x08003f8c   0x00000028   Code   RO         1170    i.dhcp_delete_msg   dhcp.o
    0x08003fb4   0x08003fb4   0x000000c4   Code   RO         1171    i.dhcp_discover     dhcp.o
    0x08004078   0x08004078   0x00000050   Code   RO         1177    i.dhcp_network_changed  dhcp.o
    0x080040c8   0x080040c8   0x00000020   Code   RO         1178    i.dhcp_option       dhcp.o
    0x080040e8   0x080040e8   0x00000012   Code   RO         1179    i.dhcp_option_byte  dhcp.o
    0x080040fa   0x080040fa   0x00000042   Code   RO         1180    i.dhcp_option_long  dhcp.o
    0x0800413c   0x0800413c   0x00000022   Code   RO         1181    i.dhcp_option_short  dhcp.o
    0x0800415e   0x0800415e   0x00000046   Code   RO         1182    i.dhcp_option_trailer  dhcp.o
    0x080041a4   0x080041a4   0x000000a8   Code   RO         1185    i.dhcp_reboot       dhcp.o
    0x0800424c   0x0800424c   0x00000010   Code   RO         1190    i.dhcp_set_state    dhcp.o
    0x0800425c   0x0800425c   0x0000010c   Code   RO         2575    i.etharp_arp_input  etharp.o
    0x08004368   0x08004368   0x00000038   Code   RO         2576    i.etharp_cleanup_netif  etharp.o
    0x080043a0   0x080043a0   0x00000160   Code   RO         2578    i.etharp_find_entry  etharp.o
    0x08004500   0x08004500   0x00000040   Code   RO         2579    i.etharp_free_entry  etharp.o
    0x08004540   0x08004540   0x00000148   Code   RO         2580    i.etharp_output     etharp.o
    0x08004688   0x08004688   0x0000006c   Code   RO         2581    i.etharp_output_to_arp_index  etharp.o
    0x080046f4   0x080046f4   0x0000015c   Code   RO         2582    i.etharp_query      etharp.o
    0x08004850   0x08004850   0x000000b2   Code   RO         2583    i.etharp_raw        etharp.o
    0x08004902   0x08004902   0x00000002   PAD
    0x08004904   0x08004904   0x0000002c   Code   RO         2584    i.etharp_request    etharp.o
    0x08004930   0x08004930   0x00000038   Code   RO         2585    i.etharp_send_ip    etharp.o
    0x08004968   0x08004968   0x0000008c   Code   RO         2586    i.etharp_tmr        etharp.o
    0x080049f4   0x080049f4   0x000000b8   Code   RO         2587    i.etharp_update_arp_entry  etharp.o
    0x08004aac   0x08004aac   0x000000b8   Code   RO         2588    i.ethernet_input    etharp.o
    0x08004b64   0x08004b64   0x00000030   Code   RO         2669    i.ethernetif_init   ethernetif.o
    0x08004b94   0x08004b94   0x0000002a   Code   RO         2670    i.ethernetif_input  ethernetif.o
    0x08004bbe   0x08004bbe   0x00000012   Code   RO         2331    i.icmp_dest_unreach  icmp.o
    0x08004bd0   0x08004bd0   0x0000015c   Code   RO         2332    i.icmp_input        icmp.o
    0x08004d2c   0x08004d2c   0x00000070   Code   RO         2333    i.icmp_send_response  icmp.o
    0x08004d9c   0x08004d9c   0x00000012   Code   RO         2334    i.icmp_time_exceeded  icmp.o
    0x08004dae   0x08004dae   0x00000014   Code   RO         2379    i.inet_chksum       inet_chksum.o
    0x08004dc2   0x08004dc2   0x00000056   Code   RO         2380    i.inet_chksum_pbuf  inet_chksum.o
    0x08004e18   0x08004e18   0x0000004e   Code   RO         2456    i.ip4_addr_isbroadcast  ip_addr.o
    0x08004e66   0x08004e66   0x00000002   PAD
    0x08004e68   0x08004e68   0x000001ac   Code   RO         2509    i.ip_frag           ip_frag.o
    0x08005014   0x08005014   0x0000000a   Code   RO         2510    i.ip_frag_alloc_pbuf_custom_ref  ip_frag.o
    0x0800501e   0x0800501e   0x00000012   Code   RO         2511    i.ip_frag_free_pbuf_custom_ref  ip_frag.o
    0x08005030   0x08005030   0x000001b8   Code   RO         2417    i.ip_input          ip.o
    0x080051e8   0x080051e8   0x00000038   Code   RO         2418    i.ip_output         ip.o
    0x08005220   0x08005220   0x000000c4   Code   RO         2419    i.ip_output_if      ip.o
    0x080052e4   0x080052e4   0x0000018c   Code   RO         2512    i.ip_reass          ip_frag.o
    0x08005470   0x08005470   0x00000164   Code   RO         2513    i.ip_reass_chain_frag_into_datagram_and_validate  ip_frag.o
    0x080055d4   0x080055d4   0x0000002c   Code   RO         2514    i.ip_reass_dequeue_datagram  ip_frag.o
    0x08005600   0x08005600   0x00000054   Code   RO         2515    i.ip_reass_enqueue_new_datagram  ip_frag.o
    0x08005654   0x08005654   0x000000a0   Code   RO         2516    i.ip_reass_free_complete_datagram  ip_frag.o
    0x080056f4   0x080056f4   0x0000007c   Code   RO         2517    i.ip_reass_remove_oldest_datagram  ip_frag.o
    0x08005770   0x08005770   0x00000054   Code   RO         2420    i.ip_route          ip.o
    0x080057c4   0x080057c4   0x00000020   Code   RO         2519    i.ipfrag_free_pbuf_custom  ip_frag.o
    0x080057e4   0x080057e4   0x00000080   Code   RO         2671    i.low_level_init    ethernetif.o
    0x08005864   0x08005864   0x000000e0   Code   RO         2672    i.low_level_input   ethernetif.o
    0x08005944   0x08005944   0x000000e0   Code   RO         2673    i.low_level_output  ethernetif.o
    0x08005a24   0x08005a24   0x0000001a   Code   RO         1130    i.lwip_htonl        def.o
    0x08005a3e   0x08005a3e   0x0000000c   Code   RO         1131    i.lwip_htons        def.o
    0x08005a4a   0x08005a4a   0x0000000c   Code   RO         1132    i.lwip_ntohl        def.o
    0x08005a56   0x08005a56   0x0000000c   Code   RO         1133    i.lwip_ntohs        def.o
    0x08005a62   0x08005a62   0x0000005e   Code   RO         2383    i.lwip_standard_chksum  inet_chksum.o
    0x08005ac0   0x08005ac0   0x00000090   Code   RO            7    i.main              main.o
    0x08005b50   0x08005b50   0x00000050   Code   RO         1468    i.mem_free          mem.o
    0x08005ba0   0x08005ba0   0x0000005c   Code   RO         1469    i.mem_init          mem.o
    0x08005bfc   0x08005bfc   0x000000ec   Code   RO         1470    i.mem_malloc        mem.o
    0x08005ce8   0x08005ce8   0x0000012c   Code   RO         1471    i.mem_trim          mem.o
    0x08005e14   0x08005e14   0x00000020   Code   RO         1512    i.memp_free         memp.o
    0x08005e34   0x08005e34   0x00000064   Code   RO         1513    i.memp_init         memp.o
    0x08005e98   0x08005e98   0x0000002c   Code   RO         1514    i.memp_malloc       memp.o
    0x08005ec4   0x08005ec4   0x00000070   Code   RO         1554    i.netif_add         netif.o
    0x08005f34   0x08005f34   0x00000028   Code   RO         1558    i.netif_set_addr    netif.o
    0x08005f5c   0x08005f5c   0x0000000c   Code   RO         1559    i.netif_set_default  netif.o
    0x08005f68   0x08005f68   0x0000002a   Code   RO         1560    i.netif_set_down    netif.o
    0x08005f92   0x08005f92   0x0000000c   Code   RO         1561    i.netif_set_gw      netif.o
    0x08005f9e   0x08005f9e   0x00000002   PAD
    0x08005fa0   0x08005fa0   0x00000078   Code   RO         1562    i.netif_set_ipaddr  netif.o
    0x08006018   0x08006018   0x00000006   Code   RO         1563    i.netif_set_link_callback  netif.o
    0x0800601e   0x0800601e   0x0000002a   Code   RO         1564    i.netif_set_link_down  netif.o
    0x08006048   0x08006048   0x00000050   Code   RO         1565    i.netif_set_link_up  netif.o
    0x08006098   0x08006098   0x0000000c   Code   RO         1566    i.netif_set_netmask  netif.o
    0x080060a4   0x080060a4   0x00000036   Code   RO         1567    i.netif_set_up      netif.o
    0x080060da   0x080060da   0x00000192   Code   RO         1654    i.pbuf_alloc        pbuf.o
    0x0800626c   0x0800626c   0x0000006c   Code   RO         1655    i.pbuf_alloced_custom  pbuf.o
    0x080062d8   0x080062d8   0x00000038   Code   RO         1656    i.pbuf_cat          pbuf.o
    0x08006310   0x08006310   0x00000016   Code   RO         1657    i.pbuf_chain        pbuf.o
    0x08006326   0x08006326   0x00000012   Code   RO         1658    i.pbuf_clen         pbuf.o
    0x08006338   0x08006338   0x000000c0   Code   RO         1660    i.pbuf_copy         pbuf.o
    0x080063f8   0x080063f8   0x00000092   Code   RO         1661    i.pbuf_copy_partial  pbuf.o
    0x0800648a   0x0800648a   0x00000086   Code   RO         1663    i.pbuf_free         pbuf.o
    0x08006510   0x08006510   0x0000007e   Code   RO         1665    i.pbuf_header       pbuf.o
    0x0800658e   0x0800658e   0x00000078   Code   RO         1668    i.pbuf_realloc      pbuf.o
    0x08006606   0x08006606   0x0000000a   Code   RO         1669    i.pbuf_ref          pbuf.o
    0x08006610   0x08006610   0x00000074   Code   RO         1671    i.pbuf_take         pbuf.o
    0x08006684   0x08006684   0x00000088   Code   RO         1472    i.plug_holes        mem.o
    0x0800670c   0x0800670c   0x00000074   Code   RO         1773    i.raw_input         raw.o
    0x08006780   0x08006780   0x00000094   Code   RO         1839    i.tcp_abandon       tcp.o
    0x08006814   0x08006814   0x0000000e   Code   RO         1840    i.tcp_abort         tcp.o
    0x08006822   0x08006822   0x00000002   PAD
    0x08006824   0x08006824   0x000000bc   Code   RO         1843    i.tcp_alloc         tcp.o
    0x080068e0   0x080068e0   0x00000004   Code   RO         1844    i.tcp_arg           tcp.o
    0x080068e4   0x080068e4   0x0000001c   Code   RO         1846    i.tcp_close         tcp.o
    0x08006900   0x08006900   0x000001c8   Code   RO         1847    i.tcp_close_shutdown  tcp.o
    0x08006ac8   0x08006ac8   0x00000154   Code   RO         1848    i.tcp_connect       tcp.o
    0x08006c1c   0x08006c1c   0x000000ac   Code   RO         2122    i.tcp_create_segment  tcp_out.o
    0x08006cc8   0x08006cc8   0x00000040   Code   RO          745    i.tcp_echoclient_connect  tcp_echoclient.o
    0x08006d08   0x08006d08   0x000000a8   Code   RO          746    i.tcp_echoclient_connected  tcp_echoclient.o
    0x08006db0   0x08006db0   0x00000030   Code   RO          747    i.tcp_echoclient_connection_close  tcp_echoclient.o
    0x08006de0   0x08006de0   0x00000050   Code   RO          748    i.tcp_echoclient_poll  tcp_echoclient.o
    0x08006e30   0x08006e30   0x000000d8   Code   RO          749    i.tcp_echoclient_recv  tcp_echoclient.o
    0x08006f08   0x08006f08   0x00000050   Code   RO          750    i.tcp_echoclient_send  tcp_echoclient.o
    0x08006f58   0x08006f58   0x0000001e   Code   RO          751    i.tcp_echoclient_sent  tcp_echoclient.o
    0x08006f76   0x08006f76   0x0000002e   Code   RO         1850    i.tcp_eff_send_mss  tcp.o
    0x08006fa4   0x08006fa4   0x00000110   Code   RO         2123    i.tcp_enqueue_flags  tcp_out.o
    0x080070b4   0x080070b4   0x0000007c   Code   RO         1852    i.tcp_fasttmr       tcp.o
    0x08007130   0x08007130   0x0000047c   Code   RO         2071    i.tcp_input         tcp_in.o
    0x080075ac   0x080075ac   0x00000044   Code   RO         2124    i.tcp_keepalive     tcp_out.o
    0x080075f0   0x080075f0   0x00000054   Code   RO         1854    i.tcp_kill_prio     tcp.o
    0x08007644   0x08007644   0x0000003c   Code   RO         1855    i.tcp_kill_timewait  tcp.o
    0x08007680   0x08007680   0x00000130   Code   RO         2072    i.tcp_listen_input  tcp_in.o
    0x080077b0   0x080077b0   0x0000000a   Code   RO         1857    i.tcp_new           tcp.o
    0x080077ba   0x080077ba   0x00000002   PAD
    0x080077bc   0x080077bc   0x00000068   Code   RO         1858    i.tcp_new_port      tcp.o
    0x08007824   0x08007824   0x0000001c   Code   RO         1859    i.tcp_next_iss      tcp.o
    0x08007840   0x08007840   0x000001c0   Code   RO         2125    i.tcp_output        tcp_out.o
    0x08007a00   0x08007a00   0x00000078   Code   RO         2126    i.tcp_output_alloc_header  tcp_out.o
    0x08007a78   0x08007a78   0x000000d0   Code   RO         2127    i.tcp_output_segment  tcp_out.o
    0x08007b48   0x08007b48   0x000000b8   Code   RO         2073    i.tcp_parseopt      tcp_in.o
    0x08007c00   0x08007c00   0x00000078   Code   RO         2128    i.tcp_pbuf_prealloc  tcp_out.o
    0x08007c78   0x08007c78   0x00000040   Code   RO         1860    i.tcp_pcb_purge     tcp.o
    0x08007cb8   0x08007cb8   0x00000090   Code   RO         1861    i.tcp_pcb_remove    tcp.o
    0x08007d48   0x08007d48   0x0000000e   Code   RO         1862    i.tcp_poll          tcp.o
    0x08007d56   0x08007d56   0x00000002   PAD
    0x08007d58   0x08007d58   0x0000058c   Code   RO         2074    i.tcp_process       tcp_in.o
    0x080082e4   0x080082e4   0x0000008c   Code   RO         1863    i.tcp_process_refused_data  tcp.o
    0x08008370   0x08008370   0x0000063c   Code   RO         2075    i.tcp_receive       tcp_in.o
    0x080089ac   0x080089ac   0x00000008   Code   RO         1864    i.tcp_recv          tcp.o
    0x080089b4   0x080089b4   0x0000002e   Code   RO         1865    i.tcp_recv_null     tcp.o
    0x080089e2   0x080089e2   0x00000046   Code   RO         1866    i.tcp_recved        tcp.o
    0x08008a28   0x08008a28   0x0000005a   Code   RO         2129    i.tcp_rexmit        tcp_out.o
    0x08008a82   0x08008a82   0x00000070   Code   RO         2130    i.tcp_rexmit_fast   tcp_out.o
    0x08008af2   0x08008af2   0x0000003a   Code   RO         2131    i.tcp_rexmit_rto    tcp_out.o
    0x08008b2c   0x08008b2c   0x0000007c   Code   RO         2132    i.tcp_rst           tcp_out.o
    0x08008ba8   0x08008ba8   0x0000001a   Code   RO         1867    i.tcp_seg_free      tcp.o
    0x08008bc2   0x08008bc2   0x00000018   Code   RO         1868    i.tcp_segs_free     tcp.o
    0x08008bda   0x08008bda   0x0000004e   Code   RO         2133    i.tcp_send_empty_ack  tcp_out.o
    0x08008c28   0x08008c28   0x0000004a   Code   RO         2134    i.tcp_send_fin      tcp_out.o
    0x08008c72   0x08008c72   0x00000008   Code   RO         1869    i.tcp_sent          tcp.o
    0x08008c7a   0x08008c7a   0x00000002   PAD
    0x08008c7c   0x08008c7c   0x00000334   Code   RO         1872    i.tcp_slowtmr       tcp.o
    0x08008fb0   0x08008fb0   0x00000002   Code   RO         2219    i.tcp_timer_needed  timers.o
    0x08008fb2   0x08008fb2   0x00000002   PAD
    0x08008fb4   0x08008fb4   0x000000ac   Code   RO         2076    i.tcp_timewait_input  tcp_in.o
    0x08009060   0x08009060   0x00000024   Code   RO         1873    i.tcp_tmr           tcp.o
    0x08009084   0x08009084   0x0000004e   Code   RO         1874    i.tcp_update_rcv_ann_wnd  tcp.o
    0x080090d2   0x080090d2   0x00000384   Code   RO         2135    i.tcp_write         tcp_out.o
    0x08009456   0x08009456   0x00000070   Code   RO         2136    i.tcp_write_checks  tcp_out.o
    0x080094c6   0x080094c6   0x000000a4   Code   RO         2137    i.tcp_zero_window_probe  tcp_out.o
    0x0800956a   0x0800956a   0x00000002   PAD
    0x0800956c   0x0800956c   0x00000100   Code   RO          404    i.uart_init         usart.o
    0x0800966c   0x0800966c   0x00000080   Code   RO         2231    i.udp_bind          udp.o
    0x080096ec   0x080096ec   0x000001d0   Code   RO         2235    i.udp_input         udp.o
    0x080098bc   0x080098bc   0x00000058   Code   RO         2237    i.udp_new_port      udp.o
    0x08009914   0x08009914   0x000000ce   Code   RO         2242    i.udp_sendto_if     udp.o
    0x080099e2   0x080099e2   0x0000000a   Code   RO         8481    x$fpl$fpinit        fz_wm.l(fpinit.o)
    0x080099ec   0x080099ec   0x00000024   Data   RO         1516    .constdata          memp.o
    0x08009a10   0x08009a10   0x00000050   Data   RO         1875    .constdata          tcp.o
    0x08009a60   0x08009a60   0x00000008   Data   RO         2463    .constdata          ip_addr.o
    0x08009a68   0x08009a68   0x0000000c   Data   RO         2590    .constdata          etharp.o
    0x08009a74   0x08009a74   0x00000075   Data   RO         1876    .conststring        tcp.o
    0x08009ae9   0x08009ae9   0x00000003   PAD
    0x08009aec   0x08009aec   0x00000020   Data   RO         8549    Region$$Table       anon$$obj.o


    Execution Region RW_IRAM1 (Exec base: 0x20000000, Load base: 0x08009b0c, Size: 0x0000b528, Max: 0x00020000, ABSOLUTE)

    Exec Addr    Load Addr    Size         Type   Attr      Idx    E Section Name        Object

    0x20000000   0x08009b0c   0x00000008   Data   RW            9    .data               main.o
    0x20000008   0x08009b14   0x00000005   Data   RW          406    .data               usart.o
    0x2000000d   0x08009b19   0x00000003   PAD
    0x20000010   0x08009b1c   0x00000004   Data   RW          566    .data               fault.o
    0x20000014   0x08009b20   0x0000000c   Data   RW          594    .data               netconf.o
    0x20000020   0x08009b2c   0x00000005   Data   RW          674    .data               stm32f4x7_eth_bsp.o
    0x20000025   0x08009b31   0x00000003   PAD
    0x20000028   0x08009b34   0x0000001c   Data   RW          753    .data               tcp_echoclient.o
    0x20000044   0x08009b50   0x00000002   Data   RW          984    .data               adc_port.o
    0x20000046   0x08009b52   0x00000002   PAD
    0x20000048   0x08009b54   0x00000004   Data   RW         1198    .data               dhcp.o
    0x2000004c   0x08009b58   0x0000000c   Data   RW         1474    .data               mem.o
    0x20000058   0x08009b64   0x00000009   Data   RW         1568    .data               netif.o
    0x20000061   0x08009b6d   0x00000003   PAD
    0x20000064   0x08009b70   0x00000004   Data   RW         1779    .data               raw.o
    0x20000068   0x08009b74   0x00000024   Data   RW         1877    .data               tcp.o
    0x2000008c   0x08009b98   0x00000020   Data   RW         2078    .data               tcp_in.o
    0x200000ac   0x08009bb8   0x00000008   Data   RW         2243    .data               udp.o
    0x200000b4   0x08009bc0   0x00000012   Data   RW         2421    .data               ip.o
    0x200000c6   0x08009bd2   0x00000002   PAD
    0x200000c8   0x08009bd4   0x00000006   Data   RW         2520    .data               ip_frag.o
    0x200000ce   0x08009bda   0x00000001   Data   RW         2591    .data               etharp.o
    0x200000cf   0x08009bdb   0x00000001   PAD
    0x200000d0   0x08009bdc   0x00000010   Data   RW         2803    .data               stm32f4x7_eth.o
    0x200000e0   0x08009bec   0x00000010   Data   RW         6098    .data               stm32f4xx_rcc.o
    0x200000f0        -       0x0000000c   Zero   RW            8    .bss                main.o
    0x200000fc        -       0x0000000a   Zero   RW          405    .bss                usart.o
    0x20000106   0x08009bfc   0x00000002   PAD
    0x20000108        -       0x00000038   Zero   RW          593    .bss                netconf.o
    0x20000140        -       0x000000bc   Zero   RW          673    .bss                stm32f4x7_eth_bsp.o
    0x200001fc        -       0x000005e8   Zero   RW          752    .bss                tcp_echoclient.o
    0x200007e4        -       0x00002814   Zero   RW         1473    .bss                mem.o
    0x20002ff8        -       0x00004d47   Zero   RW         1515    .bss                memp.o
    0x20007d3f   0x08009bfc   0x00000001   PAD
    0x20007d40        -       0x00000010   Zero   RW         2077    .bss                tcp_in.o
    0x20007d50        -       0x000000c8   Zero   RW         2589    .bss                etharp.o
    0x20007e18        -       0x000030ac   Zero   RW         2802    .bss                stm32f4x7_eth.o
    0x2000aec4        -       0x00000060   Zero   RW         8423    .bss                c_w.l(libspace.o)
    0x2000af24   0x08009bfc   0x00000004   PAD
    0x2000af28        -       0x00000200   Zero   RW         8288    HEAP                startup_stm32f40xx.o
    0x2000b128        -       0x00000400   Zero   RW         8287    STACK               startup_stm32f40xx.o


==============================================================================

Image component sizes


      Code (inc. data)   RO Data    RW Data    ZI Data      Debug   Object Name

       248         16          0          2          0       1372   adc_port.o
       266          0          0          0          0       3363   at24cxx.o
        62          0          0          0          0       2244   def.o
        50          4          0          0          0       1002   delay.o
      1226         26          0          4          0      22510   dhcp.o
      2310         66         12          1        200      14168   etharp.o
       666         46          0          0          0       5054   ethernetif.o
         0          0          0          4          0        205   fault.o
       224         24          0          0          0       1123   gpio_port.o
       496          8          0          0          0       3826   icmp.o
       688        108          0          0          0       4362   iic_gpio.o
         0          0          0          0          0       3836   inet.o
       200          0          0          0          0       2757   inet_chksum.o
         0          0          0          0          0      14760   init.o
       776         32          0         18          0       7653   ip.o
        78          0          8          0          0       7270   ip_addr.o
      1652         36          0          6          0      10037   ip_frag.o
       200         32          0          8         12     340200   main.o
       844         68          0         12      10260       5149   mem.o
       176         26         36          0      19783       3954   memp.o
       448        168          0          0          0       2465   misc.o
       216         44          0         12         56       8508   netconf.o
       532         24          0          9          0       9718   netif.o
      1450          0          0          0          0      10783   pbuf.o
       116         14          0          4          0       1584   raw.o
        64         26        392          0       1536        928   startup_stm32f40xx.o
      4548        648          0         16      12460      17049   stm32f4x7_eth.o
      1182         90          0          5        188      33986   stm32f4x7_eth_bsp.o
      1940        516          0          0          0       6771   stm32f4xx_adc.o
       984        144          0          0          0       2973   stm32f4xx_dma.o
       624        194          0          0          0       2584   stm32f4xx_exti.o
       912        208          0          0          0       2287   stm32f4xx_gpio.o
        56          0          0          0          0       3710   stm32f4xx_it.o
       816        294          0         16          0       5880   stm32f4xx_rcc.o
       344        130          0          0          0       1506   stm32f4xx_syscfg.o
       446         12          0          0          0       2970   sys_conf.o
       368         36          0          0          0       1525   system_stm32f4xx.o
      3112        168        197         36          0      29245   tcp.o
       686         46          0         28       1512      10711   tcp_echoclient.o
      4824        288          0         32         16      16835   tcp_in.o
      3120         10          0          0          0      15583   tcp_out.o
         2          0          0          0          0        495   timers.o
       886         28          0          8          0      13433   udp.o
       384         28          0          5         10     292984   usart.o

    ----------------------------------------------------------------------
     38254       3608        680        240      46036     949358   Object Totals
         0          0         32          0          0          0   (incl. Generated)
        32          0          3         14          3          0   (incl. Padding)

    ----------------------------------------------------------------------

      Code (inc. data)   RO Data    RW Data    ZI Data      Debug   Library Member Name

         8          0          0          0          0         68   __main.o
         0          0          0          0          0          0   __rtentry.o
        12          0          0          0          0          0   __rtentry2.o
         6          0          0          0          0          0   __rtentry4.o
        52          8          0          0          0          0   __scatter.o
        26          0          0          0          0          0   __scatter_copy.o
        28          0          0          0          0          0   __scatter_zi.o
        18          0          0          0          0         80   exit.o
         6          0          0          0          0        152   heapauxi.o
         0          0          0          0          0          0   indicate_semi.o
         2          0          0          0          0          0   libinit.o
         6          0          0          0          0          0   libinit2.o
         2          0          0          0          0          0   libshutdown.o
         2          0          0          0          0          0   libshutdown2.o
         8          4          0          0         96         68   libspace.o
        88          0          0          0          0         76   memcmp.o
        78          0          0          0          0         80   rt_memclr_w.o
       138          0          0          0          0         68   rt_memcpy_v6.o
       100          0          0          0          0         80   rt_memcpy_w.o
         2          0          0          0          0          0   rtexit.o
        10          0          0          0          0          0   rtexit2.o
        62          0          0          0          0         76   strlen.o
        12          4          0          0          0         68   sys_exit.o
        74          0          0          0          0         80   sys_stackheap_outer.o
         2          0          0          0          0         68   use_no_semi.o
        10          0          0          0          0        116   fpinit.o

    ----------------------------------------------------------------------
       758         16          0          0        100       1080   Library Totals
         6          0          0          0          4          0   (incl. Padding)

    ----------------------------------------------------------------------

      Code (inc. data)   RO Data    RW Data    ZI Data      Debug   Library Name

       742         16          0          0         96        964   c_w.l
        10          0          0          0          0        116   fz_wm.l

    ----------------------------------------------------------------------
       758         16          0          0        100       1080   Library Totals

    ----------------------------------------------------------------------

==============================================================================


      Code (inc. data)   RO Data    RW Data    ZI Data      Debug   

     39012       3624        680        240      46136     926122   Grand Totals
     39012       3624        680        240      46136     926122   ELF Image Totals
     39012       3624        680        240          0          0   ROM Totals

==============================================================================

    Total RO  Size (Code + RO Data)                39692 (  38.76kB)
    Total RW  Size (RW Data + ZI Data)             46376 (  45.29kB)
    Total ROM Size (Code + RO Data + RW Data)      39932 (  39.00kB)

==============================================================================

